Archive member included because of file (symbol)

/Users/mori/LPCXpresso/workspace/Wheelchair_Sonar/mbed/TARGET_LPC1114/TOOLCHAIN_GCC_CR/libmbed.a(gpio_api.o)
                              ./Ping.o (gpio_dir)
/Users/mori/LPCXpresso/workspace/Wheelchair_Sonar/mbed/TARGET_LPC1114/TOOLCHAIN_GCC_CR/libmbed.a(pinmap.o)
                              /Users/mori/LPCXpresso/workspace/Wheelchair_Sonar/mbed/TARGET_LPC1114/TOOLCHAIN_GCC_CR/libmbed.a(gpio_api.o) (pin_function)
/Users/mori/LPCXpresso/workspace/Wheelchair_Sonar/mbed/TARGET_LPC1114/TOOLCHAIN_GCC_CR/libmbed.a(gpio_irq_api.o)
                              ./Ping.o (gpio_irq_set)
/Users/mori/LPCXpresso/workspace/Wheelchair_Sonar/mbed/TARGET_LPC1114/TOOLCHAIN_GCC_CR/libmbed.a(serial_api.o)
                              /Users/mori/LPCXpresso/workspace/Wheelchair_Sonar/mbed/TARGET_LPC1114/TOOLCHAIN_GCC_CR/retarget.o (serial_init)
/Users/mori/LPCXpresso/workspace/Wheelchair_Sonar/mbed/TARGET_LPC1114/TOOLCHAIN_GCC_CR/libmbed.a(FilePath.o)
                              /Users/mori/LPCXpresso/workspace/Wheelchair_Sonar/mbed/TARGET_LPC1114/TOOLCHAIN_GCC_CR/retarget.o (mbed::FilePath::FilePath(char const*))
/Users/mori/LPCXpresso/workspace/Wheelchair_Sonar/mbed/TARGET_LPC1114/TOOLCHAIN_GCC_CR/libmbed.a(FileSystemLike.o)
                              /Users/mori/LPCXpresso/workspace/Wheelchair_Sonar/mbed/TARGET_LPC1114/TOOLCHAIN_GCC_CR/retarget.o (mbed::FileSystemLike::opendir())
/Users/mori/LPCXpresso/workspace/Wheelchair_Sonar/mbed/TARGET_LPC1114/TOOLCHAIN_GCC_CR/libmbed.a(I2CSlave.o)
                              ./main.o (mbed::I2CSlave::I2CSlave(PinName, PinName))
/Users/mori/LPCXpresso/workspace/Wheelchair_Sonar/mbed/TARGET_LPC1114/TOOLCHAIN_GCC_CR/libmbed.a(InterruptIn.o)
                              ./Ping.o (mbed::InterruptIn::InterruptIn(PinName))
/Users/mori/LPCXpresso/workspace/Wheelchair_Sonar/mbed/TARGET_LPC1114/TOOLCHAIN_GCC_CR/libmbed.a(Serial.o)
                              ./main.o (mbed::Serial::Serial(PinName, PinName, char const*))
/Users/mori/LPCXpresso/workspace/Wheelchair_Sonar/mbed/TARGET_LPC1114/TOOLCHAIN_GCC_CR/libmbed.a(SerialBase.o)
                              /Users/mori/LPCXpresso/workspace/Wheelchair_Sonar/mbed/TARGET_LPC1114/TOOLCHAIN_GCC_CR/libmbed.a(Serial.o) (mbed::SerialBase::SerialBase(PinName, PinName))
/Users/mori/LPCXpresso/workspace/Wheelchair_Sonar/mbed/TARGET_LPC1114/TOOLCHAIN_GCC_CR/libmbed.a(Stream.o)
                              /Users/mori/LPCXpresso/workspace/Wheelchair_Sonar/mbed/TARGET_LPC1114/TOOLCHAIN_GCC_CR/libmbed.a(Serial.o) (mbed::Stream::close())
/Users/mori/LPCXpresso/workspace/Wheelchair_Sonar/mbed/TARGET_LPC1114/TOOLCHAIN_GCC_CR/libmbed.a(assert.o)
                              ./Ping.o (mbed_assert_internal)
/Users/mori/LPCXpresso/workspace/Wheelchair_Sonar/mbed/TARGET_LPC1114/TOOLCHAIN_GCC_CR/libmbed.a(Timer.o)
                              ./Ping.o (mbed::Timer::Timer())
/Users/mori/LPCXpresso/workspace/Wheelchair_Sonar/mbed/TARGET_LPC1114/TOOLCHAIN_GCC_CR/libmbed.a(error.o)
                              /Users/mori/LPCXpresso/workspace/Wheelchair_Sonar/mbed/TARGET_LPC1114/TOOLCHAIN_GCC_CR/retarget.o (error)
/Users/mori/LPCXpresso/workspace/Wheelchair_Sonar/mbed/TARGET_LPC1114/TOOLCHAIN_GCC_CR/libmbed.a(gpio.o)
                              ./Ping.o (gpio_init_in)
/Users/mori/LPCXpresso/workspace/Wheelchair_Sonar/mbed/TARGET_LPC1114/TOOLCHAIN_GCC_CR/libmbed.a(pinmap_common.o)
                              /Users/mori/LPCXpresso/workspace/Wheelchair_Sonar/mbed/TARGET_LPC1114/TOOLCHAIN_GCC_CR/libmbed.a(serial_api.o) (pinmap_pinout)
/Users/mori/LPCXpresso/workspace/Wheelchair_Sonar/mbed/TARGET_LPC1114/TOOLCHAIN_GCC_CR/libmbed.a(ticker_api.o)
                              /Users/mori/LPCXpresso/workspace/Wheelchair_Sonar/mbed/TARGET_LPC1114/TOOLCHAIN_GCC_CR/libmbed.a(Timer.o) (ticker_read)
/Users/mori/LPCXpresso/workspace/Wheelchair_Sonar/mbed/TARGET_LPC1114/TOOLCHAIN_GCC_CR/libmbed.a(us_ticker_api.o)
                              /Users/mori/LPCXpresso/workspace/Wheelchair_Sonar/mbed/TARGET_LPC1114/TOOLCHAIN_GCC_CR/libmbed.a(Timer.o) (get_us_ticker_data)
/Users/mori/LPCXpresso/workspace/Wheelchair_Sonar/mbed/TARGET_LPC1114/TOOLCHAIN_GCC_CR/libmbed.a(wait_api.o)
                              ./Ping.o (wait_us)
/Users/mori/LPCXpresso/workspace/Wheelchair_Sonar/mbed/TARGET_LPC1114/TOOLCHAIN_GCC_CR/libmbed.a(i2c_api.o)
                              /Users/mori/LPCXpresso/workspace/Wheelchair_Sonar/mbed/TARGET_LPC1114/TOOLCHAIN_GCC_CR/libmbed.a(I2CSlave.o) (i2c_init)
/Users/mori/LPCXpresso/workspace/Wheelchair_Sonar/mbed/TARGET_LPC1114/TOOLCHAIN_GCC_CR/libmbed.a(us_ticker.o)
                              /Users/mori/LPCXpresso/workspace/Wheelchair_Sonar/mbed/TARGET_LPC1114/TOOLCHAIN_GCC_CR/libmbed.a(us_ticker_api.o) (us_ticker_init)
/Users/mori/LPCXpresso/workspace/Wheelchair_Sonar/mbed/TARGET_LPC1114/TOOLCHAIN_GCC_CR/libmbed.a(FileBase.o)
                              /Users/mori/LPCXpresso/workspace/Wheelchair_Sonar/mbed/TARGET_LPC1114/TOOLCHAIN_GCC_CR/libmbed.a(FileSystemLike.o) (mbed::FileBase::~FileBase())
/Users/mori/LPCXpresso/workspace/Wheelchair_Sonar/mbed/TARGET_LPC1114/TOOLCHAIN_GCC_CR/libmbed.a(FileLike.o)
                              /Users/mori/LPCXpresso/workspace/Wheelchair_Sonar/mbed/TARGET_LPC1114/TOOLCHAIN_GCC_CR/libmbed.a(Stream.o) (mbed::FileLike::~FileLike())
/Applications/lpcxpresso_7.9.0_455/lpcxpresso/tools/bin/../lib/gcc/arm-none-eabi/4.9.3/armv6-m/libgcc.a(_udivsi3.o)
                              /Users/mori/LPCXpresso/workspace/Wheelchair_Sonar/mbed/TARGET_LPC1114/TOOLCHAIN_GCC_CR/system_LPC11xx.o (__aeabi_uidiv)
/Applications/lpcxpresso_7.9.0_455/lpcxpresso/tools/bin/../lib/gcc/arm-none-eabi/4.9.3/armv6-m/libgcc.a(_divsi3.o)
                              ./Ping.o (__aeabi_idiv)
/Applications/lpcxpresso_7.9.0_455/lpcxpresso/tools/bin/../lib/gcc/arm-none-eabi/4.9.3/armv6-m/libgcc.a(_dvmd_tls.o)
                              /Applications/lpcxpresso_7.9.0_455/lpcxpresso/tools/bin/../lib/gcc/arm-none-eabi/4.9.3/armv6-m/libgcc.a(_udivsi3.o) (__aeabi_idiv0)
/Applications/lpcxpresso_7.9.0_455/lpcxpresso/tools/bin/../lib/gcc/arm-none-eabi/4.9.3/armv6-m/libgcc.a(divsf3.o)
                              /Users/mori/LPCXpresso/workspace/Wheelchair_Sonar/mbed/TARGET_LPC1114/TOOLCHAIN_GCC_CR/libmbed.a(Timer.o) (__aeabi_fdiv)
/Applications/lpcxpresso_7.9.0_455/lpcxpresso/tools/bin/../lib/gcc/arm-none-eabi/4.9.3/armv6-m/libgcc.a(mulsf3.o)
                              /Users/mori/LPCXpresso/workspace/Wheelchair_Sonar/mbed/TARGET_LPC1114/TOOLCHAIN_GCC_CR/libmbed.a(wait_api.o) (__aeabi_fmul)
/Applications/lpcxpresso_7.9.0_455/lpcxpresso/tools/bin/../lib/gcc/arm-none-eabi/4.9.3/armv6-m/libgcc.a(fixsfsi.o)
                              /Users/mori/LPCXpresso/workspace/Wheelchair_Sonar/mbed/TARGET_LPC1114/TOOLCHAIN_GCC_CR/libmbed.a(wait_api.o) (__aeabi_f2iz)
/Applications/lpcxpresso_7.9.0_455/lpcxpresso/tools/bin/../lib/gcc/arm-none-eabi/4.9.3/armv6-m/libgcc.a(floatsisf.o)
                              /Users/mori/LPCXpresso/workspace/Wheelchair_Sonar/mbed/TARGET_LPC1114/TOOLCHAIN_GCC_CR/libmbed.a(Timer.o) (__aeabi_i2f)
/Applications/lpcxpresso_7.9.0_455/lpcxpresso/tools/bin/../lib/gcc/arm-none-eabi/4.9.3/armv6-m/libgcc.a(_clzsi2.o)
                              /Applications/lpcxpresso_7.9.0_455/lpcxpresso/tools/bin/../lib/gcc/arm-none-eabi/4.9.3/armv6-m/libgcc.a(divsf3.o) (__clzsi2)
