Archive member included because of file (symbol)

/Users/mori/LPCXpresso/workspace/Wheelchair_motorcontrol/mbed/TARGET_LPC1768/TOOLCHAIN_GCC_CR/libmbed.a(analogin_api.o)
                              ./main.o (analogin_init)
/Users/mori/LPCXpresso/workspace/Wheelchair_motorcontrol/mbed/TARGET_LPC1768/TOOLCHAIN_GCC_CR/libmbed.a(gpio_irq_api.o)
                              ./QEI/QEI.o (gpio_irq_set)
/Users/mori/LPCXpresso/workspace/Wheelchair_motorcontrol/mbed/TARGET_LPC1768/TOOLCHAIN_GCC_CR/libmbed.a(pwmout_api.o)
                              ./motordriver.o (pwmout_write)
/Users/mori/LPCXpresso/workspace/Wheelchair_motorcontrol/mbed/TARGET_LPC1768/TOOLCHAIN_GCC_CR/libmbed.a(serial_api.o)
                              /Users/mori/LPCXpresso/workspace/Wheelchair_motorcontrol/mbed/TARGET_LPC1768/TOOLCHAIN_GCC_CR/retarget.o (serial_getc)
/Users/mori/LPCXpresso/workspace/Wheelchair_motorcontrol/mbed/TARGET_LPC1768/TOOLCHAIN_GCC_CR/libmbed.a(CAN.o)
                              ./main.o (mbed::CAN::~CAN())
/Users/mori/LPCXpresso/workspace/Wheelchair_motorcontrol/mbed/TARGET_LPC1768/TOOLCHAIN_GCC_CR/libmbed.a(FilePath.o)
                              /Users/mori/LPCXpresso/workspace/Wheelchair_motorcontrol/mbed/TARGET_LPC1768/TOOLCHAIN_GCC_CR/retarget.o (mbed::FilePath::FilePath(char const*))
/Users/mori/LPCXpresso/workspace/Wheelchair_motorcontrol/mbed/TARGET_LPC1768/TOOLCHAIN_GCC_CR/libmbed.a(FileSystemLike.o)
                              ./SDFileSystem/FATFileSystem/FATFileSystem.o (mbed::FileSystemLike::~FileSystemLike())
/Users/mori/LPCXpresso/workspace/Wheelchair_motorcontrol/mbed/TARGET_LPC1768/TOOLCHAIN_GCC_CR/libmbed.a(I2C.o)
                              ./ACM1602NI/ACM1602NI.o (mbed::I2C::I2C(PinName, PinName))
/Users/mori/LPCXpresso/workspace/Wheelchair_motorcontrol/mbed/TARGET_LPC1768/TOOLCHAIN_GCC_CR/libmbed.a(InterruptIn.o)
                              ./QEI/QEI.o (mbed::InterruptIn::InterruptIn(PinName))
/Users/mori/LPCXpresso/workspace/Wheelchair_motorcontrol/mbed/TARGET_LPC1768/TOOLCHAIN_GCC_CR/libmbed.a(SPI.o)
                              ./SDFileSystem/SDFileSystem.o (mbed::SPI::SPI(PinName, PinName, PinName, PinName))
/Users/mori/LPCXpresso/workspace/Wheelchair_motorcontrol/mbed/TARGET_LPC1768/TOOLCHAIN_GCC_CR/libmbed.a(Serial.o)
                              ./main.o (mbed::Serial::Serial(PinName, PinName, char const*))
/Users/mori/LPCXpresso/workspace/Wheelchair_motorcontrol/mbed/TARGET_LPC1768/TOOLCHAIN_GCC_CR/libmbed.a(SerialBase.o)
                              /Users/mori/LPCXpresso/workspace/Wheelchair_motorcontrol/mbed/TARGET_LPC1768/TOOLCHAIN_GCC_CR/libmbed.a(Serial.o) (mbed::SerialBase::SerialBase(PinName, PinName))
/Users/mori/LPCXpresso/workspace/Wheelchair_motorcontrol/mbed/TARGET_LPC1768/TOOLCHAIN_GCC_CR/libmbed.a(Stream.o)
                              ./ACM1602NI/ACM1602NI.o (mbed::Stream::close())
/Users/mori/LPCXpresso/workspace/Wheelchair_motorcontrol/mbed/TARGET_LPC1768/TOOLCHAIN_GCC_CR/libmbed.a(Ticker.o)
                              ./read_velocity.o (mbed::Ticker::setup(unsigned long))
/Users/mori/LPCXpresso/workspace/Wheelchair_motorcontrol/mbed/TARGET_LPC1768/TOOLCHAIN_GCC_CR/libmbed.a(TimerEvent.o)
                              /Users/mori/LPCXpresso/workspace/Wheelchair_motorcontrol/mbed/TARGET_LPC1768/TOOLCHAIN_GCC_CR/libmbed.a(Ticker.o) (mbed::TimerEvent::~TimerEvent())
/Users/mori/LPCXpresso/workspace/Wheelchair_motorcontrol/mbed/TARGET_LPC1768/TOOLCHAIN_GCC_CR/libmbed.a(assert.o)
                              ./SDFileSystem/SDFileSystem.o (mbed_assert_internal)
/Users/mori/LPCXpresso/workspace/Wheelchair_motorcontrol/mbed/TARGET_LPC1768/TOOLCHAIN_GCC_CR/libmbed.a(error.o)
                              ./mbed-rtos/rtos/Mutex.o (error)
/Users/mori/LPCXpresso/workspace/Wheelchair_motorcontrol/mbed/TARGET_LPC1768/TOOLCHAIN_GCC_CR/libmbed.a(gpio.o)
                              /Users/mori/LPCXpresso/workspace/Wheelchair_motorcontrol/mbed/TARGET_LPC1768/TOOLCHAIN_GCC_CR/libmbed.a(serial_api.o) (gpio_init_in)
/Users/mori/LPCXpresso/workspace/Wheelchair_motorcontrol/mbed/TARGET_LPC1768/TOOLCHAIN_GCC_CR/libmbed.a(mbed_interface.o)
                              /Users/mori/LPCXpresso/workspace/Wheelchair_motorcontrol/mbed/TARGET_LPC1768/TOOLCHAIN_GCC_CR/retarget.o (mbed_interface_connected)
/Users/mori/LPCXpresso/workspace/Wheelchair_motorcontrol/mbed/TARGET_LPC1768/TOOLCHAIN_GCC_CR/libmbed.a(pinmap_common.o)
                              /Users/mori/LPCXpresso/workspace/Wheelchair_motorcontrol/mbed/TARGET_LPC1768/TOOLCHAIN_GCC_CR/libmbed.a(analogin_api.o) (pinmap_pinout)
/Users/mori/LPCXpresso/workspace/Wheelchair_motorcontrol/mbed/TARGET_LPC1768/TOOLCHAIN_GCC_CR/libmbed.a(rtc_time.o)
                              ./SDFileSystem/FATFileSystem/FATFileSystem.o (time)
/Users/mori/LPCXpresso/workspace/Wheelchair_motorcontrol/mbed/TARGET_LPC1768/TOOLCHAIN_GCC_CR/libmbed.a(semihost_api.o)
[...]
Memory Configuration

Name             Origin             Length             Attributes
MFlash512        0x0000000000000000 0x0000000000080000 xr
RamLoc32         0x00000000100000c8 0x0000000000007f38 xrw
RamAHB_USB       0x000000002007c000 0x0000000000004000 xrw
RamAHB_Eth       0x0000000020080000 0x0000000000004000 xrw
*default*        0x0000000000000000 0xffffffffffffffff

Linker script and memory map

LOAD ./mbed-rtos/rtx/TARGET_CORTEX_M/TARGET_M3/TOOLCHAIN_GCC/HAL_CM3.o
LOAD ./mbed-rtos/rtx/TARGET_CORTEX_M/TARGET_M3/TOOLCHAIN_GCC/SVC_Table.o
LOAD ./mbed-rtos/rtx/TARGET_CORTEX_M/HAL_CM.o
LOAD ./mbed-rtos/rtx/TARGET_CORTEX_M/RTX_Conf_CM.o
LOAD ./mbed-rtos/rtx/TARGET_CORTEX_M/rt_CMSIS.o
LOAD ./mbed-rtos/rtx/TARGET_CORTEX_M/rt_Event.o
LOAD ./mbed-rtos/rtx/TARGET_CORTEX_M/rt_List.o
LOAD ./mbed-rtos/rtx/TARGET_CORTEX_M/rt_Mailbox.o
LOAD ./mbed-rtos/rtx/TARGET_CORTEX_M/rt_MemBox.o
LOAD ./mbed-rtos/rtx/TARGET_CORTEX_M/rt_Mutex.o
LOAD ./mbed-rtos/rtx/TARGET_CORTEX_M/rt_Robin.o
LOAD ./mbed-rtos/rtx/TARGET_CORTEX_M/rt_Semaphore.o
LOAD ./mbed-rtos/rtx/TARGET_CORTEX_M/rt_System.o
LOAD ./mbed-rtos/rtx/TARGET_CORTEX_M/rt_Task.o
LOAD ./mbed-rtos/rtx/TARGET_CORTEX_M/rt_Time.o
LOAD ./mbed-rtos/rtos/Mutex.o
LOAD ./mbed-rtos/rtos/RtosTimer.o
LOAD ./mbed-rtos/rtos/Semaphore.o
LOAD ./mbed-rtos/rtos/Thread.o
LOAD ./SDFileSystem/FATFileSystem/ChaN/ccsbcs.o
LOAD ./SDFileSystem/FATFileSystem/ChaN/diskio.o
LOAD ./SDFileSystem/FATFileSystem/ChaN/ff.o
LOAD ./SDFileSystem/FATFileSystem/FATDirHandle.o
LOAD ./SDFileSystem/FATFileSystem/FATFileHandle.o
LOAD ./SDFileSystem/FATFileSystem/FATFileSystem.o
LOAD ./SDFileSystem/SDFileSystem.o
LOAD ./QEI/QEI.o
LOAD ./ACM1602NI/ACM1602NI.o
LOAD ./CAN_thread.o
LOAD ./Current_thread.o
LOAD ./Deback_thread.o
LOAD ./I_Control.o
LOAD ./PID.o
LOAD ./V_Control.o
LOAD ./Velocity_thread.o
LOAD ./main.o
LOAD ./motordriver.o
LOAD ./read_velocity.o
LOAD /Users/mori/LPCXpresso/workspace/Wheelchair_motorcontrol/mbed/TARGET_LPC1768/TOOLCHAIN_GCC_CR/board.o
LOAD /Users/mori/LPCXpresso/workspace/Wheelchair_motorcontrol/mbed/TARGET_LPC1768/TOOLCHAIN_GCC_CR/cmsis_nvic.o
LOAD /Users/mori/LPCXpresso/workspace/Wheelchair_motorcontrol/mbed/TARGET_LPC1768/TOOLCHAIN_GCC_CR/retarget.o
LOAD /Users/mori/LPCXpresso/workspace/Wheelchair_motorcontrol/mbed/TARGET_LPC1768/TOOLCHAIN_GCC_CR/startup_LPC17xx.o
LOAD /Users/mori/LPCXpresso/workspace/Wheelchair_motorcontrol/mbed/TARGET_LPC1768/TOOLCHAIN_GCC_CR/system_LPC17xx.o
LOAD /Users/mori/LPCXpresso/workspace/Wheelchair_motorcontrol/mbed/TARGET_LPC1768/TOOLCHAIN_GCC_CR/libmbed.a
START GROUP
LOAD /Applications/lpcxpresso_7.9.0_455/lpcxpresso/tools/bin/../lib/gcc/arm-none-eabi/4.9.3/armv7-m/libgcc.a
LOAD /Applications/lpcxpresso_7.9.0_455/lpcxpresso/tools/bin/../lib/gcc/arm-none-eabi/4.9.3/../../../../arm-none-eabi/lib/armv7-m/libc.a
LOAD /Applications/lpcxpresso_7.9.0_455/lpcxpresso/tools/bin/../lib/gcc/arm-none-eabi/4.9.3/../../../../arm-none-eabi/lib/armv7-m/libstdc++.a
LOAD /Applications/lpcxpresso_7.9.0_455/lpcxpresso/tools/bin/../lib/gcc/arm-none-eabi/4.9.3/../../../../arm-none-eabi/lib/armv7-m/libm.a
LOAD /Applications/lpcxpresso_7.9.0_455/lpcxpresso/tools/bin/../lib/gcc/arm-none-eabi/4.9.3/../../../../arm-none-eabi/lib/armv7-m/libcr_newlib_nohost.a
LOAD /Applications/lpcxpresso_7.9.0_455/lpcxpresso/tools/bin/../lib/gcc/arm-none-eabi/4.9.3/armv7-m/crti.o
LOAD /Applications/lpcxpresso_7.9.0_455/lpcxpresso/tools/bin/../lib/gcc/arm-none-eabi/4.9.3/armv7-m/crtn.o
LOAD /Applications/lpcxpresso_7.9.0_455/lpcxpresso/tools/bin/../lib/gcc/arm-none-eabi/4.9.3/armv7-m/crtbegin.o
LOAD /Applications/lpcxpresso_7.9.0_455/lpcxpresso/tools/bin/../lib/gcc/arm-none-eabi/4.9.3/armv7-m/crtend.o
END GROUP
                0x0000000000080000                __top_MFlash512 = 0x80000
                0x0000000010008000                __top_RamLoc32 = 0x10008000
                0x0000000020084000                __top_RamAHB32 = 0x20084000

.text           0x0000000000000000    0x10310
 FILL mask 0xff
 *(.isr_vector)
 .isr_vector    0x0000000000000000       0xcc /Users/mori/LPCXpresso/workspace/Wheelchair_motorcontrol/mbed/TARGET_LPC1768/TOOLCHAIN_GCC_CR/startup_LPC17xx.o
                0x0000000000000000                g_pfnVectors
                0x00000000000000cc                . = ALIGN (0x4)
                0x00000000000000cc                __section_table_start = .
                0x00000000000000cc                __data_section_table = .
                0x00000000000000cc        0x4 LONG 0x10318 LOADADDR (.data)
                0x00000000000000d0        0x4 LONG 0x100000c8 ADDR (.data)
                0x00000000000000d4        0x4 LONG 0x958 SIZEOF (.data)
                0x00000000000000d8        0x4 LONG 0x10318 LOADADDR (.data_RAM2)
                0x00000000000000dc        0x4 LONG 0x2007c000 ADDR (.data_RAM2)
                0x00000000000000e0        0x4 LONG 0x0 SIZEOF (.data_RAM2)
                0x00000000000000e4                __data_section_table_end = .
                0x00000000000000e4                __bss_section_table = .
                0x00000000000000e4        0x4 LONG 0x10000a20 ADDR (.bss)
                0x00000000000000e8        0x4 LONG 0xff8 SIZEOF (.bss)
                0x00000000000000ec        0x4 LONG 0x2007c000 ADDR (.bss_RAM2)
                0x00000000000000f0        0x4 LONG 0x0 SIZEOF (.bss_RAM2)
                0x00000000000000f4                __bss_section_table_end = .
                0x00000000000000f4                __section_table_end = .
 *(.after_vectors*)
 .after_vectors
                0x00000000000000f4       0xd0 /Users/mori/LPCXpresso/workspace/Wheelchair_motorcontrol/mbed/TARGET_LPC1768/TOOLCHAIN_GCC_CR/startup_LPC17xx.o
                0x00000000000000f4                NMI_Handler
                0x00000000000000f8                HardFault_Handler
                0x00000000000000fc                MemManage_Handler
                0x0000000000000100                BusFault_Handler
                0x0000000000000104                UsageFault_Handler
                0x000000000000010c                DebugMon_Handler
                0x0000000000000118                EINT2_IRQHandler
                0x0000000000000118                UART1_IRQHandler
                0x0000000000000118                EINT3_IRQHandler
                0x0000000000000118                CANActivity_IRQHandler
                0x0000000000000118                TIMER3_IRQHandler
                0x0000000000000118                UART0_IRQHandler
                0x0000000000000118                IntDefaultHandler
                0x0000000000000118                PLL0_IRQHandler
                0x0000000000000118                CAN_IRQHandler
                0x0000000000000118                PLL1_IRQHandler
                0x0000000000000118                SSP0_IRQHandler
                0x0000000000000118                I2S_IRQHandler
                0x0000000000000118                I2C2_IRQHandler
                0x0000000000000118                RTC_IRQHandler
                0x0000000000000118                TIMER0_IRQHandler
                0x0000000000000118                SPI_IRQHandler
                0x0000000000000118                EINT1_IRQHandler
                0x0000000000000118                TIMER1_IRQHandler
                0x0000000000000118                UART2_IRQHandler
                0x0000000000000118                ADC_IRQHandler
                0x0000000000000118                SSP1_IRQHandler
                0x0000000000000118                USB_IRQHandler
                0x0000000000000118                TIMER2_IRQHandler
                0x0000000000000118                BOD_IRQHandler
                0x0000000000000118                RIT_IRQHandler
                0x0000000000000118                I2C0_IRQHandler
                0x0000000000000118                USBActivity_IRQHandler
                0x0000000000000118                PWM1_IRQHandler
                0x0000000000000118                I2C1_IRQHandler
                0x0000000000000118                UART3_IRQHandler
                0x0000000000000118                MCPWM_IRQHandler
                0x0000000000000118                ENET_IRQHandler
                0x0000000000000118                WDT_IRQHandler
                0x0000000000000118                QEI_IRQHandler
                0x0000000000000118                EINT0_IRQHandler
                0x0000000000000118                DMA_IRQHandler
                0x000000000000011c                ResetISR
                0x000000000000019c                data_init
                0x00000000000001b4                bss_init
 *(.text*)
 .text          0x00000000000001c4      0x128 ./mbed-rtos/rtx/TARGET_CORTEX_M/TARGET_M3/TOOLCHAIN_GCC/HAL_CM3.o
                0x00000000000001c4                rt_set_PSP
                0x00000000000001ca                rt_get_PSP
                0x00000000000001d0                os_set_env
                0x00000000000001e8                _alloc_box
                0x0000000000000204                _free_box
                0x0000000000000220                SVC_Handler
                0x000000000000028a                PendSV_Handler
                0x000000000000028e                Sys_Switch
                0x00000000000002c0                SysTick_Handler
                0x00000000000002c8                OS_Tick_Handler
 .text.rt_init_stack
                0x00000000000002ec       0x98 ./mbed-rtos/rtx/TARGET_CORTEX_M/HAL_CM.o
                0x00000000000002ec                rt_init_stack
 .text.rt_ret_regs
                0x0000000000000384       0x1c ./mbed-rtos/rtx/TARGET_CORTEX_M/HAL_CM.o
 .text.rt_ret_val
                0x00000000000003a0       0x20 ./mbed-rtos/rtx/TARGET_CORTEX_M/HAL_CM.o
                0x00000000000003a0                rt_ret_val
 .text.rt_ret_val2
                0x00000000000003c0       0x28 ./mbed-rtos/rtx/TARGET_CORTEX_M/HAL_CM.o
                0x00000000000003c0                rt_ret_val2
 .text.os_idle_demon
                0x00000000000003e8        0x8 ./mbed-rtos/rtx/TARGET_CORTEX_M/RTX_Conf_CM.o
                0x00000000000003e8                os_idle_demon
 .text.os_error
                0x00000000000003f0       0x14 ./mbed-rtos/rtx/TARGET_CORTEX_M/RTX_Conf_CM.o
                0x00000000000003f0                os_error
 .text.sysThreadError
                0x0000000000000404       0x18 ./mbed-rtos/rtx/TARGET_CORTEX_M/RTX_Conf_CM.o
                0x0000000000000404                sysThreadError
 .text.set_main_stack
                0x000000000000041c       0x1c ./mbed-rtos/rtx/TARGET_CORTEX_M/RTX_Conf_CM.o
                0x000000000000041c                set_main_stack
 .text.software_init_hook
                0x0000000000000438       0x38 ./mbed-rtos/rtx/TARGET_CORTEX_M/RTX_Conf_CM.o
                0x0000000000000438                software_init_hook
 .text.rt_ms2tick
                0x0000000000000470       0x68 ./mbed-rtos/rtx/TARGET_CORTEX_M/rt_CMSIS.o
 .text.rt_tid2ptcb
                0x00000000000004d8       0x40 ./mbed-rtos/rtx/TARGET_CORTEX_M/rt_CMSIS.o
 .text.rt_id2obj
                0x0000000000000518       0x24 ./mbed-rtos/rtx/TARGET_CORTEX_M/rt_CMSIS.o
 .text.svcKernelInitialize
                0x000000000000053c       0x38 ./mbed-rtos/rtx/TARGET_CORTEX_M/rt_CMSIS.o
                0x000000000000053c                svcKernelInitialize
 .text.svcKernelStart
                0x0000000000000574       0x78 ./mbed-rtos/rtx/TARGET_CORTEX_M/rt_CMSIS.o
                0x0000000000000574                svcKernelStart
 .text.osKernelInitialize
                0x00000000000005ec       0x44 ./mbed-rtos/rtx/TARGET_CORTEX_M/rt_CMSIS.o
                0x00000000000005ec                osKernelInitialize
 .text.osKernelStart
                0x0000000000000630       0xcc ./mbed-rtos/rtx/TARGET_CORTEX_M/rt_CMSIS.o
                0x0000000000000630                osKernelStart
 .text.svcThreadCreate
                0x00000000000006fc       0xc8 ./mbed-rtos/rtx/TARGET_CORTEX_M/rt_CMSIS.o
                0x00000000000006fc                svcThreadCreate
 .text.svcThreadGetId
                0x00000000000007c4       0x2c ./mbed-rtos/rtx/TARGET_CORTEX_M/rt_CMSIS.o
                0x00000000000007c4                svcThreadGetId
 .text.svcThreadTerminate
                0x00000000000007f0       0x3c ./mbed-rtos/rtx/TARGET_CORTEX_M/rt_CMSIS.o
                0x00000000000007f0                svcThreadTerminate
 .text.osThreadCreate
                0x000000000000082c       0x64 ./mbed-rtos/rtx/TARGET_CORTEX_M/rt_CMSIS.o
                0x000000000000082c                osThreadCreate
 .text.osThreadExit
                0x0000000000000890       0x20 ./mbed-rtos/rtx/TARGET_CORTEX_M/rt_CMSIS.o
                0x0000000000000890                osThreadExit
 .text.rt_timer_insert
                0x00000000000008b0       0x88 ./mbed-rtos/rtx/TARGET_CORTEX_M/rt_CMSIS.o
 .text.svcTimerCall
                0x0000000000000938       0x60 ./mbed-rtos/rtx/TARGET_CORTEX_M/rt_CMSIS.o
                0x0000000000000938                svcTimerCall
 .text.sysTimerTick
                0x0000000000000998       0x7c ./mbed-rtos/rtx/TARGET_CORTEX_M/rt_CMSIS.o
                0x0000000000000998                sysTimerTick
 .text.osTimerCall
                0x0000000000000a14       0x30 ./mbed-rtos/rtx/TARGET_CORTEX_M/rt_CMSIS.o
                0x0000000000000a14                osTimerCall
 .text.osTimerThread
                0x0000000000000a44       0x44 ./mbed-rtos/rtx/TARGET_CORTEX_M/rt_CMSIS.o
                0x0000000000000a44                osTimerThread
 .text.svcSemaphoreCreate
                0x0000000000000a88       0x6c ./mbed-rtos/rtx/TARGET_CORTEX_M/rt_CMSIS.o
                0x0000000000000a88                svcSemaphoreCreate
 .text.svcSemaphoreDelete
                0x0000000000000af4       0x38 ./mbed-rtos/rtx/TARGET_CORTEX_M/rt_CMSIS.o
                0x0000000000000af4                svcSemaphoreDelete
 .text.osSemaphoreCreate
                0x0000000000000b2c       0x64 ./mbed-rtos/rtx/TARGET_CORTEX_M/rt_CMSIS.o
                0x0000000000000b2c                osSemaphoreCreate
 .text.osSemaphoreDelete
                0x0000000000000b90       0x34 ./mbed-rtos/rtx/TARGET_CORTEX_M/rt_CMSIS.o
                0x0000000000000b90                osSemaphoreDelete
 .text.svcMessageCreate
                0x0000000000000bc4       0x64 ./mbed-rtos/rtx/TARGET_CORTEX_M/rt_CMSIS.o
                0x0000000000000bc4                svcMessageCreate
 .text.svcMessageGet
                0x0000000000000c28       0xd4 ./mbed-rtos/rtx/TARGET_CORTEX_M/rt_CMSIS.o
                0x0000000000000c28                svcMessageGet
 .text.isrMessagePut
                0x0000000000000cfc       0x4c ./mbed-rtos/rtx/TARGET_CORTEX_M/rt_CMSIS.o
 .text.isrMessageGet
                0x0000000000000d48       0x94 ./mbed-rtos/rtx/TARGET_CORTEX_M/rt_CMSIS.o
 .text.osMessageGet
                0x0000000000000ddc       0x5c ./mbed-rtos/rtx/TARGET_CORTEX_M/rt_CMSIS.o
                0x0000000000000ddc                osMessageGet
 .text.rt_evt_psh
                0x0000000000000e38       0xa4 ./mbed-rtos/rtx/TARGET_CORTEX_M/rt_Event.o
                0x0000000000000e38                rt_evt_psh
 .text.rt_inc_qi
                0x0000000000000edc       0x60 ./mbed-rtos/rtx/TARGET_CORTEX_M/rt_List.o
 .text.rt_put_prio
                0x0000000000000f3c       0x8c ./mbed-rtos/rtx/TARGET_CORTEX_M/rt_List.o
                0x0000000000000f3c                rt_put_prio
 .text.rt_get_first
                0x0000000000000fc8       0x60 ./mbed-rtos/rtx/TARGET_CORTEX_M/rt_List.o
                0x0000000000000fc8                rt_get_first
 .text.rt_put_rdy_first
                0x0000000000001028       0x2c ./mbed-rtos/rtx/TARGET_CORTEX_M/rt_List.o
                0x0000000000001028                rt_put_rdy_first
 .text.rt_resort_prio
                0x0000000000001054       0x4c ./mbed-rtos/rtx/TARGET_CORTEX_M/rt_List.o
                0x0000000000001054                rt_resort_prio
 .text.rt_put_dly
                0x00000000000010a0       0xc8 ./mbed-rtos/rtx/TARGET_CORTEX_M/rt_List.o
                0x00000000000010a0                rt_put_dly
 .text.rt_dec_dly
                0x0000000000001168       0xcc ./mbed-rtos/rtx/TARGET_CORTEX_M/rt_List.o
                0x0000000000001168                rt_dec_dly
 .text.rt_rmv_list
                0x0000000000001234       0x64 ./mbed-rtos/rtx/TARGET_CORTEX_M/rt_List.o
                0x0000000000001234                rt_rmv_list
 .text.rt_rmv_dly
                0x0000000000001298       0x5c ./mbed-rtos/rtx/TARGET_CORTEX_M/rt_List.o
                0x0000000000001298                rt_rmv_dly
 .text.rt_psq_enq
                0x00000000000012f4       0x54 ./mbed-rtos/rtx/TARGET_CORTEX_M/rt_List.o
                0x00000000000012f4                rt_psq_enq
 .text.rt_mbx_init
                0x0000000000001348       0x50 ./mbed-rtos/rtx/TARGET_CORTEX_M/rt_Mailbox.o
                0x0000000000001348                rt_mbx_init
 .text.rt_mbx_wait
                0x0000000000001398      0x118 ./mbed-rtos/rtx/TARGET_CORTEX_M/rt_Mailbox.o
                0x0000000000001398                rt_mbx_wait
 .text.rt_mbx_check
                0x00000000000014b0       0x24 ./mbed-rtos/rtx/TARGET_CORTEX_M/rt_Mailbox.o
                0x00000000000014b0                rt_mbx_check
 .text.isr_mbx_send
                0x00000000000014d4       0x24 ./mbed-rtos/rtx/TARGET_CORTEX_M/rt_Mailbox.o
                0x00000000000014d4                isr_mbx_send
 .text.isr_mbx_receive
                0x00000000000014f8       0x80 ./mbed-rtos/rtx/TARGET_CORTEX_M/rt_Mailbox.o
                0x00000000000014f8                isr_mbx_receive
 .text.rt_mbx_psh
                0x0000000000001578      0x158 ./mbed-rtos/rtx/TARGET_CORTEX_M/rt_Mailbox.o
                0x0000000000001578                rt_mbx_psh
 .text.rt_alloc_box
                0x00000000000016d0       0x44 ./mbed-rtos/rtx/TARGET_CORTEX_M/rt_MemBox.o
                0x00000000000016d0                rt_alloc_box
 .text.rt_free_box
                0x0000000000001714       0x54 ./mbed-rtos/rtx/TARGET_CORTEX_M/rt_MemBox.o
                0x0000000000001714                rt_free_box
 .text.rt_init_robin
                0x0000000000001768       0x24 ./mbed-rtos/rtx/TARGET_CORTEX_M/rt_Robin.o
                0x0000000000001768                rt_init_robin
 .text.rt_chk_robin
                0x000000000000178c       0x68 ./mbed-rtos/rtx/TARGET_CORTEX_M/rt_Robin.o
                0x000000000000178c                rt_chk_robin
 .text.rt_sem_init
                0x00000000000017f4       0x2c ./mbed-rtos/rtx/TARGET_CORTEX_M/rt_Semaphore.o
                0x00000000000017f4                rt_sem_init
 .text.rt_sem_delete
                0x0000000000001820       0x84 ./mbed-rtos/rtx/TARGET_CORTEX_M/rt_Semaphore.o
                0x0000000000001820                rt_sem_delete
 .text.rt_sem_psh
                0x00000000000018a4       0x4c ./mbed-rtos/rtx/TARGET_CORTEX_M/rt_Semaphore.o
                0x00000000000018a4                rt_sem_psh
 .text.rt_systick_init
                0x00000000000018f0       0x40 ./mbed-rtos/rtx/TARGET_CORTEX_M/rt_System.o
 .text.rt_psh_req
                0x0000000000001930       0x34 ./mbed-rtos/rtx/TARGET_CORTEX_M/rt_System.o
                0x0000000000001930                rt_psh_req
 .text.rt_pop_req
                0x0000000000001964       0xcc ./mbed-rtos/rtx/TARGET_CORTEX_M/rt_System.o
                0x0000000000001964                rt_pop_req
 .text.os_tick_init
                0x0000000000001a30       0x10 ./mbed-rtos/rtx/TARGET_CORTEX_M/rt_System.o
                0x0000000000001a30                os_tick_init
 .text.os_tick_irqack
                0x0000000000001a40        0xc ./mbed-rtos/rtx/TARGET_CORTEX_M/rt_System.o
                0x0000000000001a40                os_tick_irqack
 .text.rt_systick
                0x0000000000001a4c       0x50 ./mbed-rtos/rtx/TARGET_CORTEX_M/rt_System.o
                0x0000000000001a4c                rt_systick
 .text.rt_stk_check
                0x0000000000001a9c       0x3c ./mbed-rtos/rtx/TARGET_CORTEX_M/rt_System.o
                0x0000000000001a9c                rt_stk_check
 .text.rt_svc_init
                0x0000000000001ad8       0x7c ./mbed-rtos/rtx/TARGET_CORTEX_M/rt_Task.o
 .text.rt_get_TID
                0x0000000000001b54       0x48 ./mbed-rtos/rtx/TARGET_CORTEX_M/rt_Task.o
                0x0000000000001b54                rt_get_TID
 .text.rt_init_context
                0x0000000000001b9c       0x68 ./mbed-rtos/rtx/TARGET_CORTEX_M/rt_Task.o
                0x0000000000001b9c                rt_init_context
 .text.rt_switch_req
                0x0000000000001c04       0x24 ./mbed-rtos/rtx/TARGET_CORTEX_M/rt_Task.o
                0x0000000000001c04                rt_switch_req
 .text.rt_dispatch
                0x0000000000001c28       0x64 ./mbed-rtos/rtx/TARGET_CORTEX_M/rt_Task.o
                0x0000000000001c28                rt_dispatch
 .text.rt_block
                0x0000000000001c8c       0x54 ./mbed-rtos/rtx/TARGET_CORTEX_M/rt_Task.o
                0x0000000000001c8c                rt_block
 .text.rt_tsk_self
                0x0000000000001ce0       0x24 ./mbed-rtos/rtx/TARGET_CORTEX_M/rt_Task.o
                0x0000000000001ce0                rt_tsk_self
 .text.rt_tsk_prio
                0x0000000000001d04       0xb8 ./mbed-rtos/rtx/TARGET_CORTEX_M/rt_Task.o
                0x0000000000001d04                rt_tsk_prio
 .text.rt_tsk_delete
                0x0000000000001dbc       0xb8 ./mbed-rtos/rtx/TARGET_CORTEX_M/rt_Task.o
                0x0000000000001dbc                rt_tsk_delete
 .text.rt_sys_init
                0x0000000000001e74       0xc8 ./mbed-rtos/rtx/TARGET_CORTEX_M/rt_Task.o
                0x0000000000001e74                rt_sys_init
 .text.rt_sys_start
                0x0000000000001f3c       0x4c ./mbed-rtos/rtx/TARGET_CORTEX_M/rt_Task.o
                0x0000000000001f3c                rt_sys_start
 .text._ZN4rtos9SemaphoreC2El
                0x0000000000001f88       0x40 ./mbed-rtos/rtos/Semaphore.o
                0x0000000000001f88                rtos::Semaphore::Semaphore(long)
                0x0000000000001f88                rtos::Semaphore::Semaphore(long)
 .text._ZN4rtos9SemaphoreD2Ev
                0x0000000000001fc8       0x1c ./mbed-rtos/rtos/Semaphore.o
                0x0000000000001fc8                rtos::Semaphore::~Semaphore()
                0x0000000000001fc8                rtos::Semaphore::~Semaphore()
 .text.gpio_write
                0x0000000000001fe4       0x48 ./SDFileSystem/SDFileSystem.o
 .text._ZN4mbed10DigitalOutC2E7PinName
                0x000000000000202c       0x44 ./SDFileSystem/SDFileSystem.o
                0x000000000000202c                mbed::DigitalOut::DigitalOut(PinName)
                0x000000000000202c                mbed::DigitalOut::DigitalOut(PinName)
 .text._ZN4mbed10DigitalOut5writeEi
                0x0000000000002070       0x1c ./SDFileSystem/SDFileSystem.o
                0x0000000000002070                mbed::DigitalOut::write(int)
 .text._ZN4mbed10DigitalOutaSEi
                0x000000000000208c       0x1c ./SDFileSystem/SDFileSystem.o
                0x000000000000208c                mbed::DigitalOut::operator=(int)
 .text.gpio_read
                0x00000000000020a8       0x44 ./CAN_thread.o
 .text._ZN4mbed10DigitalOut4readEv
                0x00000000000020ec       0x1c ./CAN_thread.o
                0x00000000000020ec                mbed::DigitalOut::read()
 .text._ZN4mbed10DigitalOutcviEv
                0x0000000000002108       0x18 ./CAN_thread.o
                0x0000000000002108                mbed::DigitalOut::operator int()
 .text._ZN4mbed10CANMessageC2Ev
                0x0000000000002120       0x64 ./CAN_thread.o
                0x0000000000002120                mbed::CANMessage::CANMessage()
                0x0000000000002120                mbed::CANMessage::CANMessage()
 .text._ZN4mbed8AnalogInC2E7PinName
                0x0000000000002184       0x20 ./main.o
                0x0000000000002184                mbed::AnalogIn::AnalogIn(PinName)
                0x0000000000002184                mbed::AnalogIn::AnalogIn(PinName)
 .text._ZN4mbed10SerialBaseD2Ev
                0x00000000000021a4       0x28 ./main.o
                0x00000000000021a4                mbed::SerialBase::~SerialBase()
                0x00000000000021a4                mbed::SerialBase::~SerialBase()
 .text._ZN4mbed10SerialBaseD0Ev
                0x00000000000021cc       0x20 ./main.o
                0x00000000000021cc                mbed::SerialBase::~SerialBase()
 .text.main     0x00000000000021ec      0x170 ./main.o
                0x00000000000021ec                main
 .text._ZN4mbed6SerialD2Ev
                0x000000000000235c       0x50 ./main.o
                0x000000000000235c                mbed::Serial::~Serial()
                0x000000000000235c                mbed::Serial::~Serial()
 .text._ZN4mbed6SerialD1Ev
                0x00000000000023ac       0x10 ./main.o
                0x00000000000023ac                non-virtual thunk to mbed::Serial::~Serial()
                0x00000000000023b4                non-virtual thunk to mbed::Serial::~Serial()
 .text._ZN4mbed6SerialD0Ev
                0x00000000000023bc       0x30 ./main.o
                0x00000000000023bc                mbed::Serial::~Serial()
                0x00000000000023dc                non-virtual thunk to mbed::Serial::~Serial()
                0x00000000000023e4                non-virtual thunk to mbed::Serial::~Serial()
 .text._Z41__static_initialization_and_destruction_0ii
                0x00000000000023ec      0x124 ./main.o
 .text._GLOBAL__sub_I_led1
                0x0000000000002510       0x10 ./main.o
 .text._ZN4mbed6PwmOutC2E7PinName
                0x0000000000002520       0x20 ./motordriver.o
                0x0000000000002520                mbed::PwmOut::PwmOut(PinName)
                0x0000000000002520                mbed::PwmOut::PwmOut(PinName)
 .text._ZN4mbed6PwmOut5writeEf
                0x0000000000002540       0x1c ./motordriver.o
                0x0000000000002540                mbed::PwmOut::write(float)
 .text._ZN4mbed6PwmOut6periodEf
                0x000000000000255c       0x1c ./motordriver.o
                0x000000000000255c                mbed::PwmOut::period(float)
 .text._ZN4mbed6PwmOutaSEf
                0x0000000000002578       0x1c ./motordriver.o
                0x0000000000002578                mbed::PwmOut::operator=(float)
 .text._ZN5MotorC2E7PinNameS0_S0_f
                0x0000000000002594       0x80 ./motordriver.o
                0x0000000000002594                Motor::Motor(PinName, PinName, PinName, float)
                0x0000000000002594                Motor::Motor(PinName, PinName, PinName, float)
 .text._ZN5Motor6rotateEf
                0x0000000000002614       0xb8 ./motordriver.o
                0x0000000000002614                Motor::rotate(float)
 .text.mbed_die
                0x00000000000026cc      0x10c /Users/mori/LPCXpresso/workspace/Wheelchair_motorcontrol/mbed/TARGET_LPC1768/TOOLCHAIN_GCC_CR/board.o
                0x00000000000026cc                mbed_die
 .text.NVIC_SetVector
                0x00000000000027d8       0x3c /Users/mori/LPCXpresso/workspace/Wheelchair_motorcontrol/mbed/TARGET_LPC1768/TOOLCHAIN_GCC_CR/cmsis_nvic.o
                0x00000000000027d8                NVIC_SetVector
 .text._ZN4mbed10FileHandle4flenEv
                0x0000000000002814       0x34 /Users/mori/LPCXpresso/workspace/Wheelchair_motorcontrol/mbed/TARGET_LPC1768/TOOLCHAIN_GCC_CR/retarget.o
                0x0000000000002814                mbed::FileHandle::flen()
 .text._ZN4mbed10FileHandleD2Ev
                0x0000000000002848       0x2c /Users/mori/LPCXpresso/workspace/Wheelchair_motorcontrol/mbed/TARGET_LPC1768/TOOLCHAIN_GCC_CR/retarget.o
                0x0000000000002848                mbed::FileHandle::~FileHandle()
                0x0000000000002848                mbed::FileHandle::~FileHandle()
 .text._ZN4mbed10FileHandleD0Ev
                0x0000000000002874       0x34 /Users/mori/LPCXpresso/workspace/Wheelchair_motorcontrol/mbed/TARGET_LPC1768/TOOLCHAIN_GCC_CR/retarget.o
                0x0000000000002874                mbed::FileHandle::~FileHandle()
 .text._ZL11init_serialv.part.0
                0x00000000000028a8       0x18 /Users/mori/LPCXpresso/workspace/Wheelchair_motorcontrol/mbed/TARGET_LPC1768/TOOLCHAIN_GCC_CR/retarget.o
 .text._open    0x00000000000028c0       0xf8 /Users/mori/LPCXpresso/workspace/Wheelchair_motorcontrol/mbed/TARGET_LPC1768/TOOLCHAIN_GCC_CR/retarget.o
                0x00000000000028c0                _open
 .text._close   0x00000000000029b8       0x2c /Users/mori/LPCXpresso/workspace/Wheelchair_motorcontrol/mbed/TARGET_LPC1768/TOOLCHAIN_GCC_CR/retarget.o
                0x00000000000029b8                _close
 .text._write   0x00000000000029e4       0x50 /Users/mori/LPCXpresso/workspace/Wheelchair_motorcontrol/mbed/TARGET_LPC1768/TOOLCHAIN_GCC_CR/retarget.o
                0x00000000000029e4                _write
 .text._read    0x0000000000002a34       0x4c /Users/mori/LPCXpresso/workspace/Wheelchair_motorcontrol/mbed/TARGET_LPC1768/TOOLCHAIN_GCC_CR/retarget.o
                0x0000000000002a34                _read
 .text._isatty  0x0000000000002a80       0x28 /Users/mori/LPCXpresso/workspace/Wheelchair_motorcontrol/mbed/TARGET_LPC1768/TOOLCHAIN_GCC_CR/retarget.o
                0x0000000000002a80                _isatty
 .text._lseek   0x0000000000002aa8       0x28 /Users/mori/LPCXpresso/workspace/Wheelchair_motorcontrol/mbed/TARGET_LPC1768/TOOLCHAIN_GCC_CR/retarget.o
                0x0000000000002aa8                _lseek
 .text._fstat   0x0000000000002ad0       0x20 /Users/mori/LPCXpresso/workspace/Wheelchair_motorcontrol/mbed/TARGET_LPC1768/TOOLCHAIN_GCC_CR/retarget.o
                0x0000000000002ad0                _fstat
 .text.exit     0x0000000000002af0       0x30 /Users/mori/LPCXpresso/workspace/Wheelchair_motorcontrol/mbed/TARGET_LPC1768/TOOLCHAIN_GCC_CR/retarget.o
                0x0000000000002af0                exit
 .text.__cxa_pure_virtual
                0x0000000000002b20        0x8 /Users/mori/LPCXpresso/workspace/Wheelchair_motorcontrol/mbed/TARGET_LPC1768/TOOLCHAIN_GCC_CR/retarget.o
                0x0000000000002b20                __cxa_pure_virtual
 .text._ZN4mbed26mbed_set_unbuffered_streamEP7__sFILE
                0x0000000000002b28        0x8 /Users/mori/LPCXpresso/workspace/Wheelchair_motorcontrol/mbed/TARGET_LPC1768/TOOLCHAIN_GCC_CR/retarget.o
                0x0000000000002b28                mbed::mbed_set_unbuffered_stream(__sFILE*)
 .text.__aeabi_atexit
                0x0000000000002b30        0x4 /Users/mori/LPCXpresso/workspace/Wheelchair_motorcontrol/mbed/TARGET_LPC1768/TOOLCHAIN_GCC_CR/startup_LPC17xx.o
                0x0000000000002b30                __aeabi_atexit
 .text._ZdlPv   0x0000000000002b34        0x4 /Users/mori/LPCXpresso/workspace/Wheelchair_motorcontrol/mbed/TARGET_LPC1768/TOOLCHAIN_GCC_CR/startup_LPC17xx.o
                0x0000000000002b34                operator delete(void*)
 .text.SystemInit
                0x0000000000002b38       0xb8 /Users/mori/LPCXpresso/workspace/Wheelchair_motorcontrol/mbed/TARGET_LPC1768/TOOLCHAIN_GCC_CR/system_LPC17xx.o
                0x0000000000002b38                SystemInit
 .text.analogin_init
                0x0000000000002bf0       0x98 /Users/mori/LPCXpresso/workspace/Wheelchair_motorcontrol/mbed/TARGET_LPC1768/TOOLCHAIN_GCC_CR/libmbed.a(analogin_api.o)
                0x0000000000002bf0                analogin_init
 .text.pwmout_write
                0x0000000000002c88       0x5c /Users/mori/LPCXpresso/workspace/Wheelchair_motorcontrol/mbed/TARGET_LPC1768/TOOLCHAIN_GCC_CR/libmbed.a(pwmout_api.o)
                0x0000000000002c88                pwmout_write
 .text.pwmout_period_us
                0x0000000000002ce4       0x44 /Users/mori/LPCXpresso/workspace/Wheelchair_motorcontrol/mbed/TARGET_LPC1768/TOOLCHAIN_GCC_CR/libmbed.a(pwmout_api.o)
                0x0000000000002ce4                pwmout_period_us
 .text.pwmout_period
                0x0000000000002d28       0x20 /Users/mori/LPCXpresso/workspace/Wheelchair_motorcontrol/mbed/TARGET_LPC1768/TOOLCHAIN_GCC_CR/libmbed.a(pwmout_api.o)
                0x0000000000002d28                pwmout_period
 .text.pwmout_init
                0x0000000000002d48       0xd8 /Users/mori/LPCXpresso/workspace/Wheelchair_motorcontrol/mbed/TARGET_LPC1768/TOOLCHAIN_GCC_CR/libmbed.a(pwmout_api.o)
                0x0000000000002d48                pwmout_init
 .text.uart2_irq
                0x0000000000002e20       0x64 /Users/mori/LPCXpresso/workspace/Wheelchair_motorcontrol/mbed/TARGET_LPC1768/TOOLCHAIN_GCC_CR/libmbed.a(serial_api.o)
                0x0000000000002e20                uart2_irq
 .text.serial_irq_set_internal
                0x0000000000002e84       0xcc /Users/mori/LPCXpresso/workspace/Wheelchair_motorcontrol/mbed/TARGET_LPC1768/TOOLCHAIN_GCC_CR/libmbed.a(serial_api.o)
 .text.uart0_irq
                0x0000000000002f50       0x64 /Users/mori/LPCXpresso/workspace/Wheelchair_motorcontrol/mbed/TARGET_LPC1768/TOOLCHAIN_GCC_CR/libmbed.a(serial_api.o)
                0x0000000000002f50                uart0_irq
 .text.uart3_irq
                0x0000000000002fb4       0x6c /Users/mori/LPCXpresso/workspace/Wheelchair_motorcontrol/mbed/TARGET_LPC1768/TOOLCHAIN_GCC_CR/libmbed.a(serial_api.o)
                0x0000000000002fb4                uart3_irq
 .text.uart1_irq
                0x0000000000003020       0x64 /Users/mori/LPCXpresso/workspace/Wheelchair_motorcontrol/mbed/TARGET_LPC1768/TOOLCHAIN_GCC_CR/libmbed.a(serial_api.o)
                0x0000000000003020                uart1_irq
 .text.serial_baud
                0x0000000000003084      0x244 /Users/mori/LPCXpresso/workspace/Wheelchair_motorcontrol/mbed/TARGET_LPC1768/TOOLCHAIN_GCC_CR/libmbed.a(serial_api.o)
                0x0000000000003084                serial_baud
 .text.serial_format
                0x00000000000032c8       0x78 /Users/mori/LPCXpresso/workspace/Wheelchair_motorcontrol/mbed/TARGET_LPC1768/TOOLCHAIN_GCC_CR/libmbed.a(serial_api.o)
                0x00000000000032c8                serial_format
 .text.serial_irq_handler
                0x0000000000003340       0x20 /Users/mori/LPCXpresso/workspace/Wheelchair_motorcontrol/mbed/TARGET_LPC1768/TOOLCHAIN_GCC_CR/libmbed.a(serial_api.o)
                0x0000000000003340                serial_irq_handler
 .text.serial_getc
                0x0000000000003360       0x38 /Users/mori/LPCXpresso/workspace/Wheelchair_motorcontrol/mbed/TARGET_LPC1768/TOOLCHAIN_GCC_CR/libmbed.a(serial_api.o)
                0x0000000000003360                serial_getc
 .text.serial_writable
                0x0000000000003398       0x74 /Users/mori/LPCXpresso/workspace/Wheelchair_motorcontrol/mbed/TARGET_LPC1768/TOOLCHAIN_GCC_CR/libmbed.a(serial_api.o)
                0x0000000000003398                serial_writable
 .text.serial_putc
                0x000000000000340c       0x34 /Users/mori/LPCXpresso/workspace/Wheelchair_motorcontrol/mbed/TARGET_LPC1768/TOOLCHAIN_GCC_CR/libmbed.a(serial_api.o)
                0x000000000000340c                serial_putc
 .text.serial_set_flow_control
                0x0000000000003440      0x12c /Users/mori/LPCXpresso/workspace/Wheelchair_motorcontrol/mbed/TARGET_LPC1768/TOOLCHAIN_GCC_CR/libmbed.a(serial_api.o)
                0x0000000000003440                serial_set_flow_control
 .text.serial_init
                0x000000000000356c      0x1bc /Users/mori/LPCXpresso/workspace/Wheelchair_motorcontrol/mbed/TARGET_LPC1768/TOOLCHAIN_GCC_CR/libmbed.a(serial_api.o)
                0x000000000000356c                serial_init
 .text._ZN4mbed3CAN12_irq_handlerEm10CanIrqType
                0x0000000000003728       0x28 /Users/mori/LPCXpresso/workspace/Wheelchair_motorcontrol/mbed/TARGET_LPC1768/TOOLCHAIN_GCC_CR/libmbed.a(CAN.o)
                0x0000000000003728                mbed::CAN::_irq_handler(unsigned long, CanIrqType)
 .text._ZN4mbed3CAND2Ev
                0x0000000000003750       0x20 /Users/mori/LPCXpresso/workspace/Wheelchair_motorcontrol/mbed/TARGET_LPC1768/TOOLCHAIN_GCC_CR/libmbed.a(CAN.o)
                0x0000000000003750                mbed::CAN::~CAN()
                0x0000000000003750                mbed::CAN::~CAN()
 .text._ZN4mbed3CAND0Ev
                0x0000000000003770       0x28 /Users/mori/LPCXpresso/workspace/Wheelchair_motorcontrol/mbed/TARGET_LPC1768/TOOLCHAIN_GCC_CR/libmbed.a(CAN.o)
                0x0000000000003770                mbed::CAN::~CAN()
 .text._ZN4mbed3CANC2E7PinNameS1_
                0x0000000000003798       0x44 /Users/mori/LPCXpresso/workspace/Wheelchair_motorcontrol/mbed/TARGET_LPC1768/TOOLCHAIN_GCC_CR/libmbed.a(CAN.o)
                0x0000000000003798                mbed::CAN::CAN(PinName, PinName)
                0x0000000000003798                mbed::CAN::CAN(PinName, PinName)
 .text._ZN4mbed3CAN4readERNS_10CANMessageEi
                0x00000000000037dc        0x8 /Users/mori/LPCXpresso/workspace/Wheelchair_motorcontrol/mbed/TARGET_LPC1768/TOOLCHAIN_GCC_CR/libmbed.a(CAN.o)
                0x00000000000037dc                mbed::CAN::read(mbed::CANMessage&, int)
 .text._ZN4mbed8FilePathC2EPKc
                0x00000000000037e4       0x58 /Users/mori/LPCXpresso/workspace/Wheelchair_motorcontrol/mbed/TARGET_LPC1768/TOOLCHAIN_GCC_CR/libmbed.a(FilePath.o)
                0x00000000000037e4                mbed::FilePath::FilePath(char const*)
                0x00000000000037e4                mbed::FilePath::FilePath(char const*)
 .text._ZN4mbed8FilePath8fileNameEv
                0x000000000000383c        0x4 /Users/mori/LPCXpresso/workspace/Wheelchair_motorcontrol/mbed/TARGET_LPC1768/TOOLCHAIN_GCC_CR/libmbed.a(FilePath.o)
                0x000000000000383c                mbed::FilePath::fileName()
 .text._ZN4mbed8FilePath10fileSystemEv
                0x0000000000003840       0x18 /Users/mori/LPCXpresso/workspace/Wheelchair_motorcontrol/mbed/TARGET_LPC1768/TOOLCHAIN_GCC_CR/libmbed.a(FilePath.o)
                0x0000000000003840                mbed::FilePath::fileSystem()
 .text._ZN4mbed8FilePath6isFileEv
                0x0000000000003858       0x14 /Users/mori/LPCXpresso/workspace/Wheelchair_motorcontrol/mbed/TARGET_LPC1768/TOOLCHAIN_GCC_CR/libmbed.a(FilePath.o)
                0x0000000000003858                mbed::FilePath::isFile()
 .text._ZN4mbed8FilePath4fileEv
                0x000000000000386c       0x1c /Users/mori/LPCXpresso/workspace/Wheelchair_motorcontrol/mbed/TARGET_LPC1768/TOOLCHAIN_GCC_CR/libmbed.a(FilePath.o)
                0x000000000000386c                mbed::FilePath::file()
 .text._ZN4mbed8FilePath6existsEv
                0x0000000000003888        0xc /Users/mori/LPCXpresso/workspace/Wheelchair_motorcontrol/mbed/TARGET_LPC1768/TOOLCHAIN_GCC_CR/libmbed.a(FilePath.o)
                0x0000000000003888                mbed::FilePath::exists()
 .text._ZN4mbed6Serial5_getcEv
                0x0000000000003894        0x4 /Users/mori/LPCXpresso/workspace/Wheelchair_motorcontrol/mbed/TARGET_LPC1768/TOOLCHAIN_GCC_CR/libmbed.a(Serial.o)
                0x0000000000003894                mbed::Serial::_getc()
 .text._ZThn64_N4mbed6Serial5_getcEv
                0x0000000000003898        0x8 /Users/mori/LPCXpresso/workspace/Wheelchair_motorcontrol/mbed/TARGET_LPC1768/TOOLCHAIN_GCC_CR/libmbed.a(Serial.o)
                0x0000000000003898                non-virtual thunk to mbed::Serial::_getc()
 .text._ZN4mbed6Serial5_putcEi
                0x00000000000038a0        0x4 /Users/mori/LPCXpresso/workspace/Wheelchair_motorcontrol/mbed/TARGET_LPC1768/TOOLCHAIN_GCC_CR/libmbed.a(Serial.o)
                0x00000000000038a0                mbed::Serial::_putc(int)
 .text._ZThn64_N4mbed6Serial5_putcEi
                0x00000000000038a4        0x8 /Users/mori/LPCXpresso/workspace/Wheelchair_motorcontrol/mbed/TARGET_LPC1768/TOOLCHAIN_GCC_CR/libmbed.a(Serial.o)
                0x00000000000038a4                non-virtual thunk to mbed::Serial::_putc(int)
 .text._ZN4mbed6SerialC2E7PinNameS1_PKc
                0x00000000000038ac       0x30 /Users/mori/LPCXpresso/workspace/Wheelchair_motorcontrol/mbed/TARGET_LPC1768/TOOLCHAIN_GCC_CR/libmbed.a(Serial.o)
                0x00000000000038ac                mbed::Serial::Serial(PinName, PinName, char const*)
                0x00000000000038ac                mbed::Serial::Serial(PinName, PinName, char const*)
 .text._ZN4mbed10SerialBase12_irq_handlerEm9SerialIrq
                0x00000000000038dc       0x28 /Users/mori/LPCXpresso/workspace/Wheelchair_motorcontrol/mbed/TARGET_LPC1768/TOOLCHAIN_GCC_CR/libmbed.a(SerialBase.o)
                0x00000000000038dc                mbed::SerialBase::_irq_handler(unsigned long, SerialIrq)
 .text._ZN4mbed10SerialBaseC2E7PinNameS1_
                0x0000000000003904       0x3c /Users/mori/LPCXpresso/workspace/Wheelchair_motorcontrol/mbed/TARGET_LPC1768/TOOLCHAIN_GCC_CR/libmbed.a(SerialBase.o)
                0x0000000000003904                mbed::SerialBase::SerialBase(PinName, PinName)
                0x0000000000003904                mbed::SerialBase::SerialBase(PinName, PinName)
 .text._ZN4mbed10SerialBase10_base_getcEv
                0x0000000000003940        0x8 /Users/mori/LPCXpresso/workspace/Wheelchair_motorcontrol/mbed/TARGET_LPC1768/TOOLCHAIN_GCC_CR/libmbed.a(SerialBase.o)
                0x0000000000003940                mbed::SerialBase::_base_getc()
 .text._ZN4mbed10SerialBase10_base_putcEi
                0x0000000000003948       0x10 /Users/mori/LPCXpresso/workspace/Wheelchair_motorcontrol/mbed/TARGET_LPC1768/TOOLCHAIN_GCC_CR/libmbed.a(SerialBase.o)
                0x0000000000003948                mbed::SerialBase::_base_putc(int)
 .text._ZN4mbed6Stream5closeEv
                0x0000000000003958        0x4 /Users/mori/LPCXpresso/workspace/Wheelchair_motorcontrol/mbed/TARGET_LPC1768/TOOLCHAIN_GCC_CR/libmbed.a(Stream.o)
                0x0000000000003958                mbed::Stream::close()
 .text._ZN4mbed6Stream5writeEPKvj
                0x000000000000395c       0x30 /Users/mori/LPCXpresso/workspace/Wheelchair_motorcontrol/mbed/TARGET_LPC1768/TOOLCHAIN_GCC_CR/libmbed.a(Stream.o)
                0x000000000000395c                mbed::Stream::write(void const*, unsigned int)
 .text._ZN4mbed6Stream4readEPvj
                0x000000000000398c       0x30 /Users/mori/LPCXpresso/workspace/Wheelchair_motorcontrol/mbed/TARGET_LPC1768/TOOLCHAIN_GCC_CR/libmbed.a(Stream.o)
                0x000000000000398c                mbed::Stream::read(void*, unsigned int)
 .text._ZN4mbed6Stream5lseekEli
                0x00000000000039bc        0x4 /Users/mori/LPCXpresso/workspace/Wheelchair_motorcontrol/mbed/TARGET_LPC1768/TOOLCHAIN_GCC_CR/libmbed.a(Stream.o)
                0x00000000000039bc                mbed::Stream::lseek(long, int)
 .text._ZN4mbed6Stream6isattyEv
                0x00000000000039c0        0x4 /Users/mori/LPCXpresso/workspace/Wheelchair_motorcontrol/mbed/TARGET_LPC1768/TOOLCHAIN_GCC_CR/libmbed.a(Stream.o)
                0x00000000000039c0                mbed::Stream::isatty()
 .text._ZN4mbed6Stream5fsyncEv
                0x00000000000039c4        0x4 /Users/mori/LPCXpresso/workspace/Wheelchair_motorcontrol/mbed/TARGET_LPC1768/TOOLCHAIN_GCC_CR/libmbed.a(Stream.o)
                0x00000000000039c4                mbed::Stream::fsync()
 .text._ZN4mbed6Stream4flenEv
                0x00000000000039c8        0x4 /Users/mori/LPCXpresso/workspace/Wheelchair_motorcontrol/mbed/TARGET_LPC1768/TOOLCHAIN_GCC_CR/libmbed.a(Stream.o)
                0x00000000000039c8                mbed::Stream::flen()
 .text._ZN4mbed6StreamD2Ev
                0x00000000000039cc       0x24 /Users/mori/LPCXpresso/workspace/Wheelchair_motorcontrol/mbed/TARGET_LPC1768/TOOLCHAIN_GCC_CR/libmbed.a(Stream.o)
                0x00000000000039cc                mbed::Stream::~Stream()
                0x00000000000039cc                mbed::Stream::~Stream()
 .text._ZThn4_N4mbed6StreamD1Ev
                0x00000000000039f0        0x8 /Users/mori/LPCXpresso/workspace/Wheelchair_motorcontrol/mbed/TARGET_LPC1768/TOOLCHAIN_GCC_CR/libmbed.a(Stream.o)
                0x00000000000039f0                non-virtual thunk to mbed::Stream::~Stream()
 .text._ZN4mbed6StreamD0Ev
                0x00000000000039f8       0x14 /Users/mori/LPCXpresso/workspace/Wheelchair_motorcontrol/mbed/TARGET_LPC1768/TOOLCHAIN_GCC_CR/libmbed.a(Stream.o)
                0x00000000000039f8                mbed::Stream::~Stream()
 .text._ZThn4_N4mbed6StreamD0Ev
                0x0000000000003a0c        0x8 /Users/mori/LPCXpresso/workspace/Wheelchair_motorcontrol/mbed/TARGET_LPC1768/TOOLCHAIN_GCC_CR/libmbed.a(Stream.o)
                0x0000000000003a0c                non-virtual thunk to mbed::Stream::~Stream()
 .text._ZN4mbed6StreamC2EPKc
                0x0000000000003a14       0x44 /Users/mori/LPCXpresso/workspace/Wheelchair_motorcontrol/mbed/TARGET_LPC1768/TOOLCHAIN_GCC_CR/libmbed.a(Stream.o)
                0x0000000000003a14                mbed::Stream::Stream(char const*)
                0x0000000000003a14                mbed::Stream::Stream(char const*)
 .text.mbed_assert_internal
                0x0000000000003a58       0x18 /Users/mori/LPCXpresso/workspace/Wheelchair_motorcontrol/mbed/TARGET_LPC1768/TOOLCHAIN_GCC_CR/libmbed.a(assert.o)
                0x0000000000003a58                mbed_assert_internal
 .text.error    0x0000000000003a70       0x24 /Users/mori/LPCXpresso/workspace/Wheelchair_motorcontrol/mbed/TARGET_LPC1768/TOOLCHAIN_GCC_CR/libmbed.a(error.o)
                0x0000000000003a70                error
 .text.gpio_init_in
                0x0000000000003a94       0x24 /Users/mori/LPCXpresso/workspace/Wheelchair_motorcontrol/mbed/TARGET_LPC1768/TOOLCHAIN_GCC_CR/libmbed.a(gpio.o)
                0x0000000000003a94                gpio_init_in
 .text.gpio_init_out
                0x0000000000003ab8       0x44 /Users/mori/LPCXpresso/workspace/Wheelchair_motorcontrol/mbed/TARGET_LPC1768/TOOLCHAIN_GCC_CR/libmbed.a(gpio.o)
                0x0000000000003ab8                gpio_init_out
 .text.gpio_init_out_ex
                0x0000000000003afc       0x54 /Users/mori/LPCXpresso/workspace/Wheelchair_motorcontrol/mbed/TARGET_LPC1768/TOOLCHAIN_GCC_CR/libmbed.a(gpio.o)
                0x0000000000003afc                gpio_init_out_ex
 .text.mbed_interface_connected
                0x0000000000003b50        0x4 /Users/mori/LPCXpresso/workspace/Wheelchair_motorcontrol/mbed/TARGET_LPC1768/TOOLCHAIN_GCC_CR/libmbed.a(mbed_interface.o)
                0x0000000000003b50                mbed_interface_connected
 .text.pinmap_pinout
                0x0000000000003b54       0x40 /Users/mori/LPCXpresso/workspace/Wheelchair_motorcontrol/mbed/TARGET_LPC1768/TOOLCHAIN_GCC_CR/libmbed.a(pinmap_common.o)
                0x0000000000003b54                pinmap_pinout
 .text.pinmap_merge
                0x0000000000003b94       0x24 /Users/mori/LPCXpresso/workspace/Wheelchair_motorcontrol/mbed/TARGET_LPC1768/TOOLCHAIN_GCC_CR/libmbed.a(pinmap_common.o)
                0x0000000000003b94                pinmap_merge
 .text.pinmap_find_peripheral
                0x0000000000003bb8       0x1c /Users/mori/LPCXpresso/workspace/Wheelchair_motorcontrol/mbed/TARGET_LPC1768/TOOLCHAIN_GCC_CR/libmbed.a(pinmap_common.o)
                0x0000000000003bb8                pinmap_find_peripheral
 .text.pinmap_peripheral
                0x0000000000003bd4       0x34 /Users/mori/LPCXpresso/workspace/Wheelchair_motorcontrol/mbed/TARGET_LPC1768/TOOLCHAIN_GCC_CR/libmbed.a(pinmap_common.o)
                0x0000000000003bd4                pinmap_peripheral
 .text.semihost_exit
                0x0000000000003c08       0x18 /Users/mori/LPCXpresso/workspace/Wheelchair_motorcontrol/mbed/TARGET_LPC1768/TOOLCHAIN_GCC_CR/libmbed.a(semihost_api.o)
                0x0000000000003c08                semihost_exit
 .text.semihost_connected
                0x0000000000003c20       0x10 /Users/mori/LPCXpresso/workspace/Wheelchair_motorcontrol/mbed/TARGET_LPC1768/TOOLCHAIN_GCC_CR/libmbed.a(semihost_api.o)
                0x0000000000003c20                semihost_connected
 .text.ticker_irq_handler
                0x0000000000003c30       0x48 /Users/mori/LPCXpresso/workspace/Wheelchair_motorcontrol/mbed/TARGET_LPC1768/TOOLCHAIN_GCC_CR/libmbed.a(ticker_api.o)
                0x0000000000003c30                ticker_irq_handler
 .text.us_ticker_irq_handler
                0x0000000000003c78        0xc /Users/mori/LPCXpresso/workspace/Wheelchair_motorcontrol/mbed/TARGET_LPC1768/TOOLCHAIN_GCC_CR/libmbed.a(us_ticker_api.o)
                0x0000000000003c78                us_ticker_irq_handler
 .text.wait_us  0x0000000000003c84       0x18 /Users/mori/LPCXpresso/workspace/Wheelchair_motorcontrol/mbed/TARGET_LPC1768/TOOLCHAIN_GCC_CR/libmbed.a(wait_api.o)
                0x0000000000003c84                wait_us
 .text.wait_ms  0x0000000000003c9c        0xc /Users/mori/LPCXpresso/workspace/Wheelchair_motorcontrol/mbed/TARGET_LPC1768/TOOLCHAIN_GCC_CR/libmbed.a(wait_api.o)
                0x0000000000003c9c                wait_ms
 .text.can_irq_init
                0x0000000000003ca8       0x1c /Users/mori/LPCXpresso/workspace/Wheelchair_motorcontrol/mbed/TARGET_LPC1768/TOOLCHAIN_GCC_CR/libmbed.a(can_api.o)
                0x0000000000003ca8                can_irq_init
 .text.can_irq_free
                0x0000000000003cc4       0x30 /Users/mori/LPCXpresso/workspace/Wheelchair_motorcontrol/mbed/TARGET_LPC1768/TOOLCHAIN_GCC_CR/libmbed.a(can_api.o)
                0x0000000000003cc4                can_irq_free
 .text.can_free
                0x0000000000003cf4       0x3c /Users/mori/LPCXpresso/workspace/Wheelchair_motorcontrol/mbed/TARGET_LPC1768/TOOLCHAIN_GCC_CR/libmbed.a(can_api.o)
                0x0000000000003cf4                can_free
 .text.can_frequency
                0x0000000000003d30       0xc8 /Users/mori/LPCXpresso/workspace/Wheelchair_motorcontrol/mbed/TARGET_LPC1768/TOOLCHAIN_GCC_CR/libmbed.a(can_api.o)
                0x0000000000003d30                can_frequency
 .text.can_init
                0x0000000000003df8       0xd0 /Users/mori/LPCXpresso/workspace/Wheelchair_motorcontrol/mbed/TARGET_LPC1768/TOOLCHAIN_GCC_CR/libmbed.a(can_api.o)
                0x0000000000003df8                can_init
 .text.can_read
                0x0000000000003ec8       0x60 /Users/mori/LPCXpresso/workspace/Wheelchair_motorcontrol/mbed/TARGET_LPC1768/TOOLCHAIN_GCC_CR/libmbed.a(can_api.o)
                0x0000000000003ec8                can_read
 .text.gpio_set
                0x0000000000003f28       0x30 /Users/mori/LPCXpresso/workspace/Wheelchair_motorcontrol/mbed/TARGET_LPC1768/TOOLCHAIN_GCC_CR/libmbed.a(gpio_api.o)
                0x0000000000003f28                gpio_set
 .text.gpio_init
                0x0000000000003f58       0x30 /Users/mori/LPCXpresso/workspace/Wheelchair_motorcontrol/mbed/TARGET_LPC1768/TOOLCHAIN_GCC_CR/libmbed.a(gpio_api.o)
                0x0000000000003f58                gpio_init
 .text.gpio_mode
                0x0000000000003f88        0x8 /Users/mori/LPCXpresso/workspace/Wheelchair_motorcontrol/mbed/TARGET_LPC1768/TOOLCHAIN_GCC_CR/libmbed.a(gpio_api.o)
                0x0000000000003f88                gpio_mode
 .text.gpio_dir
                0x0000000000003f90       0x44 /Users/mori/LPCXpresso/workspace/Wheelchair_motorcontrol/mbed/TARGET_LPC1768/TOOLCHAIN_GCC_CR/libmbed.a(gpio_api.o)
                0x0000000000003f90                gpio_dir
 .text.pin_function
                0x0000000000003fd4       0x50 /Users/mori/LPCXpresso/workspace/Wheelchair_motorcontrol/mbed/TARGET_LPC1768/TOOLCHAIN_GCC_CR/libmbed.a(pinmap.o)
                0x0000000000003fd4                pin_function
 .text.pin_mode
                0x0000000000004024       0x78 /Users/mori/LPCXpresso/workspace/Wheelchair_motorcontrol/mbed/TARGET_LPC1768/TOOLCHAIN_GCC_CR/libmbed.a(pinmap.o)
                0x0000000000004024                pin_mode
 .text.us_ticker_init
                0x000000000000409c       0x68 /Users/mori/LPCXpresso/workspace/Wheelchair_motorcontrol/mbed/TARGET_LPC1768/TOOLCHAIN_GCC_CR/libmbed.a(us_ticker.o)
                0x000000000000409c                us_ticker_init
 .text.us_ticker_read
                0x0000000000004104       0x1c /Users/mori/LPCXpresso/workspace/Wheelchair_motorcontrol/mbed/TARGET_LPC1768/TOOLCHAIN_GCC_CR/libmbed.a(us_ticker.o)
                0x0000000000004104                us_ticker_read
 .text.us_ticker_set_interrupt
                0x0000000000004120       0x14 /Users/mori/LPCXpresso/workspace/Wheelchair_motorcontrol/mbed/TARGET_LPC1768/TOOLCHAIN_GCC_CR/libmbed.a(us_ticker.o)
                0x0000000000004120                us_ticker_set_interrupt
 .text.us_ticker_disable_interrupt
                0x0000000000004134       0x10 /Users/mori/LPCXpresso/workspace/Wheelchair_motorcontrol/mbed/TARGET_LPC1768/TOOLCHAIN_GCC_CR/libmbed.a(us_ticker.o)
                0x0000000000004134                us_ticker_disable_interrupt
 .text.us_ticker_clear_interrupt
                0x0000000000004144        0xc /Users/mori/LPCXpresso/workspace/Wheelchair_motorcontrol/mbed/TARGET_LPC1768/TOOLCHAIN_GCC_CR/libmbed.a(us_ticker.o)
                0x0000000000004144                us_ticker_clear_interrupt
 .text._ZN4mbed8FileBaseD2Ev
                0x0000000000004150       0x30 /Users/mori/LPCXpresso/workspace/Wheelchair_motorcontrol/mbed/TARGET_LPC1768/TOOLCHAIN_GCC_CR/libmbed.a(FileBase.o)
                0x0000000000004150                mbed::FileBase::~FileBase()
                0x0000000000004150                mbed::FileBase::~FileBase()
 .text._ZN4mbed8FileBaseD0Ev
                0x0000000000004180       0x3c /Users/mori/LPCXpresso/workspace/Wheelchair_motorcontrol/mbed/TARGET_LPC1768/TOOLCHAIN_GCC_CR/libmbed.a(FileBase.o)
                0x0000000000004180                mbed::FileBase::~FileBase()
 .text._ZN4mbed8FileBaseC2EPKcNS_8PathTypeE
                0x00000000000041bc       0x28 /Users/mori/LPCXpresso/workspace/Wheelchair_motorcontrol/mbed/TARGET_LPC1768/TOOLCHAIN_GCC_CR/libmbed.a(FileBase.o)
                0x00000000000041bc                mbed::FileBase::FileBase(char const*, mbed::PathType)
                0x00000000000041bc                mbed::FileBase::FileBase(char const*, mbed::PathType)
 .text._ZN4mbed8FileBase6lookupEPKcj
                0x00000000000041e4       0x3c /Users/mori/LPCXpresso/workspace/Wheelchair_motorcontrol/mbed/TARGET_LPC1768/TOOLCHAIN_GCC_CR/libmbed.a(FileBase.o)
                0x00000000000041e4                mbed::FileBase::lookup(char const*, unsigned int)
 .text._ZN4mbed8FileBase11getPathTypeEv
                0x0000000000004220        0x4 /Users/mori/LPCXpresso/workspace/Wheelchair_motorcontrol/mbed/TARGET_LPC1768/TOOLCHAIN_GCC_CR/libmbed.a(FileBase.o)
                0x0000000000004220                mbed::FileBase::getPathType()
 .text._ZN4mbed8FileLikeD2Ev
                0x0000000000004224       0x24 /Users/mori/LPCXpresso/workspace/Wheelchair_motorcontrol/mbed/TARGET_LPC1768/TOOLCHAIN_GCC_CR/libmbed.a(FileLike.o)
                0x0000000000004224                mbed::FileLike::~FileLike()
                0x0000000000004224                mbed::FileLike::~FileLike()
 .text._ZThn4_N4mbed8FileLikeD1Ev
                0x0000000000004248        0x8 /Users/mori/LPCXpresso/workspace/Wheelchair_motorcontrol/mbed/TARGET_LPC1768/TOOLCHAIN_GCC_CR/libmbed.a(FileLike.o)
                0x0000000000004248                non-virtual thunk to mbed::FileLike::~FileLike()
 .text._ZN4mbed8FileLikeD0Ev
                0x0000000000004250       0x2c /Users/mori/LPCXpresso/workspace/Wheelchair_motorcontrol/mbed/TARGET_LPC1768/TOOLCHAIN_GCC_CR/libmbed.a(FileLike.o)
                0x0000000000004250                mbed::FileLike::~FileLike()
 .text._ZThn4_N4mbed8FileLikeD0Ev
                0x000000000000427c        0x8 /Users/mori/LPCXpresso/workspace/Wheelchair_motorcontrol/mbed/TARGET_LPC1768/TOOLCHAIN_GCC_CR/libmbed.a(FileLike.o)
                0x000000000000427c                non-virtual thunk to mbed::FileLike::~FileLike()
 .text._ZN4mbed8FileLikeC2EPKc
                0x0000000000004284       0x28 /Users/mori/LPCXpresso/workspace/Wheelchair_motorcontrol/mbed/TARGET_LPC1768/TOOLCHAIN_GCC_CR/libmbed.a(FileLike.o)
                0x0000000000004284                mbed::FileLike::FileLike(char const*)
                0x0000000000004284                mbed::FileLike::FileLike(char const*)
 .text          0x00000000000042ac      0x370 /Applications/lpcxpresso_7.9.0_455/lpcxpresso/tools/bin/../lib/gcc/arm-none-eabi/4.9.3/armv7-m/libgcc.a(_arm_addsubdf3.o)
                0x00000000000042ac                __aeabi_drsub
                0x00000000000042b4                __subdf3
                0x00000000000042b4                __aeabi_dsub
                0x00000000000042b8                __aeabi_dadd
                0x00000000000042b8                __adddf3
                0x0000000000004530                __aeabi_ui2d
                0x0000000000004530                __floatunsidf
                0x0000000000004550                __floatsidf
                0x0000000000004550                __aeabi_i2d
                0x0000000000004574                __extendsfdf2
                0x0000000000004574                __aeabi_f2d
                0x00000000000045b0                __aeabi_ul2d
                0x00000000000045b0                __floatundidf
                0x00000000000045c0                __aeabi_l2d
                0x00000000000045c0                __floatdidf
 .text          0x000000000000461c      0x424 /Applications/lpcxpresso_7.9.0_455/lpcxpresso/tools/bin/../lib/gcc/arm-none-eabi/4.9.3/armv7-m/libgcc.a(_arm_muldivdf3.o)
                0x000000000000461c                __aeabi_dmul
                0x000000000000461c                __muldf3
                0x0000000000004870                __aeabi_ddiv
                0x0000000000004870                __divdf3
 .text          0x0000000000004a40      0x110 /Applications/lpcxpresso_7.9.0_455/lpcxpresso/tools/bin/../lib/gcc/arm-none-eabi/4.9.3/armv7-m/libgcc.a(_arm_cmpdf2.o)
                0x0000000000004a40                __gtdf2
                0x0000000000004a40                __gedf2
                0x0000000000004a48                __ltdf2
                0x0000000000004a48                __ledf2
                0x0000000000004a50                __eqdf2
                0x0000000000004a50                __nedf2
                0x0000000000004a50                __cmpdf2
                0x0000000000004acc                __aeabi_cdrcmple
                0x0000000000004adc                __aeabi_cdcmple
                0x0000000000004adc                __aeabi_cdcmpeq
                0x0000000000004aec                __aeabi_dcmpeq
                0x0000000000004b00                __aeabi_dcmplt
                0x0000000000004b14                __aeabi_dcmple
                0x0000000000004b28                __aeabi_dcmpge
                0x0000000000004b3c                __aeabi_dcmpgt
 .text          0x0000000000004b50       0x50 /Applications/lpcxpresso_7.9.0_455/lpcxpresso/tools/bin/../lib/gcc/arm-none-eabi/4.9.3/armv7-m/libgcc.a(_arm_fixdfsi.o)
                0x0000000000004b50                __fixdfsi
                0x0000000000004b50                __aeabi_d2iz
 .text          0x0000000000004ba0       0xa0 /Applications/lpcxpresso_7.9.0_455/lpcxpresso/tools/bin/../lib/gcc/arm-none-eabi/4.9.3/armv7-m/libgcc.a(_arm_truncdfsf2.o)
                0x0000000000004ba0                __aeabi_d2f
                0x0000000000004ba0                __truncdfsf2
 .text          0x0000000000004c40      0x21c /Applications/lpcxpresso_7.9.0_455/lpcxpresso/tools/bin/../lib/gcc/arm-none-eabi/4.9.3/armv7-m/libgcc.a(_arm_addsubsf3.o)
                0x0000000000004c40                __aeabi_frsub
                0x0000000000004c48                __aeabi_fsub
                0x0000000000004c48                __subsf3
                0x0000000000004c4c                __aeabi_fadd
                0x0000000000004c4c                __addsf3
                0x0000000000004dac                __aeabi_ui2f
                0x0000000000004dac                __floatunsisf
                0x0000000000004db4                __floatsisf
                0x0000000000004db4                __aeabi_i2f
                0x0000000000004dd0                __aeabi_ul2f
                0x0000000000004dd0                __floatundisf
                0x0000000000004de0                __aeabi_l2f
                0x0000000000004de0                __floatdisf
 .text          0x0000000000004e5c      0x2a0 /Applications/lpcxpresso_7.9.0_455/lpcxpresso/tools/bin/../lib/gcc/arm-none-eabi/4.9.3/armv7-m/libgcc.a(_arm_muldivsf3.o)
                0x0000000000004e5c                __mulsf3
                0x0000000000004e5c                __aeabi_fmul
                0x0000000000004fc4                __divsf3
                0x0000000000004fc4                __aeabi_fdiv
 .text          0x00000000000050fc       0xec /Applications/lpcxpresso_7.9.0_455/lpcxpresso/tools/bin/../lib/gcc/arm-none-eabi/4.9.3/armv7-m/libgcc.a(_arm_cmpsf2.o)
                0x00000000000050fc                __gesf2
                0x00000000000050fc                __gtsf2
                0x0000000000005104                __ltsf2
                0x0000000000005104                __lesf2
                0x000000000000510c                __nesf2
                0x000000000000510c                __eqsf2
                0x000000000000510c                __cmpsf2
                0x000000000000516c                __aeabi_cfrcmple
                0x0000000000005174                __aeabi_cfcmpeq
                0x0000000000005174                __aeabi_cfcmple
                0x0000000000005184                __aeabi_fcmpeq
                0x0000000000005198                __aeabi_fcmplt
                0x00000000000051ac                __aeabi_fcmple
                0x00000000000051c0                __aeabi_fcmpge
                0x00000000000051d4                __aeabi_fcmpgt
 .text          0x00000000000051e8       0x4c /Applications/lpcxpresso_7.9.0_455/lpcxpresso/tools/bin/../lib/gcc/arm-none-eabi/4.9.3/armv7-m/libgcc.a(_arm_fixsfsi.o)
                0x00000000000051e8                __fixsfsi
                0x00000000000051e8                __aeabi_f2iz
 .text          0x0000000000005234       0x40 /Applications/lpcxpresso_7.9.0_455/lpcxpresso/tools/bin/../lib/gcc/arm-none-eabi/4.9.3/armv7-m/libgcc.a(_arm_fixunssfsi.o)
                0x0000000000005234                __aeabi_f2uiz
                0x0000000000005234                __fixunssfsi
 .text          0x0000000000005274       0x30 /Applications/lpcxpresso_7.9.0_455/lpcxpresso/tools/bin/../lib/gcc/arm-none-eabi/4.9.3/armv7-m/libgcc.a(_aeabi_uldivmod.o)
                0x0000000000005274                __aeabi_uldivmod
 .text          0x00000000000052a4       0x60 /Applications/lpcxpresso_7.9.0_455/lpcxpresso/tools/bin/../lib/gcc/arm-none-eabi/4.9.3/armv7-m/libgcc.a(bpabi.o)
                0x00000000000052a4                __gnu_ldivmod_helper
                0x00000000000052d4                __gnu_uldivmod_helper
 .text          0x0000000000005304        0x4 /Applications/lpcxpresso_7.9.0_455/lpcxpresso/tools/bin/../lib/gcc/arm-none-eabi/4.9.3/armv7-m/libgcc.a(_dvmd_tls.o)
                0x0000000000005304                __aeabi_ldiv0
                0x0000000000005304                __aeabi_idiv0
 .text          0x0000000000005308      0x2ac /Applications/lpcxpresso_7.9.0_455/lpcxpresso/tools/bin/../lib/gcc/arm-none-eabi/4.9.3/armv7-m/libgcc.a(_divdi3.o)
                0x0000000000005308                __divdi3
 .text          0x00000000000055b4      0x270 /Applications/lpcxpresso_7.9.0_455/lpcxpresso/tools/bin/../lib/gcc/arm-none-eabi/4.9.3/armv7-m/libgcc.a(_udivdi3.o)
                0x00000000000055b4                __udivdi3
 .text.abs      0x0000000000005824        0x8 /Applications/lpcxpresso_7.9.0_455/lpcxpresso/tools/bin/../lib/gcc/arm-none-eabi/4.9.3/../../../../arm-none-eabi/lib/armv7-m/libc.a(lib_a-abs.o)
                0x0000000000005824                abs
 .text.atexit   0x000000000000582c        0xc /Applications/lpcxpresso_7.9.0_455/lpcxpresso/tools/bin/../lib/gcc/arm-none-eabi/4.9.3/../../../../arm-none-eabi/lib/armv7-m/libc.a(lib_a-atexit.o)
                0x000000000000582c                atexit
 .text.__errno  0x0000000000005838        0xc /Applications/lpcxpresso_7.9.0_455/lpcxpresso/tools/bin/../lib/gcc/arm-none-eabi/4.9.3/../../../../arm-none-eabi/lib/armv7-m/libc.a(lib_a-errno.o)
                0x0000000000005838                __errno
 .text._fclose_r
                0x0000000000005844       0x84 /Applications/lpcxpresso_7.9.0_455/lpcxpresso/tools/bin/../lib/gcc/arm-none-eabi/4.9.3/../../../../arm-none-eabi/lib/armv7-m/libc.a(lib_a-fclose.o)
                0x0000000000005844                _fclose_r
 .text.fclose   0x00000000000058c8       0x10 /Applications/lpcxpresso_7.9.0_455/lpcxpresso/tools/bin/../lib/gcc/arm-none-eabi/4.9.3/../../../../arm-none-eabi/lib/armv7-m/libc.a(lib_a-fclose.o)
                0x00000000000058c8                fclose
 .text.__sflush_r
                0x00000000000058d8      0x148 /Applications/lpcxpresso_7.9.0_455/lpcxpresso/tools/bin/../lib/gcc/arm-none-eabi/4.9.3/../../../../arm-none-eabi/lib/armv7-m/libc.a(lib_a-fflush.o)
                0x00000000000058d8                __sflush_r
 .text._fflush_r
                0x0000000000005a20       0x2c /Applications/lpcxpresso_7.9.0_455/lpcxpresso/tools/bin/../lib/gcc/arm-none-eabi/4.9.3/../../../../arm-none-eabi/lib/armv7-m/libc.a(lib_a-fflush.o)
                0x0000000000005a20                _fflush_r
 .text.fflush   0x0000000000005a4c       0x24 /Applications/lpcxpresso_7.9.0_455/lpcxpresso/tools/bin/../lib/gcc/arm-none-eabi/4.9.3/../../../../arm-none-eabi/lib/armv7-m/libc.a(lib_a-fflush.o)
                0x0000000000005a4c                fflush
 .text._cleanup_r
                0x0000000000005a70        0xc /Applications/lpcxpresso_7.9.0_455/lpcxpresso/tools/bin/../lib/gcc/arm-none-eabi/4.9.3/../../../../arm-none-eabi/lib/armv7-m/libc.a(lib_a-findfp.o)
                0x0000000000005a70                _cleanup_r
 .text.__sinit.part.1
                0x0000000000005a7c       0xf0 /Applications/lpcxpresso_7.9.0_455/lpcxpresso/tools/bin/../lib/gcc/arm-none-eabi/4.9.3/../../../../arm-none-eabi/lib/armv7-m/libc.a(lib_a-findfp.o)
 .text.__sfmoreglue
                0x0000000000005b6c       0x30 /Applications/lpcxpresso_7.9.0_455/lpcxpresso/tools/bin/../lib/gcc/arm-none-eabi/4.9.3/../../../../arm-none-eabi/lib/armv7-m/libc.a(lib_a-findfp.o)
                0x0000000000005b6c                __sfmoreglue
 .text.__sfp    0x0000000000005b9c       0x88 /Applications/lpcxpresso_7.9.0_455/lpcxpresso/tools/bin/../lib/gcc/arm-none-eabi/4.9.3/../../../../arm-none-eabi/lib/armv7-m/libc.a(lib_a-findfp.o)
                0x0000000000005b9c                __sfp
 .text.__sinit  0x0000000000005c24        0xc /Applications/lpcxpresso_7.9.0_455/lpcxpresso/tools/bin/../lib/gcc/arm-none-eabi/4.9.3/../../../../arm-none-eabi/lib/armv7-m/libc.a(lib_a-findfp.o)
                0x0000000000005c24                __sinit
 .text.__sfp_lock_acquire
                0x0000000000005c30        0x4 /Applications/lpcxpresso_7.9.0_455/lpcxpresso/tools/bin/../lib/gcc/arm-none-eabi/4.9.3/../../../../arm-none-eabi/lib/armv7-m/libc.a(lib_a-findfp.o)
                0x0000000000005c30                __sfp_lock_acquire
 .text.__sfp_lock_release
                0x0000000000005c34        0x4 /Applications/lpcxpresso_7.9.0_455/lpcxpresso/tools/bin/../lib/gcc/arm-none-eabi/4.9.3/../../../../arm-none-eabi/lib/armv7-m/libc.a(lib_a-findfp.o)
                0x0000000000005c34                __sfp_lock_release
 .text.__libc_fini_array
                0x0000000000005c38       0x2c /Applications/lpcxpresso_7.9.0_455/lpcxpresso/tools/bin/../lib/gcc/arm-none-eabi/4.9.3/../../../../arm-none-eabi/lib/armv7-m/libc.a(lib_a-fini.o)
                0x0000000000005c38                __libc_fini_array
 .text._fopen_r
                0x0000000000005c64       0x88 /Applications/lpcxpresso_7.9.0_455/lpcxpresso/tools/bin/../lib/gcc/arm-none-eabi/4.9.3/../../../../arm-none-eabi/lib/armv7-m/libc.a(lib_a-fopen.o)
                0x0000000000005c64                _fopen_r
 .text.fopen    0x0000000000005cec       0x10 /Applications/lpcxpresso_7.9.0_455/lpcxpresso/tools/bin/../lib/gcc/arm-none-eabi/4.9.3/../../../../arm-none-eabi/lib/armv7-m/libc.a(lib_a-fopen.o)
                0x0000000000005cec                fopen
 .text._malloc_trim_r
                0x0000000000005cfc       0x9c /Applications/lpcxpresso_7.9.0_455/lpcxpresso/tools/bin/../lib/gcc/arm-none-eabi/4.9.3/../../../../arm-none-eabi/lib/armv7-m/libc.a(lib_a-freer.o)
                0x0000000000005cfc                _malloc_trim_r
 .text._free_r  0x0000000000005d98      0x1b0 /Applications/lpcxpresso_7.9.0_455/lpcxpresso/tools/bin/../lib/gcc/arm-none-eabi/4.9.3/../../../../arm-none-eabi/lib/armv7-m/libc.a(lib_a-freer.o)
                0x0000000000005d98                _free_r
 .text._fseek_r
                0x0000000000005f48        0x4 /Applications/lpcxpresso_7.9.0_455/lpcxpresso/tools/bin/../lib/gcc/arm-none-eabi/4.9.3/../../../../arm-none-eabi/lib/armv7-m/libc.a(lib_a-fseek.o)
                0x0000000000005f48                _fseek_r
 .text._fseeko_r
                0x0000000000005f4c      0x2c0 /Applications/lpcxpresso_7.9.0_455/lpcxpresso/tools/bin/../lib/gcc/arm-none-eabi/4.9.3/../../../../arm-none-eabi/lib/armv7-m/libc.a(lib_a-fseeko.o)
                0x0000000000005f4c                _fseeko_r
 .text._fstat_r
                0x000000000000620c       0x28 /Applications/lpcxpresso_7.9.0_455/lpcxpresso/tools/bin/../lib/gcc/arm-none-eabi/4.9.3/../../../../arm-none-eabi/lib/armv7-m/libc.a(lib_a-fstatr.o)
                0x000000000000620c                _fstat_r
 .text.__sfvwrite_r
                0x0000000000006234      0x320 /Applications/lpcxpresso_7.9.0_455/lpcxpresso/tools/bin/../lib/gcc/arm-none-eabi/4.9.3/../../../../arm-none-eabi/lib/armv7-m/libc.a(lib_a-fvwrite.o)
                0x0000000000006234                __sfvwrite_r
 .text._fwalk   0x0000000000006554       0x48 /Applications/lpcxpresso_7.9.0_455/lpcxpresso/tools/bin/../lib/gcc/arm-none-eabi/4.9.3/../../../../arm-none-eabi/lib/armv7-m/libc.a(lib_a-fwalk.o)
                0x0000000000006554                _fwalk
 .text._fwalk_reent
                0x000000000000659c       0x50 /Applications/lpcxpresso_7.9.0_455/lpcxpresso/tools/bin/../lib/gcc/arm-none-eabi/4.9.3/../../../../arm-none-eabi/lib/armv7-m/libc.a(lib_a-fwalk.o)
                0x000000000000659c                _fwalk_reent
 .text.__libc_init_array
                0x00000000000065ec       0x50 /Applications/lpcxpresso_7.9.0_455/lpcxpresso/tools/bin/../lib/gcc/arm-none-eabi/4.9.3/../../../../arm-none-eabi/lib/armv7-m/libc.a(lib_a-init.o)
                0x00000000000065ec                __libc_init_array
 .text.__smakebuf_r
                0x000000000000663c       0xe0 /Applications/lpcxpresso_7.9.0_455/lpcxpresso/tools/bin/../lib/gcc/arm-none-eabi/4.9.3/../../../../arm-none-eabi/lib/armv7-m/libc.a(lib_a-makebuf.o)
                0x000000000000663c                __smakebuf_r
 .text.malloc   0x000000000000671c       0x10 /Applications/lpcxpresso_7.9.0_455/lpcxpresso/tools/bin/../lib/gcc/arm-none-eabi/4.9.3/../../../../arm-none-eabi/lib/armv7-m/libc.a(lib_a-malloc.o)
                0x000000000000671c                malloc
 .text.free     0x000000000000672c       0x10 /Applications/lpcxpresso_7.9.0_455/lpcxpresso/tools/bin/../lib/gcc/arm-none-eabi/4.9.3/../../../../arm-none-eabi/lib/armv7-m/libc.a(lib_a-malloc.o)
                0x000000000000672c                free
 .text._malloc_r
                0x000000000000673c      0x50c /Applications/lpcxpresso_7.9.0_455/lpcxpresso/tools/bin/../lib/gcc/arm-none-eabi/4.9.3/../../../../arm-none-eabi/lib/armv7-m/libc.a(lib_a-mallocr.o)
                0x000000000000673c                _malloc_r
 .text.memchr   0x0000000000006c48       0x94 /Applications/lpcxpresso_7.9.0_455/lpcxpresso/tools/bin/../lib/gcc/arm-none-eabi/4.9.3/../../../../arm-none-eabi/lib/armv7-m/libc.a(lib_a-memchr.o)
                0x0000000000006c48                memchr
 .text          0x0000000000006cdc       0xec /Applications/lpcxpresso_7.9.0_455/lpcxpresso/tools/bin/../lib/gcc/arm-none-eabi/4.9.3/../../../../arm-none-eabi/lib/armv7-m/libc.a(lib_a-memcpy.o)
                0x0000000000006cdc                memcpy
 .text.memmove  0x0000000000006dc8       0xc8 /Applications/lpcxpresso_7.9.0_455/lpcxpresso/tools/bin/../lib/gcc/arm-none-eabi/4.9.3/../../../../arm-none-eabi/lib/armv7-m/libc.a(lib_a-memmove.o)
                0x0000000000006dc8                memmove
 .text.memset   0x0000000000006e90       0x9c /Applications/lpcxpresso_7.9.0_455/lpcxpresso/tools/bin/../lib/gcc/arm-none-eabi/4.9.3/../../../../arm-none-eabi/lib/armv7-m/libc.a(lib_a-memset.o)
                0x0000000000006e90                memset
 .text.__malloc_lock
                0x0000000000006f2c        0x4 /Applications/lpcxpresso_7.9.0_455/lpcxpresso/tools/bin/../lib/gcc/arm-none-eabi/4.9.3/../../../../arm-none-eabi/lib/armv7-m/libc.a(lib_a-mlock.o)
                0x0000000000006f2c                __malloc_lock
 .text.__malloc_unlock
                0x0000000000006f30        0x4 /Applications/lpcxpresso_7.9.0_455/lpcxpresso/tools/bin/../lib/gcc/arm-none-eabi/4.9.3/../../../../arm-none-eabi/lib/armv7-m/libc.a(lib_a-mlock.o)
                0x0000000000006f30                __malloc_unlock
 .text._open_r  0x0000000000006f34       0x28 /Applications/lpcxpresso_7.9.0_455/lpcxpresso/tools/bin/../lib/gcc/arm-none-eabi/4.9.3/../../../../arm-none-eabi/lib/armv7-m/libc.a(lib_a-openr.o)
                0x0000000000006f34                _open_r
 .text._realloc_r
                0x0000000000006f5c      0x3e0 /Applications/lpcxpresso_7.9.0_455/lpcxpresso/tools/bin/../lib/gcc/arm-none-eabi/4.9.3/../../../../arm-none-eabi/lib/armv7-m/libc.a(lib_a-reallocr.o)
                0x0000000000006f5c                _realloc_r
 .text.lflush   0x000000000000733c       0x14 /Applications/lpcxpresso_7.9.0_455/lpcxpresso/tools/bin/../lib/gcc/arm-none-eabi/4.9.3/../../../../arm-none-eabi/lib/armv7-m/libc.a(lib_a-refill.o)
 .text.__srefill_r
                0x0000000000007350      0x110 /Applications/lpcxpresso_7.9.0_455/lpcxpresso/tools/bin/../lib/gcc/arm-none-eabi/4.9.3/../../../../arm-none-eabi/lib/armv7-m/libc.a(lib_a-refill.o)
                0x0000000000007350                __srefill_r
 .text._sbrk_r  0x0000000000007460       0x24 /Applications/lpcxpresso_7.9.0_455/lpcxpresso/tools/bin/../lib/gcc/arm-none-eabi/4.9.3/../../../../arm-none-eabi/lib/armv7-m/libc.a(lib_a-sbrkr.o)
                0x0000000000007460                _sbrk_r
 .text.setbuf   0x0000000000007484       0x10 /Applications/lpcxpresso_7.9.0_455/lpcxpresso/tools/bin/../lib/gcc/arm-none-eabi/4.9.3/../../../../arm-none-eabi/lib/armv7-m/libc.a(lib_a-setbuf.o)
                0x0000000000007484                setbuf
 .text.setvbuf  0x0000000000007494       0xf8 /Applications/lpcxpresso_7.9.0_455/lpcxpresso/tools/bin/../lib/gcc/arm-none-eabi/4.9.3/../../../../arm-none-eabi/lib/armv7-m/libc.a(lib_a-setvbuf.o)
                0x0000000000007494                setvbuf
 .text.sprintf  0x000000000000758c       0x4c /Applications/lpcxpresso_7.9.0_455/lpcxpresso/tools/bin/../lib/gcc/arm-none-eabi/4.9.3/../../../../arm-none-eabi/lib/armv7-m/libc.a(lib_a-sprintf.o)
                0x000000000000758c                sprintf
 .text.sscanf   0x00000000000075d8       0x58 /Applications/lpcxpresso_7.9.0_455/lpcxpresso/tools/bin/../lib/gcc/arm-none-eabi/4.9.3/../../../../arm-none-eabi/lib/armv7-m/libc.a(lib_a-sscanf.o)
                0x00000000000075d8                sscanf
 .text.__sread  0x0000000000007630       0x24 /Applications/lpcxpresso_7.9.0_455/lpcxpresso/tools/bin/../lib/gcc/arm-none-eabi/4.9.3/../../../../arm-none-eabi/lib/armv7-m/libc.a(lib_a-stdio.o)
                0x0000000000007630                __sread
 .text.__seofread
                0x0000000000007654        0x4 /Applications/lpcxpresso_7.9.0_455/lpcxpresso/tools/bin/../lib/gcc/arm-none-eabi/4.9.3/../../../../arm-none-eabi/lib/armv7-m/libc.a(lib_a-stdio.o)
                0x0000000000007654                __seofread
 .text.__swrite
                0x0000000000007658       0x38 /Applications/lpcxpresso_7.9.0_455/lpcxpresso/tools/bin/../lib/gcc/arm-none-eabi/4.9.3/../../../../arm-none-eabi/lib/armv7-m/libc.a(lib_a-stdio.o)
                0x0000000000007658                __swrite
 .text.__sseek  0x0000000000007690       0x20 /Applications/lpcxpresso_7.9.0_455/lpcxpresso/tools/bin/../lib/gcc/arm-none-eabi/4.9.3/../../../../arm-none-eabi/lib/armv7-m/libc.a(lib_a-stdio.o)
                0x0000000000007690                __sseek
 .text.__sclose
                0x00000000000076b0        0x8 /Applications/lpcxpresso_7.9.0_455/lpcxpresso/tools/bin/../lib/gcc/arm-none-eabi/4.9.3/../../../../arm-none-eabi/lib/armv7-m/libc.a(lib_a-stdio.o)
                0x00000000000076b0                __sclose
 .text          0x00000000000076b8      0x1bc /Applications/lpcxpresso_7.9.0_455/lpcxpresso/tools/bin/../lib/gcc/arm-none-eabi/4.9.3/../../../../arm-none-eabi/lib/armv7-m/libc.a(lib_a-strcmp.o)
                0x00000000000076b8                strcmp
 .text.strlen   0x0000000000007874       0x5c /Applications/lpcxpresso_7.9.0_455/lpcxpresso/tools/bin/../lib/gcc/arm-none-eabi/4.9.3/../../../../arm-none-eabi/lib/armv7-m/libc.a(lib_a-strlen.o)
                0x0000000000007874                strlen
 .text.strncmp  0x00000000000078d0       0x94 /Applications/lpcxpresso_7.9.0_455/lpcxpresso/tools/bin/../lib/gcc/arm-none-eabi/4.9.3/../../../../arm-none-eabi/lib/armv7-m/libc.a(lib_a-strncmp.o)
                0x00000000000078d0                strncmp
 .text._svfprintf_r
                0x0000000000007964     0x14f4 /Applications/lpcxpresso_7.9.0_455/lpcxpresso/tools/bin/../lib/gcc/arm-none-eabi/4.9.3/../../../../arm-none-eabi/lib/armv7-m/libc.a(lib_a-svfprintf.o)
                0x0000000000007964                _svfprintf_r
 .text.__ssvfscanf_r
                0x0000000000008e58      0xdf4 /Applications/lpcxpresso_7.9.0_455/lpcxpresso/tools/bin/../lib/gcc/arm-none-eabi/4.9.3/../../../../arm-none-eabi/lib/armv7-m/libc.a(lib_a-svfscanf.o)
                0x0000000000008e58                __ssvfscanf_r
 .text._vfprintf_r
                0x0000000000009c4c     0x1448 /Applications/lpcxpresso_7.9.0_455/lpcxpresso/tools/bin/../lib/gcc/arm-none-eabi/4.9.3/../../../../arm-none-eabi/lib/armv7-m/libc.a(lib_a-vfprintf.o)
                0x0000000000009c4c                _vfprintf_r
 .text.vfprintf
                0x000000000000b094       0x18 /Applications/lpcxpresso_7.9.0_455/lpcxpresso/tools/bin/../lib/gcc/arm-none-eabi/4.9.3/../../../../arm-none-eabi/lib/armv7-m/libc.a(lib_a-vfprintf.o)
                0x000000000000b094                vfprintf
 .text.__sbprintf
                0x000000000000b0ac       0x7c /Applications/lpcxpresso_7.9.0_455/lpcxpresso/tools/bin/../lib/gcc/arm-none-eabi/4.9.3/../../../../arm-none-eabi/lib/armv7-m/libc.a(lib_a-vfprintf.o)
 .text.__swbuf_r
                0x000000000000b128       0xa8 /Applications/lpcxpresso_7.9.0_455/lpcxpresso/tools/bin/../lib/gcc/arm-none-eabi/4.9.3/../../../../arm-none-eabi/lib/armv7-m/libc.a(lib_a-wbuf.o)
                0x000000000000b128                __swbuf_r
 .text._write_r
                0x000000000000b1d0       0x28 /Applications/lpcxpresso_7.9.0_455/lpcxpresso/tools/bin/../lib/gcc/arm-none-eabi/4.9.3/../../../../arm-none-eabi/lib/armv7-m/libc.a(lib_a-writer.o)
                0x000000000000b1d0                _write_r
 .text.__swsetup_r
                0x000000000000b1f8       0xc4 /Applications/lpcxpresso_7.9.0_455/lpcxpresso/tools/bin/../lib/gcc/arm-none-eabi/4.9.3/../../../../arm-none-eabi/lib/armv7-m/libc.a(lib_a-wsetup.o)
                0x000000000000b1f8                __swsetup_r
 .text.__register_exitproc
                0x000000000000b2bc       0xa4 /Applications/lpcxpresso_7.9.0_455/lpcxpresso/tools/bin/../lib/gcc/arm-none-eabi/4.9.3/../../../../arm-none-eabi/lib/armv7-m/libc.a(lib_a-__atexit.o)
                0x000000000000b2bc                __register_exitproc
 .text._close_r
                0x000000000000b360       0x24 /Applications/lpcxpresso_7.9.0_455/lpcxpresso/tools/bin/../lib/gcc/arm-none-eabi/4.9.3/../../../../arm-none-eabi/lib/armv7-m/libc.a(lib_a-closer.o)
                0x000000000000b360                _close_r
 .text.quorem   0x000000000000b384      0x130 /Applications/lpcxpresso_7.9.0_455/lpcxpresso/tools/bin/../lib/gcc/arm-none-eabi/4.9.3/../../../../arm-none-eabi/lib/armv7-m/libc.a(lib_a-dtoa.o)
 *fill*         0x000000000000b4b4        0x4 
 .text._dtoa_r  0x000000000000b4b8      0xea4 /Applications/lpcxpresso_7.9.0_455/lpcxpresso/tools/bin/../lib/gcc/arm-none-eabi/4.9.3/../../../../arm-none-eabi/lib/armv7-m/libc.a(lib_a-dtoa.o)
                0x000000000000b4b8                _dtoa_r
 .text.__sflags
                0x000000000000c35c       0x74 /Applications/lpcxpresso_7.9.0_455/lpcxpresso/tools/bin/../lib/gcc/arm-none-eabi/4.9.3/../../../../arm-none-eabi/lib/armv7-m/libc.a(lib_a-flags.o)
                0x000000000000c35c                __sflags
 .text._isatty_r
                0x000000000000c3d0       0x24 /Applications/lpcxpresso_7.9.0_455/lpcxpresso/tools/bin/../lib/gcc/arm-none-eabi/4.9.3/../../../../arm-none-eabi/lib/armv7-m/libc.a(lib_a-isattyr.o)
                0x000000000000c3d0                _isatty_r
 .text.iswspace
                0x000000000000c3f4       0x1c /Applications/lpcxpresso_7.9.0_455/lpcxpresso/tools/bin/../lib/gcc/arm-none-eabi/4.9.3/../../../../arm-none-eabi/lib/armv7-m/libc.a(lib_a-iswspace.o)
                0x000000000000c3f4                iswspace
 .text.__locale_charset
                0x000000000000c410        0x8 /Applications/lpcxpresso_7.9.0_455/lpcxpresso/tools/bin/../lib/gcc/arm-none-eabi/4.9.3/../../../../arm-none-eabi/lib/armv7-m/libc.a(lib_a-locale.o)
                0x000000000000c410                __locale_charset
 .text.__locale_mb_cur_max
                0x000000000000c418        0xc /Applications/lpcxpresso_7.9.0_455/lpcxpresso/tools/bin/../lib/gcc/arm-none-eabi/4.9.3/../../../../arm-none-eabi/lib/armv7-m/libc.a(lib_a-locale.o)
                0x000000000000c418                __locale_mb_cur_max
 .text._localeconv_r
                0x000000000000c424        0x8 /Applications/lpcxpresso_7.9.0_455/lpcxpresso/tools/bin/../lib/gcc/arm-none-eabi/4.9.3/../../../../arm-none-eabi/lib/armv7-m/libc.a(lib_a-locale.o)
                0x000000000000c424                _localeconv_r
 .text._lseek_r
                0x000000000000c42c       0x28 /Applications/lpcxpresso_7.9.0_455/lpcxpresso/tools/bin/../lib/gcc/arm-none-eabi/4.9.3/../../../../arm-none-eabi/lib/armv7-m/libc.a(lib_a-lseekr.o)
                0x000000000000c42c                _lseek_r
 .text._mbrtowc_r
                0x000000000000c454       0x5c /Applications/lpcxpresso_7.9.0_455/lpcxpresso/tools/bin/../lib/gcc/arm-none-eabi/4.9.3/../../../../arm-none-eabi/lib/armv7-m/libc.a(lib_a-mbrtowc.o)
                0x000000000000c454                _mbrtowc_r
 .text.__ascii_mbtowc
                0x000000000000c4b0       0x2c /Applications/lpcxpresso_7.9.0_455/lpcxpresso/tools/bin/../lib/gcc/arm-none-eabi/4.9.3/../../../../arm-none-eabi/lib/armv7-m/libc.a(lib_a-mbtowc_r.o)
                0x000000000000c4b0                __ascii_mbtowc
 .text._Balloc  0x000000000000c4dc       0x50 /Applications/lpcxpresso_7.9.0_455/lpcxpresso/tools/bin/../lib/gcc/arm-none-eabi/4.9.3/../../../../arm-none-eabi/lib/armv7-m/libc.a(lib_a-mprec.o)
                0x000000000000c4dc                _Balloc
 .text._Bfree   0x000000000000c52c       0x14 /Applications/lpcxpresso_7.9.0_455/lpcxpresso/tools/bin/../lib/gcc/arm-none-eabi/4.9.3/../../../../arm-none-eabi/lib/armv7-m/libc.a(lib_a-mprec.o)
                0x000000000000c52c                _Bfree
 .text.__multadd
                0x000000000000c540       0x84 /Applications/lpcxpresso_7.9.0_455/lpcxpresso/tools/bin/../lib/gcc/arm-none-eabi/4.9.3/../../../../arm-none-eabi/lib/armv7-m/libc.a(lib_a-mprec.o)
                0x000000000000c540                __multadd
 .text.__s2b    0x000000000000c5c4       0x98 /Applications/lpcxpresso_7.9.0_455/lpcxpresso/tools/bin/../lib/gcc/arm-none-eabi/4.9.3/../../../../arm-none-eabi/lib/armv7-m/libc.a(lib_a-mprec.o)
                0x000000000000c5c4                __s2b
 .text.__hi0bits
                0x000000000000c65c       0x40 /Applications/lpcxpresso_7.9.0_455/lpcxpresso/tools/bin/../lib/gcc/arm-none-eabi/4.9.3/../../../../arm-none-eabi/lib/armv7-m/libc.a(lib_a-mprec.o)
                0x000000000000c65c                __hi0bits
 .text.__lo0bits
                0x000000000000c69c       0x5c /Applications/lpcxpresso_7.9.0_455/lpcxpresso/tools/bin/../lib/gcc/arm-none-eabi/4.9.3/../../../../arm-none-eabi/lib/armv7-m/libc.a(lib_a-mprec.o)
                0x000000000000c69c                __lo0bits
 .text.__i2b    0x000000000000c6f8       0x14 /Applications/lpcxpresso_7.9.0_455/lpcxpresso/tools/bin/../lib/gcc/arm-none-eabi/4.9.3/../../../../arm-none-eabi/lib/armv7-m/libc.a(lib_a-mprec.o)
                0x000000000000c6f8                __i2b
 .text.__multiply
                0x000000000000c70c      0x140 /Applications/lpcxpresso_7.9.0_455/lpcxpresso/tools/bin/../lib/gcc/arm-none-eabi/4.9.3/../../../../arm-none-eabi/lib/armv7-m/libc.a(lib_a-mprec.o)
                0x000000000000c70c                __multiply
 .text.__pow5mult
                0x000000000000c84c       0xa0 /Applications/lpcxpresso_7.9.0_455/lpcxpresso/tools/bin/../lib/gcc/arm-none-eabi/4.9.3/../../../../arm-none-eabi/lib/armv7-m/libc.a(lib_a-mprec.o)
                0x000000000000c84c                __pow5mult
 .text.__lshift
                0x000000000000c8ec       0xb0 /Applications/lpcxpresso_7.9.0_455/lpcxpresso/tools/bin/../lib/gcc/arm-none-eabi/4.9.3/../../../../arm-none-eabi/lib/armv7-m/libc.a(lib_a-mprec.o)
                0x000000000000c8ec                __lshift
 .text.__mcmp   0x000000000000c99c       0x48 /Applications/lpcxpresso_7.9.0_455/lpcxpresso/tools/bin/../lib/gcc/arm-none-eabi/4.9.3/../../../../arm-none-eabi/lib/armv7-m/libc.a(lib_a-mprec.o)
                0x000000000000c99c                __mcmp
 .text.__mdiff  0x000000000000c9e4       0xe4 /Applications/lpcxpresso_7.9.0_455/lpcxpresso/tools/bin/../lib/gcc/arm-none-eabi/4.9.3/../../../../arm-none-eabi/lib/armv7-m/libc.a(lib_a-mprec.o)
                0x000000000000c9e4                __mdiff
 .text.__ulp    0x000000000000cac8       0x44 /Applications/lpcxpresso_7.9.0_455/lpcxpresso/tools/bin/../lib/gcc/arm-none-eabi/4.9.3/../../../../arm-none-eabi/lib/armv7-m/libc.a(lib_a-mprec.o)
                0x000000000000cac8                __ulp
 .text.__b2d    0x000000000000cb0c       0xd0 /Applications/lpcxpresso_7.9.0_455/lpcxpresso/tools/bin/../lib/gcc/arm-none-eabi/4.9.3/../../../../arm-none-eabi/lib/armv7-m/libc.a(lib_a-mprec.o)
                0x000000000000cb0c                __b2d
 .text.__d2b    0x000000000000cbdc       0xa8 /Applications/lpcxpresso_7.9.0_455/lpcxpresso/tools/bin/../lib/gcc/arm-none-eabi/4.9.3/../../../../arm-none-eabi/lib/armv7-m/libc.a(lib_a-mprec.o)
                0x000000000000cbdc                __d2b
 .text.__ratio  0x000000000000cc84       0x58 /Applications/lpcxpresso_7.9.0_455/lpcxpresso/tools/bin/../lib/gcc/arm-none-eabi/4.9.3/../../../../arm-none-eabi/lib/armv7-m/libc.a(lib_a-mprec.o)
                0x000000000000cc84                __ratio
 .text.__copybits
                0x000000000000ccdc       0x48 /Applications/lpcxpresso_7.9.0_455/lpcxpresso/tools/bin/../lib/gcc/arm-none-eabi/4.9.3/../../../../arm-none-eabi/lib/armv7-m/libc.a(lib_a-mprec.o)
                0x000000000000ccdc                __copybits
 .text.__any_on
                0x000000000000cd24       0x5c /Applications/lpcxpresso_7.9.0_455/lpcxpresso/tools/bin/../lib/gcc/arm-none-eabi/4.9.3/../../../../arm-none-eabi/lib/armv7-m/libc.a(lib_a-mprec.o)
                0x000000000000cd24                __any_on
 .text._read_r  0x000000000000cd80       0x28 /Applications/lpcxpresso_7.9.0_455/lpcxpresso/tools/bin/../lib/gcc/arm-none-eabi/4.9.3/../../../../arm-none-eabi/lib/armv7-m/libc.a(lib_a-readr.o)
                0x000000000000cd80                _read_r
 .text.__fpclassifyd
                0x000000000000cda8       0x58 /Applications/lpcxpresso_7.9.0_455/lpcxpresso/tools/bin/../lib/gcc/arm-none-eabi/4.9.3/../../../../arm-none-eabi/lib/armv7-m/libc.a(lib_a-s_fpclassify.o)
                0x000000000000cda8                __fpclassifyd
 .text.__sccl   0x000000000000ce00       0x78 /Applications/lpcxpresso_7.9.0_455/lpcxpresso/tools/bin/../lib/gcc/arm-none-eabi/4.9.3/../../../../arm-none-eabi/lib/armv7-m/libc.a(lib_a-sccl.o)
                0x000000000000ce00                __sccl
 .text.nanf     0x000000000000ce78        0x8 /Applications/lpcxpresso_7.9.0_455/lpcxpresso/tools/bin/../lib/gcc/arm-none-eabi/4.9.3/../../../../arm-none-eabi/lib/armv7-m/libc.a(lib_a-sf_nan.o)
                0x000000000000ce78                nanf
 .text.sulp     0x000000000000ce80       0x44 /Applications/lpcxpresso_7.9.0_455/lpcxpresso/tools/bin/../lib/gcc/arm-none-eabi/4.9.3/../../../../arm-none-eabi/lib/armv7-m/libc.a(lib_a-strtod.o)
 *fill*         0x000000000000cec4        0x4 
 .text._strtod_r
                0x000000000000cec8      0xf30 /Applications/lpcxpresso_7.9.0_455/lpcxpresso/tools/bin/../lib/gcc/arm-none-eabi/4.9.3/../../../../arm-none-eabi/lib/armv7-m/libc.a(lib_a-strtod.o)
                0x000000000000cec8                _strtod_r
 .text._strtol_r
                0x000000000000ddf8      0x11c /Applications/lpcxpresso_7.9.0_455/lpcxpresso/tools/bin/../lib/gcc/arm-none-eabi/4.9.3/../../../../arm-none-eabi/lib/armv7-m/libc.a(lib_a-strtol.o)
                0x000000000000ddf8                _strtol_r
 .text._strtoll_r
                0x000000000000df14      0x1cc /Applications/lpcxpresso_7.9.0_455/lpcxpresso/tools/bin/../lib/gcc/arm-none-eabi/4.9.3/../../../../arm-none-eabi/lib/armv7-m/libc.a(lib_a-strtoll_r.o)
                0x000000000000df14                _strtoll_r
 .text._strtoul_r
                0x000000000000e0e0      0x134 /Applications/lpcxpresso_7.9.0_455/lpcxpresso/tools/bin/../lib/gcc/arm-none-eabi/4.9.3/../../../../arm-none-eabi/lib/armv7-m/libc.a(lib_a-strtoul.o)
                0x000000000000e0e0                _strtoul_r
 .text._strtoull_r
                0x000000000000e214      0x1e8 /Applications/lpcxpresso_7.9.0_455/lpcxpresso/tools/bin/../lib/gcc/arm-none-eabi/4.9.3/../../../../arm-none-eabi/lib/armv7-m/libc.a(lib_a-strtoull_r.o)
                0x000000000000e214                _strtoull_r
 .text.__ssprint_r
                0x000000000000e3fc      0x104 /Applications/lpcxpresso_7.9.0_455/lpcxpresso/tools/bin/../lib/gcc/arm-none-eabi/4.9.3/../../../../arm-none-eabi/lib/armv7-m/libc.a(lib_a-svfiprintf.o)
                0x000000000000e3fc                __ssprint_r
 .text._sungetc_r
                0x000000000000e500       0x88 /Applications/lpcxpresso_7.9.0_455/lpcxpresso/tools/bin/../lib/gcc/arm-none-eabi/4.9.3/../../../../arm-none-eabi/lib/armv7-m/libc.a(lib_a-svfiscanf.o)
                0x000000000000e500                _sungetc_r
 .text.__ssrefill_r
                0x000000000000e588       0x3c /Applications/lpcxpresso_7.9.0_455/lpcxpresso/tools/bin/../lib/gcc/arm-none-eabi/4.9.3/../../../../arm-none-eabi/lib/armv7-m/libc.a(lib_a-svfiscanf.o)
                0x000000000000e588                __ssrefill_r
 .text._sfread_r
                0x000000000000e5c4       0x80 /Applications/lpcxpresso_7.9.0_455/lpcxpresso/tools/bin/../lib/gcc/arm-none-eabi/4.9.3/../../../../arm-none-eabi/lib/armv7-m/libc.a(lib_a-svfiscanf.o)
                0x000000000000e5c4                _sfread_r
 .text.__submore
                0x000000000000e644       0x7c /Applications/lpcxpresso_7.9.0_455/lpcxpresso/tools/bin/../lib/gcc/arm-none-eabi/4.9.3/../../../../arm-none-eabi/lib/armv7-m/libc.a(lib_a-ungetc.o)
                0x000000000000e644                __submore
 .text.__sprint_r.part.0
                0x000000000000e6c0       0x78 /Applications/lpcxpresso_7.9.0_455/lpcxpresso/tools/bin/../lib/gcc/arm-none-eabi/4.9.3/../../../../arm-none-eabi/lib/armv7-m/libc.a(lib_a-vfiprintf.o)
 .text.__sprint_r
                0x000000000000e738       0x18 /Applications/lpcxpresso_7.9.0_455/lpcxpresso/tools/bin/../lib/gcc/arm-none-eabi/4.9.3/../../../../arm-none-eabi/lib/armv7-m/libc.a(lib_a-vfiprintf.o)
                0x000000000000e738                __sprint_r
 .text._calloc_r
                0x000000000000e750       0x60 /Applications/lpcxpresso_7.9.0_455/lpcxpresso/tools/bin/../lib/gcc/arm-none-eabi/4.9.3/../../../../arm-none-eabi/lib/armv7-m/libc.a(lib_a-callocr.o)
                0x000000000000e750                _calloc_r
 .text.__fputwc
                0x000000000000e7b0       0xb0 /Applications/lpcxpresso_7.9.0_455/lpcxpresso/tools/bin/../lib/gcc/arm-none-eabi/4.9.3/../../../../arm-none-eabi/lib/armv7-m/libc.a(lib_a-fputwc.o)
                0x000000000000e7b0                __fputwc
 .text._fputwc_r
                0x000000000000e860       0x24 /Applications/lpcxpresso_7.9.0_455/lpcxpresso/tools/bin/../lib/gcc/arm-none-eabi/4.9.3/../../../../arm-none-eabi/lib/armv7-m/libc.a(lib_a-fputwc.o)
                0x000000000000e860                _fputwc_r
 .text.rshift   0x000000000000e884       0xa0 /Applications/lpcxpresso_7.9.0_455/lpcxpresso/tools/bin/../lib/gcc/arm-none-eabi/4.9.3/../../../../arm-none-eabi/lib/armv7-m/libc.a(lib_a-gdtoa-gethex.o)
 .text.__gethex
                0x000000000000e924      0x514 /Applications/lpcxpresso_7.9.0_455/lpcxpresso/tools/bin/../lib/gcc/arm-none-eabi/4.9.3/../../../../arm-none-eabi/lib/armv7-m/libc.a(lib_a-gdtoa-gethex.o)
                0x000000000000e924                __gethex
 .text.__hexnan
                0x000000000000ee38      0x184 /Applications/lpcxpresso_7.9.0_455/lpcxpresso/tools/bin/../lib/gcc/arm-none-eabi/4.9.3/../../../../arm-none-eabi/lib/armv7-m/libc.a(lib_a-gdtoa-hexnan.o)
                0x000000000000ee38                __hexnan
 .text._wcrtomb_r