Archive member included because of file (symbol)

/Users/mori/LPCXpresso/workspace/Wheelchair_motorcontroll/mbed/TARGET_LPC1768/TOOLCHAIN_GCC_CR/libmbed.a(analogin_api.o)
                              ./main.o (analogin_init)
/Users/mori/LPCXpresso/workspace/Wheelchair_motorcontroll/mbed/TARGET_LPC1768/TOOLCHAIN_GCC_CR/libmbed.a(gpio_irq_api.o)
                              ./QEI/QEI.o (gpio_irq_set)
/Users/mori/LPCXpresso/workspace/Wheelchair_motorcontroll/mbed/TARGET_LPC1768/TOOLCHAIN_GCC_CR/libmbed.a(pwmout_api.o)
                              ./motordriver.o (pwmout_write)
/Users/mori/LPCXpresso/workspace/Wheelchair_motorcontroll/mbed/TARGET_LPC1768/TOOLCHAIN_GCC_CR/libmbed.a(serial_api.o)
                              /Users/mori/LPCXpresso/workspace/Wheelchair_motorcontroll/mbed/TARGET_LPC1768/TOOLCHAIN_GCC_CR/retarget.o (serial_getc)
/Users/mori/LPCXpresso/workspace/Wheelchair_motorcontroll/mbed/TARGET_LPC1768/TOOLCHAIN_GCC_CR/libmbed.a(CAN.o)
                              ./CAN_thread.o (mbed::CAN::~CAN())
/Users/mori/LPCXpresso/workspace/Wheelchair_motorcontroll/mbed/TARGET_LPC1768/TOOLCHAIN_GCC_CR/libmbed.a(FilePath.o)
                              /Users/mori/LPCXpresso/workspace/Wheelchair_motorcontroll/mbed/TARGET_LPC1768/TOOLCHAIN_GCC_CR/retarget.o (mbed::FilePath::FilePath(char const*))
/Users/mori/LPCXpresso/workspace/Wheelchair_motorcontroll/mbed/TARGET_LPC1768/TOOLCHAIN_GCC_CR/libmbed.a(FileSystemLike.o)
                              ./SDFileSystem/FATFileSystem/FATFileSystem.o (mbed::FileSystemLike::~FileSystemLike())
/Users/mori/LPCXpresso/workspace/Wheelchair_motorcontroll/mbed/TARGET_LPC1768/TOOLCHAIN_GCC_CR/libmbed.a(I2C.o)
                              ./ACM1602NI/ACM1602NI.o (mbed::I2C::I2C(PinName, PinName))
/Users/mori/LPCXpresso/workspace/Wheelchair_motorcontroll/mbed/TARGET_LPC1768/TOOLCHAIN_GCC_CR/libmbed.a(InterruptIn.o)
                              ./Velocity_thread.o (mbed::InterruptIn::~InterruptIn())
/Users/mori/LPCXpresso/workspace/Wheelchair_motorcontroll/mbed/TARGET_LPC1768/TOOLCHAIN_GCC_CR/libmbed.a(SPI.o)
                              ./SDFileSystem/SDFileSystem.o (mbed::SPI::SPI(PinName, PinName, PinName, PinName))
/Users/mori/LPCXpresso/workspace/Wheelchair_motorcontroll/mbed/TARGET_LPC1768/TOOLCHAIN_GCC_CR/libmbed.a(SPISlave.o)
                              ./CAN_thread.o (mbed::SPISlave::SPISlave(PinName, PinName, PinName, PinName))
/Users/mori/LPCXpresso/workspace/Wheelchair_motorcontroll/mbed/TARGET_LPC1768/TOOLCHAIN_GCC_CR/libmbed.a(Serial.o)
                              ./main.o (mbed::Serial::Serial(PinName, PinName, char const*))
/Users/mori/LPCXpresso/workspace/Wheelchair_motorcontroll/mbed/TARGET_LPC1768/TOOLCHAIN_GCC_CR/libmbed.a(SerialBase.o)
                              /Users/mori/LPCXpresso/workspace/Wheelchair_motorcontroll/mbed/TARGET_LPC1768/TOOLCHAIN_GCC_CR/libmbed.a(Serial.o) (mbed::SerialBase::SerialBase(PinName, PinName))
/Users/mori/LPCXpresso/workspace/Wheelchair_motorcontroll/mbed/TARGET_LPC1768/TOOLCHAIN_GCC_CR/libmbed.a(Stream.o)
                              ./ACM1602NI/ACM1602NI.o (mbed::Stream::close())
/Users/mori/LPCXpresso/workspace/Wheelchair_motorcontroll/mbed/TARGET_LPC1768/TOOLCHAIN_GCC_CR/libmbed.a(Ticker.o)
                              ./Velocity_thread.o (mbed::Ticker::detach())
/Users/mori/LPCXpresso/workspace/Wheelchair_motorcontroll/mbed/TARGET_LPC1768/TOOLCHAIN_GCC_CR/libmbed.a(TimerEvent.o)
                              ./Velocity_thread.o (mbed::TimerEvent::~TimerEvent())
/Users/mori/LPCXpresso/workspace/Wheelchair_motorcontroll/mbed/TARGET_LPC1768/TOOLCHAIN_GCC_CR/libmbed.a(assert.o)
                              ./SDFileSystem/SDFileSystem.o (mbed_assert_internal)
/Users/mori/LPCXpresso/workspace/Wheelchair_motorcontroll/mbed/TARGET_LPC1768/TOOLCHAIN_GCC_CR/libmbed.a(error.o)
                              ./mbed-rtos/rtos/Mutex.o (error)
/Users/mori/LPCXpresso/workspace/Wheelchair_motorcontroll/mbed/TARGET_LPC1768/TOOLCHAIN_GCC_CR/libmbed.a(gpio.o)
                              /Users/mori/LPCXpresso/workspace/Wheelchair_motorcontroll/mbed/TARGET_LPC1768/TOOLCHAIN_GCC_CR/libmbed.a(serial_api.o) (gpio_init_in)
/Users/mori/LPCXpresso/workspace/Wheelchair_motorcontroll/mbed/TARGET_LPC1768/TOOLCHAIN_GCC_CR/libmbed.a(mbed_interface.o)
                              /Users/mori/LPCXpresso/workspace/Wheelchair_motorcontroll/mbed/TARGET_LPC1768/TOOLCHAIN_GCC_CR/retarget.o (mbed_interface_connected)
/Users/mori/LPCXpresso/workspace/Wheelchair_motorcontroll/mbed/TARGET_LPC1768/TOOLCHAIN_GCC_CR/libmbed.a(pinmap_common.o)
                              /Users/mori/LPCXpresso/workspace/Wheelchair_motorcontroll/mbed/TARGET_LPC1768/TOOLCHAIN_GCC_CR/libmbed.a(analogin_api.o) (pinmap_pinout)
/Users/mori/LPCXpresso/workspace/Wheelchair_motorcontroll/mbed/TARGET_LPC1768/TOOLCHAIN_GCC_CR/libmbed.a(rtc_time.o)
                              ./SDFileSystem/FATFileSystem/FATFileSystem.o (time)
[...]
Memory Configuration

Name             Origin             Length             Attributes
MFlash512        0x0000000000000000 0x0000000000080000 xr
RamLoc32         0x00000000100000c8 0x0000000000007f38 xrw
RamAHB_USB       0x000000002007c000 0x0000000000004000 xrw
RamAHB_Eth       0x0000000020080000 0x0000000000004000 xrw
*default*        0x0000000000000000 0xffffffffffffffff

Linker script and memory map

LOAD ./mbed-rtos/rtx/TARGET_CORTEX_M/TARGET_M3/TOOLCHAIN_GCC/HAL_CM3.o
LOAD ./mbed-rtos/rtx/TARGET_CORTEX_M/TARGET_M3/TOOLCHAIN_GCC/SVC_Table.o
LOAD ./mbed-rtos/rtx/TARGET_CORTEX_M/HAL_CM.o
LOAD ./mbed-rtos/rtx/TARGET_CORTEX_M/RTX_Conf_CM.o
LOAD ./mbed-rtos/rtx/TARGET_CORTEX_M/rt_CMSIS.o
LOAD ./mbed-rtos/rtx/TARGET_CORTEX_M/rt_Event.o
LOAD ./mbed-rtos/rtx/TARGET_CORTEX_M/rt_List.o
LOAD ./mbed-rtos/rtx/TARGET_CORTEX_M/rt_Mailbox.o
LOAD ./mbed-rtos/rtx/TARGET_CORTEX_M/rt_MemBox.o
LOAD ./mbed-rtos/rtx/TARGET_CORTEX_M/rt_Mutex.o
LOAD ./mbed-rtos/rtx/TARGET_CORTEX_M/rt_Robin.o
LOAD ./mbed-rtos/rtx/TARGET_CORTEX_M/rt_Semaphore.o
LOAD ./mbed-rtos/rtx/TARGET_CORTEX_M/rt_System.o
LOAD ./mbed-rtos/rtx/TARGET_CORTEX_M/rt_Task.o
LOAD ./mbed-rtos/rtx/TARGET_CORTEX_M/rt_Time.o
LOAD ./mbed-rtos/rtos/Mutex.o
LOAD ./mbed-rtos/rtos/RtosTimer.o
LOAD ./mbed-rtos/rtos/Semaphore.o
LOAD ./mbed-rtos/rtos/Thread.o
LOAD ./SDFileSystem/FATFileSystem/ChaN/ccsbcs.o
LOAD ./SDFileSystem/FATFileSystem/ChaN/diskio.o
LOAD ./SDFileSystem/FATFileSystem/ChaN/ff.o
LOAD ./SDFileSystem/FATFileSystem/FATDirHandle.o
LOAD ./SDFileSystem/FATFileSystem/FATFileHandle.o
LOAD ./SDFileSystem/FATFileSystem/FATFileSystem.o
LOAD ./SDFileSystem/SDFileSystem.o
LOAD ./QEI/QEI.o
LOAD ./ACM1602NI/ACM1602NI.o
LOAD ./CAN_thread.o
LOAD ./Deback_thread.o
LOAD ./PID.o
LOAD ./V_Control.o
LOAD ./Velocity_thread.o
LOAD ./main.o
LOAD ./motordriver.o
LOAD ./read_velocity.o
LOAD /Users/mori/LPCXpresso/workspace/Wheelchair_motorcontroll/mbed/TARGET_LPC1768/TOOLCHAIN_GCC_CR/board.o
LOAD /Users/mori/LPCXpresso/workspace/Wheelchair_motorcontroll/mbed/TARGET_LPC1768/TOOLCHAIN_GCC_CR/cmsis_nvic.o
LOAD /Users/mori/LPCXpresso/workspace/Wheelchair_motorcontroll/mbed/TARGET_LPC1768/TOOLCHAIN_GCC_CR/retarget.o
LOAD /Users/mori/LPCXpresso/workspace/Wheelchair_motorcontroll/mbed/TARGET_LPC1768/TOOLCHAIN_GCC_CR/startup_LPC17xx.o
LOAD /Users/mori/LPCXpresso/workspace/Wheelchair_motorcontroll/mbed/TARGET_LPC1768/TOOLCHAIN_GCC_CR/system_LPC17xx.o
LOAD /Users/mori/LPCXpresso/workspace/Wheelchair_motorcontroll/mbed/TARGET_LPC1768/TOOLCHAIN_GCC_CR/libmbed.a
START GROUP
LOAD /Applications/lpcxpresso_7.9.0_455/lpcxpresso/tools/bin/../lib/gcc/arm-none-eabi/4.9.3/armv7-m/libgcc.a
LOAD /Applications/lpcxpresso_7.9.0_455/lpcxpresso/tools/bin/../lib/gcc/arm-none-eabi/4.9.3/../../../../arm-none-eabi/lib/armv7-m/libc.a
LOAD /Applications/lpcxpresso_7.9.0_455/lpcxpresso/tools/bin/../lib/gcc/arm-none-eabi/4.9.3/../../../../arm-none-eabi/lib/armv7-m/libstdc++.a
LOAD /Applications/lpcxpresso_7.9.0_455/lpcxpresso/tools/bin/../lib/gcc/arm-none-eabi/4.9.3/../../../../arm-none-eabi/lib/armv7-m/libm.a
LOAD /Applications/lpcxpresso_7.9.0_455/lpcxpresso/tools/bin/../lib/gcc/arm-none-eabi/4.9.3/../../../../arm-none-eabi/lib/armv7-m/libcr_newlib_nohost.a
LOAD /Applications/lpcxpresso_7.9.0_455/lpcxpresso/tools/bin/../lib/gcc/arm-none-eabi/4.9.3/armv7-m/crti.o
LOAD /Applications/lpcxpresso_7.9.0_455/lpcxpresso/tools/bin/../lib/gcc/arm-none-eabi/4.9.3/armv7-m/crtn.o
LOAD /Applications/lpcxpresso_7.9.0_455/lpcxpresso/tools/bin/../lib/gcc/arm-none-eabi/4.9.3/armv7-m/crtbegin.o
LOAD /Applications/lpcxpresso_7.9.0_455/lpcxpresso/tools/bin/../lib/gcc/arm-none-eabi/4.9.3/armv7-m/crtend.o
END GROUP
                0x0000000000080000                __top_MFlash512 = 0x80000
                0x0000000010008000                __top_RamLoc32 = 0x10008000
                0x0000000020084000                __top_RamAHB32 = 0x20084000

.text           0x0000000000000000    0x11968
 FILL mask 0xff
 *(.isr_vector)
 .isr_vector    0x0000000000000000       0xcc /Users/mori/LPCXpresso/workspace/Wheelchair_motorcontroll/mbed/TARGET_LPC1768/TOOLCHAIN_GCC_CR/startup_LPC17xx.o
                0x0000000000000000                g_pfnVectors
                0x00000000000000cc                . = ALIGN (0x4)
                0x00000000000000cc                __section_table_start = .
                0x00000000000000cc                __data_section_table = .
                0x00000000000000cc        0x4 LONG 0x11970 LOADADDR (.data)
                0x00000000000000d0        0x4 LONG 0x100000c8 ADDR (.data)
                0x00000000000000d4        0x4 LONG 0x958 SIZEOF (.data)
                0x00000000000000d8        0x4 LONG 0x11970 LOADADDR (.data_RAM2)
                0x00000000000000dc        0x4 LONG 0x2007c000 ADDR (.data_RAM2)
                0x00000000000000e0        0x4 LONG 0x0 SIZEOF (.data_RAM2)
                0x00000000000000e4                __data_section_table_end = .
                0x00000000000000e4                __bss_section_table = .
                0x00000000000000e4        0x4 LONG 0x10000a20 ADDR (.bss)
                0x00000000000000e8        0x4 LONG 0x13a0 SIZEOF (.bss)
                0x00000000000000ec        0x4 LONG 0x2007c000 ADDR (.bss_RAM2)
                0x00000000000000f0        0x4 LONG 0x0 SIZEOF (.bss_RAM2)
                0x00000000000000f4                __bss_section_table_end = .
                0x00000000000000f4                __section_table_end = .
 *(.after_vectors*)
 .after_vectors
                0x00000000000000f4       0xd0 /Users/mori/LPCXpresso/workspace/Wheelchair_motorcontroll/mbed/TARGET_LPC1768/TOOLCHAIN_GCC_CR/startup_LPC17xx.o
                0x00000000000000f4                NMI_Handler
                0x00000000000000f8                HardFault_Handler
                0x00000000000000fc                MemManage_Handler
                0x0000000000000100                BusFault_Handler
                0x0000000000000104                UsageFault_Handler
                0x000000000000010c                DebugMon_Handler
                0x0000000000000118                EINT2_IRQHandler
                0x0000000000000118                UART1_IRQHandler
                0x0000000000000118                EINT3_IRQHandler
                0x0000000000000118                CANActivity_IRQHandler
                0x0000000000000118                TIMER3_IRQHandler
                0x0000000000000118                UART0_IRQHandler
                0x0000000000000118                IntDefaultHandler
                0x0000000000000118                PLL0_IRQHandler
                0x0000000000000118                CAN_IRQHandler
                0x0000000000000118                PLL1_IRQHandler
                0x0000000000000118                SSP0_IRQHandler
                0x0000000000000118                I2S_IRQHandler
                0x0000000000000118                I2C2_IRQHandler
                0x0000000000000118                RTC_IRQHandler
                0x0000000000000118                TIMER0_IRQHandler
                0x0000000000000118                SPI_IRQHandler
                0x0000000000000118                EINT1_IRQHandler
                0x0000000000000118                TIMER1_IRQHandler
                0x0000000000000118                UART2_IRQHandler
                0x0000000000000118                ADC_IRQHandler
                0x0000000000000118                SSP1_IRQHandler
                0x0000000000000118                USB_IRQHandler
                0x0000000000000118                TIMER2_IRQHandler
                0x0000000000000118                BOD_IRQHandler
                0x0000000000000118                RIT_IRQHandler
                0x0000000000000118                I2C0_IRQHandler
                0x0000000000000118                USBActivity_IRQHandler
                0x0000000000000118                PWM1_IRQHandler
                0x0000000000000118                I2C1_IRQHandler
                0x0000000000000118                UART3_IRQHandler
                0x0000000000000118                MCPWM_IRQHandler
                0x0000000000000118                ENET_IRQHandler
                0x0000000000000118                WDT_IRQHandler
                0x0000000000000118                QEI_IRQHandler
                0x0000000000000118                EINT0_IRQHandler
                0x0000000000000118                DMA_IRQHandler
                0x000000000000011c                ResetISR
                0x000000000000019c                data_init
                0x00000000000001b4                bss_init
 *(.text*)
 .text          0x00000000000001c4      0x128 ./mbed-rtos/rtx/TARGET_CORTEX_M/TARGET_M3/TOOLCHAIN_GCC/HAL_CM3.o
                0x00000000000001c4                rt_set_PSP
                0x00000000000001ca                rt_get_PSP
                0x00000000000001d0                os_set_env
                0x00000000000001e8                _alloc_box
                0x0000000000000204                _free_box
                0x0000000000000220                SVC_Handler
                0x000000000000028a                PendSV_Handler
                0x000000000000028e                Sys_Switch
                0x00000000000002c0                SysTick_Handler
                0x00000000000002c8                OS_Tick_Handler
 .text.rt_init_stack
                0x00000000000002ec       0x98 ./mbed-rtos/rtx/TARGET_CORTEX_M/HAL_CM.o
                0x00000000000002ec                rt_init_stack
 .text.rt_ret_regs
                0x0000000000000384       0x1c ./mbed-rtos/rtx/TARGET_CORTEX_M/HAL_CM.o
 .text.rt_ret_val
                0x00000000000003a0       0x20 ./mbed-rtos/rtx/TARGET_CORTEX_M/HAL_CM.o
                0x00000000000003a0                rt_ret_val
 .text.rt_ret_val2
                0x00000000000003c0       0x28 ./mbed-rtos/rtx/TARGET_CORTEX_M/HAL_CM.o
                0x00000000000003c0                rt_ret_val2
 .text.os_idle_demon
                0x00000000000003e8        0x8 ./mbed-rtos/rtx/TARGET_CORTEX_M/RTX_Conf_CM.o
                0x00000000000003e8                os_idle_demon
 .text.os_error
                0x00000000000003f0       0x14 ./mbed-rtos/rtx/TARGET_CORTEX_M/RTX_Conf_CM.o
                0x00000000000003f0                os_error
 .text.sysThreadError
                0x0000000000000404       0x18 ./mbed-rtos/rtx/TARGET_CORTEX_M/RTX_Conf_CM.o
                0x0000000000000404                sysThreadError
 .text.set_main_stack
                0x000000000000041c       0x1c ./mbed-rtos/rtx/TARGET_CORTEX_M/RTX_Conf_CM.o
                0x000000000000041c                set_main_stack
 .text.software_init_hook
                0x0000000000000438       0x38 ./mbed-rtos/rtx/TARGET_CORTEX_M/RTX_Conf_CM.o
                0x0000000000000438                software_init_hook
 .text.rt_ms2tick
                0x0000000000000470       0x68 ./mbed-rtos/rtx/TARGET_CORTEX_M/rt_CMSIS.o
 .text.rt_tid2ptcb
                0x00000000000004d8       0x40 ./mbed-rtos/rtx/TARGET_CORTEX_M/rt_CMSIS.o
 .text.rt_id2obj
                0x0000000000000518       0x24 ./mbed-rtos/rtx/TARGET_CORTEX_M/rt_CMSIS.o
 .text.svcKernelInitialize
                0x000000000000053c       0x38 ./mbed-rtos/rtx/TARGET_CORTEX_M/rt_CMSIS.o
                0x000000000000053c                svcKernelInitialize
 .text.svcKernelStart
                0x0000000000000574       0x78 ./mbed-rtos/rtx/TARGET_CORTEX_M/rt_CMSIS.o
                0x0000000000000574                svcKernelStart
 .text.osKernelInitialize
                0x00000000000005ec       0x44 ./mbed-rtos/rtx/TARGET_CORTEX_M/rt_CMSIS.o
                0x00000000000005ec                osKernelInitialize
 .text.osKernelStart
                0x0000000000000630       0xcc ./mbed-rtos/rtx/TARGET_CORTEX_M/rt_CMSIS.o
                0x0000000000000630                osKernelStart
 .text.svcThreadCreate
                0x00000000000006fc       0xc8 ./mbed-rtos/rtx/TARGET_CORTEX_M/rt_CMSIS.o
                0x00000000000006fc                svcThreadCreate
 .text.svcThreadGetId
                0x00000000000007c4       0x2c ./mbed-rtos/rtx/TARGET_CORTEX_M/rt_CMSIS.o
                0x00000000000007c4                svcThreadGetId
 .text.svcThreadTerminate
                0x00000000000007f0       0x3c ./mbed-rtos/rtx/TARGET_CORTEX_M/rt_CMSIS.o
                0x00000000000007f0                svcThreadTerminate
 .text.osThreadCreate
                0x000000000000082c       0x64 ./mbed-rtos/rtx/TARGET_CORTEX_M/rt_CMSIS.o
                0x000000000000082c                osThreadCreate
 .text.osThreadTerminate
                0x0000000000000890       0x34 ./mbed-rtos/rtx/TARGET_CORTEX_M/rt_CMSIS.o
                0x0000000000000890                osThreadTerminate
 .text.osThreadExit
                0x00000000000008c4       0x20 ./mbed-rtos/rtx/TARGET_CORTEX_M/rt_CMSIS.o
                0x00000000000008c4                osThreadExit
 .text.svcDelay
                0x00000000000008e4       0x2c ./mbed-rtos/rtx/TARGET_CORTEX_M/rt_CMSIS.o
                0x00000000000008e4                svcDelay
 .text.osDelay  0x0000000000000910       0x34 ./mbed-rtos/rtx/TARGET_CORTEX_M/rt_CMSIS.o
                0x0000000000000910                osDelay
 .text.rt_timer_insert
                0x0000000000000944       0x88 ./mbed-rtos/rtx/TARGET_CORTEX_M/rt_CMSIS.o
 .text.svcTimerCall
                0x00000000000009cc       0x60 ./mbed-rtos/rtx/TARGET_CORTEX_M/rt_CMSIS.o
                0x00000000000009cc                svcTimerCall
 .text.sysTimerTick
                0x0000000000000a2c       0x7c ./mbed-rtos/rtx/TARGET_CORTEX_M/rt_CMSIS.o
                0x0000000000000a2c                sysTimerTick
 .text.osTimerCall
                0x0000000000000aa8       0x30 ./mbed-rtos/rtx/TARGET_CORTEX_M/rt_CMSIS.o
                0x0000000000000aa8                osTimerCall
 .text.osTimerThread
                0x0000000000000ad8       0x44 ./mbed-rtos/rtx/TARGET_CORTEX_M/rt_CMSIS.o
                0x0000000000000ad8                osTimerThread
 .text.svcSemaphoreCreate
                0x0000000000000b1c       0x6c ./mbed-rtos/rtx/TARGET_CORTEX_M/rt_CMSIS.o
                0x0000000000000b1c                svcSemaphoreCreate
 .text.svcSemaphoreDelete
                0x0000000000000b88       0x38 ./mbed-rtos/rtx/TARGET_CORTEX_M/rt_CMSIS.o
                0x0000000000000b88                svcSemaphoreDelete
 .text.osSemaphoreCreate
                0x0000000000000bc0       0x64 ./mbed-rtos/rtx/TARGET_CORTEX_M/rt_CMSIS.o
                0x0000000000000bc0                osSemaphoreCreate
 .text.osSemaphoreDelete
                0x0000000000000c24       0x34 ./mbed-rtos/rtx/TARGET_CORTEX_M/rt_CMSIS.o
                0x0000000000000c24                osSemaphoreDelete
 .text.svcMessageCreate
                0x0000000000000c58       0x64 ./mbed-rtos/rtx/TARGET_CORTEX_M/rt_CMSIS.o
                0x0000000000000c58                svcMessageCreate
 .text.svcMessageGet
                0x0000000000000cbc       0xd4 ./mbed-rtos/rtx/TARGET_CORTEX_M/rt_CMSIS.o
                0x0000000000000cbc                svcMessageGet
 .text.isrMessagePut
                0x0000000000000d90       0x4c ./mbed-rtos/rtx/TARGET_CORTEX_M/rt_CMSIS.o
 .text.isrMessageGet
                0x0000000000000ddc       0x94 ./mbed-rtos/rtx/TARGET_CORTEX_M/rt_CMSIS.o
 .text.osMessageGet
                0x0000000000000e70       0x5c ./mbed-rtos/rtx/TARGET_CORTEX_M/rt_CMSIS.o
                0x0000000000000e70                osMessageGet
 .text.rt_evt_psh
                0x0000000000000ecc       0xa4 ./mbed-rtos/rtx/TARGET_CORTEX_M/rt_Event.o
                0x0000000000000ecc                rt_evt_psh
 .text.rt_inc_qi
                0x0000000000000f70       0x60 ./mbed-rtos/rtx/TARGET_CORTEX_M/rt_List.o
 .text.rt_put_prio
                0x0000000000000fd0       0x8c ./mbed-rtos/rtx/TARGET_CORTEX_M/rt_List.o
                0x0000000000000fd0                rt_put_prio
 .text.rt_get_first
                0x000000000000105c       0x60 ./mbed-rtos/rtx/TARGET_CORTEX_M/rt_List.o
                0x000000000000105c                rt_get_first
 .text.rt_put_rdy_first
                0x00000000000010bc       0x2c ./mbed-rtos/rtx/TARGET_CORTEX_M/rt_List.o
                0x00000000000010bc                rt_put_rdy_first
 .text.rt_resort_prio
                0x00000000000010e8       0x4c ./mbed-rtos/rtx/TARGET_CORTEX_M/rt_List.o
                0x00000000000010e8                rt_resort_prio
 .text.rt_put_dly
                0x0000000000001134       0xc8 ./mbed-rtos/rtx/TARGET_CORTEX_M/rt_List.o
                0x0000000000001134                rt_put_dly
 .text.rt_dec_dly
                0x00000000000011fc       0xcc ./mbed-rtos/rtx/TARGET_CORTEX_M/rt_List.o
                0x00000000000011fc                rt_dec_dly
 .text.rt_rmv_list
                0x00000000000012c8       0x64 ./mbed-rtos/rtx/TARGET_CORTEX_M/rt_List.o
                0x00000000000012c8                rt_rmv_list
 .text.rt_rmv_dly
                0x000000000000132c       0x5c ./mbed-rtos/rtx/TARGET_CORTEX_M/rt_List.o
                0x000000000000132c                rt_rmv_dly
 .text.rt_psq_enq
                0x0000000000001388       0x54 ./mbed-rtos/rtx/TARGET_CORTEX_M/rt_List.o
                0x0000000000001388                rt_psq_enq
 .text.rt_mbx_init
                0x00000000000013dc       0x50 ./mbed-rtos/rtx/TARGET_CORTEX_M/rt_Mailbox.o
                0x00000000000013dc                rt_mbx_init
 .text.rt_mbx_wait
                0x000000000000142c      0x118 ./mbed-rtos/rtx/TARGET_CORTEX_M/rt_Mailbox.o
                0x000000000000142c                rt_mbx_wait
 .text.rt_mbx_check
                0x0000000000001544       0x24 ./mbed-rtos/rtx/TARGET_CORTEX_M/rt_Mailbox.o
                0x0000000000001544                rt_mbx_check
 .text.isr_mbx_send
                0x0000000000001568       0x24 ./mbed-rtos/rtx/TARGET_CORTEX_M/rt_Mailbox.o
                0x0000000000001568                isr_mbx_send
 .text.isr_mbx_receive
                0x000000000000158c       0x80 ./mbed-rtos/rtx/TARGET_CORTEX_M/rt_Mailbox.o
                0x000000000000158c                isr_mbx_receive
 .text.rt_mbx_psh
                0x000000000000160c      0x158 ./mbed-rtos/rtx/TARGET_CORTEX_M/rt_Mailbox.o
                0x000000000000160c                rt_mbx_psh
 .text.rt_alloc_box
                0x0000000000001764       0x44 ./mbed-rtos/rtx/TARGET_CORTEX_M/rt_MemBox.o
                0x0000000000001764                rt_alloc_box
 .text.rt_free_box
                0x00000000000017a8       0x54 ./mbed-rtos/rtx/TARGET_CORTEX_M/rt_MemBox.o
                0x00000000000017a8                rt_free_box
 .text.rt_init_robin
                0x00000000000017fc       0x24 ./mbed-rtos/rtx/TARGET_CORTEX_M/rt_Robin.o
                0x00000000000017fc                rt_init_robin
 .text.rt_chk_robin
                0x0000000000001820       0x68 ./mbed-rtos/rtx/TARGET_CORTEX_M/rt_Robin.o
                0x0000000000001820                rt_chk_robin
 .text.rt_sem_init
                0x0000000000001888       0x2c ./mbed-rtos/rtx/TARGET_CORTEX_M/rt_Semaphore.o
                0x0000000000001888                rt_sem_init
 .text.rt_sem_delete
                0x00000000000018b4       0x84 ./mbed-rtos/rtx/TARGET_CORTEX_M/rt_Semaphore.o
                0x00000000000018b4                rt_sem_delete
 .text.rt_sem_psh
                0x0000000000001938       0x4c ./mbed-rtos/rtx/TARGET_CORTEX_M/rt_Semaphore.o
                0x0000000000001938                rt_sem_psh
 .text.rt_systick_init
                0x0000000000001984       0x40 ./mbed-rtos/rtx/TARGET_CORTEX_M/rt_System.o
 .text.rt_psh_req
                0x00000000000019c4       0x34 ./mbed-rtos/rtx/TARGET_CORTEX_M/rt_System.o
                0x00000000000019c4                rt_psh_req
 .text.rt_pop_req
                0x00000000000019f8       0xcc ./mbed-rtos/rtx/TARGET_CORTEX_M/rt_System.o
                0x00000000000019f8                rt_pop_req
 .text.os_tick_init
                0x0000000000001ac4       0x10 ./mbed-rtos/rtx/TARGET_CORTEX_M/rt_System.o
                0x0000000000001ac4                os_tick_init
 .text.os_tick_irqack
                0x0000000000001ad4        0xc ./mbed-rtos/rtx/TARGET_CORTEX_M/rt_System.o
                0x0000000000001ad4                os_tick_irqack
 .text.rt_systick
                0x0000000000001ae0       0x50 ./mbed-rtos/rtx/TARGET_CORTEX_M/rt_System.o
                0x0000000000001ae0                rt_systick
 .text.rt_stk_check
                0x0000000000001b30       0x3c ./mbed-rtos/rtx/TARGET_CORTEX_M/rt_System.o
                0x0000000000001b30                rt_stk_check
 .text.rt_svc_init
                0x0000000000001b6c       0x7c ./mbed-rtos/rtx/TARGET_CORTEX_M/rt_Task.o
 .text.rt_get_TID
                0x0000000000001be8       0x48 ./mbed-rtos/rtx/TARGET_CORTEX_M/rt_Task.o
                0x0000000000001be8                rt_get_TID
 .text.rt_init_context
                0x0000000000001c30       0x68 ./mbed-rtos/rtx/TARGET_CORTEX_M/rt_Task.o
                0x0000000000001c30                rt_init_context
 .text.rt_switch_req
                0x0000000000001c98       0x24 ./mbed-rtos/rtx/TARGET_CORTEX_M/rt_Task.o
                0x0000000000001c98                rt_switch_req
 .text.rt_dispatch
                0x0000000000001cbc       0x64 ./mbed-rtos/rtx/TARGET_CORTEX_M/rt_Task.o
                0x0000000000001cbc                rt_dispatch
 .text.rt_block
                0x0000000000001d20       0x54 ./mbed-rtos/rtx/TARGET_CORTEX_M/rt_Task.o
                0x0000000000001d20                rt_block
 .text.rt_tsk_self
                0x0000000000001d74       0x24 ./mbed-rtos/rtx/TARGET_CORTEX_M/rt_Task.o
                0x0000000000001d74                rt_tsk_self
 .text.rt_tsk_prio
                0x0000000000001d98       0xb8 ./mbed-rtos/rtx/TARGET_CORTEX_M/rt_Task.o
                0x0000000000001d98                rt_tsk_prio
 .text.rt_tsk_delete
                0x0000000000001e50       0xb8 ./mbed-rtos/rtx/TARGET_CORTEX_M/rt_Task.o
                0x0000000000001e50                rt_tsk_delete
 .text.rt_sys_init
                0x0000000000001f08       0xc8 ./mbed-rtos/rtx/TARGET_CORTEX_M/rt_Task.o
                0x0000000000001f08                rt_sys_init
 .text.rt_sys_start
                0x0000000000001fd0       0x4c ./mbed-rtos/rtx/TARGET_CORTEX_M/rt_Task.o
                0x0000000000001fd0                rt_sys_start
 .text.rt_dly_wait
                0x000000000000201c       0x1c ./mbed-rtos/rtx/TARGET_CORTEX_M/rt_Time.o
                0x000000000000201c                rt_dly_wait
 .text._ZN4rtos9SemaphoreC2El
                0x0000000000002038       0x40 ./mbed-rtos/rtos/Semaphore.o
                0x0000000000002038                rtos::Semaphore::Semaphore(long)
                0x0000000000002038                rtos::Semaphore::Semaphore(long)
 .text._ZN4rtos9SemaphoreD2Ev
                0x0000000000002078       0x1c ./mbed-rtos/rtos/Semaphore.o
                0x0000000000002078                rtos::Semaphore::~Semaphore()
                0x0000000000002078                rtos::Semaphore::~Semaphore()
 .text._ZN4rtos6ThreadC2EPFvPKvEPv10osPrioritymPh
                0x0000000000002094       0xbc ./mbed-rtos/rtos/Thread.o
                0x0000000000002094                rtos::Thread::Thread(void (*)(void const*), void*, osPriority, unsigned long, unsigned char*)
                0x0000000000002094                rtos::Thread::Thread(void (*)(void const*), void*, osPriority, unsigned long, unsigned char*)
 .text._ZN4rtos6Thread9terminateEv
                0x0000000000002150       0x1c ./mbed-rtos/rtos/Thread.o
                0x0000000000002150                rtos::Thread::terminate()
 .text._ZN4rtos6Thread4waitEm
                0x000000000000216c       0x18 ./mbed-rtos/rtos/Thread.o
                0x000000000000216c                rtos::Thread::wait(unsigned long)
 .text._ZN4rtos6ThreadD2Ev
                0x0000000000002184       0x4c ./mbed-rtos/rtos/Thread.o
                0x0000000000002184                rtos::Thread::~Thread()
                0x0000000000002184                rtos::Thread::~Thread()
 .text._ZN4rtos6ThreadD0Ev
                0x00000000000021d0       0x20 ./mbed-rtos/rtos/Thread.o
                0x00000000000021d0                rtos::Thread::~Thread()
 .text.gpio_write
                0x00000000000021f0       0x48 ./SDFileSystem/SDFileSystem.o
 .text._ZN4mbed10DigitalOutC2E7PinName
                0x0000000000002238       0x44 ./SDFileSystem/SDFileSystem.o
                0x0000000000002238                mbed::DigitalOut::DigitalOut(PinName)
                0x0000000000002238                mbed::DigitalOut::DigitalOut(PinName)
 .text._ZN4mbed10DigitalOut5writeEi
                0x000000000000227c       0x1c ./SDFileSystem/SDFileSystem.o
                0x000000000000227c                mbed::DigitalOut::write(int)
 .text._ZN4mbed10DigitalOutaSEi
                0x0000000000002298       0x1c ./SDFileSystem/SDFileSystem.o
                0x0000000000002298                mbed::DigitalOut::operator=(int)
 .text._ZN3QEIC2E7PinNameS0_S0_iNS_8EncodingE
                0x00000000000022b4      0x130 ./QEI/QEI.o
                0x00000000000022b4                QEI::QEI(PinName, PinName, PinName, int, QEI::Encoding)
                0x00000000000022b4                QEI::QEI(PinName, PinName, PinName, int, QEI::Encoding)
 .text._ZN3QEI5resetEv
                0x00000000000023e4       0x24 ./QEI/QEI.o
                0x00000000000023e4                QEI::reset()
 .text._ZN3QEI9getPulsesEv
                0x0000000000002408       0x1c ./QEI/QEI.o
                0x0000000000002408                QEI::getPulses()
 .text._ZN3QEI6encodeEv
                0x0000000000002424      0x11c ./QEI/QEI.o
                0x0000000000002424                QEI::encode()
 .text._ZN3QEI5indexEv
                0x0000000000002540       0x20 ./QEI/QEI.o
                0x0000000000002540                QEI::index()
 .text._ZN4mbed11InterruptIn4riseI3QEIEEvPT_MS3_FvvE
                0x0000000000002560       0x34 ./QEI/QEI.o
                0x0000000000002560                void mbed::InterruptIn::rise<QEI>(QEI*, void (QEI::*)())
 .text._ZN4mbed11InterruptIn4fallI3QEIEEvPT_MS3_FvvE
                0x0000000000002594       0x34 ./QEI/QEI.o
                0x0000000000002594                void mbed::InterruptIn::fall<QEI>(QEI*, void (QEI::*)())
 .text._ZN4mbed19FunctionPointerArg1IvvE6attachI3QEIEEvPT_MS4_FvvE
                0x00000000000025c8       0x3c ./QEI/QEI.o
                0x00000000000025c8                void mbed::FunctionPointerArg1<void, void>::attach<QEI>(QEI*, void (QEI::*)())
 .text._ZN4mbed19FunctionPointerArg1IvvE12membercallerI3QEIEEvPvPj
                0x0000000000002604       0x50 ./QEI/QEI.o
                0x0000000000002604                void mbed::FunctionPointerArg1<void, void>::membercaller<QEI>(void*, unsigned int*)
 .text.gpio_read
                0x0000000000002654       0x44 ./CAN_thread.o
 .text._ZN4mbed10DigitalOut4readEv
                0x0000000000002698       0x1c ./CAN_thread.o
                0x0000000000002698                mbed::DigitalOut::read()
 .text._ZN4mbed10DigitalOutcviEv
                0x00000000000026b4       0x18 ./CAN_thread.o
                0x00000000000026b4                mbed::DigitalOut::operator int()
 *fill*         0x00000000000026cc        0x4 
 .text._Z9SPI_SlavePKv
                0x00000000000026d0      0x1c4 ./CAN_thread.o
                0x00000000000026d0                SPI_Slave(void const*)
 .text._Z41__static_initialization_and_destruction_0ii
                0x0000000000002894       0x6c ./CAN_thread.o
 .text._GLOBAL__sub_I_can
                0x0000000000002900       0x10 ./CAN_thread.o
 .text._ZN4mbed6TickerD2Ev
                0x0000000000002910       0x38 ./Velocity_thread.o
                0x0000000000002910                mbed::Ticker::~Ticker()
                0x0000000000002910                mbed::Ticker::~Ticker()
 .text._ZN4mbed6TickerD0Ev
                0x0000000000002948       0x20 ./Velocity_thread.o
                0x0000000000002948                mbed::Ticker::~Ticker()
 .text._Z14VelocityThreadPKv
                0x0000000000002968       0x60 ./Velocity_thread.o
                0x0000000000002968                VelocityThread(void const*)
 .text._ZN3QEID2Ev
                0x00000000000029c8       0x30 ./Velocity_thread.o
                0x00000000000029c8                QEI::~QEI()
                0x00000000000029c8                QEI::~QEI()
 .text._ZN12ReadVelocityD2Ev
                0x00000000000029f8       0x28 ./Velocity_thread.o
                0x00000000000029f8                ReadVelocity::~ReadVelocity()
                0x00000000000029f8                ReadVelocity::~ReadVelocity()
 .text._Z41__static_initialization_and_destruction_0ii
                0x0000000000002a20       0x7c ./Velocity_thread.o
 .text._GLOBAL__sub_I_rightVelocity
                0x0000000000002a9c       0x10 ./Velocity_thread.o
 .text._ZN4mbed8AnalogInC2E7PinName
                0x0000000000002aac       0x20 ./main.o
                0x0000000000002aac                mbed::AnalogIn::AnalogIn(PinName)
                0x0000000000002aac                mbed::AnalogIn::AnalogIn(PinName)
 .text._ZN4mbed10SerialBaseD2Ev
                0x0000000000002acc       0x28 ./main.o
                0x0000000000002acc                mbed::SerialBase::~SerialBase()
                0x0000000000002acc                mbed::SerialBase::~SerialBase()
 .text._ZN4mbed10SerialBaseD0Ev
                0x0000000000002af4       0x20 ./main.o
                0x0000000000002af4                mbed::SerialBase::~SerialBase()
 .text.main     0x0000000000002b14       0x88 ./main.o
                0x0000000000002b14                main
 .text._ZN4mbed6SerialD2Ev
                0x0000000000002b9c       0x50 ./main.o
                0x0000000000002b9c                mbed::Serial::~Serial()
                0x0000000000002b9c                mbed::Serial::~Serial()
 .text._ZN4mbed6SerialD1Ev
                0x0000000000002bec       0x10 ./main.o
                0x0000000000002bec                non-virtual thunk to mbed::Serial::~Serial()
                0x0000000000002bf4                non-virtual thunk to mbed::Serial::~Serial()
 .text._ZN4mbed6SerialD0Ev
                0x0000000000002bfc       0x30 ./main.o
                0x0000000000002bfc                mbed::Serial::~Serial()
                0x0000000000002c1c                non-virtual thunk to mbed::Serial::~Serial()
                0x0000000000002c24                non-virtual thunk to mbed::Serial::~Serial()
 .text._Z41__static_initialization_and_destruction_0ii
                0x0000000000002c2c      0x108 ./main.o
 .text._GLOBAL__sub_I_led1
                0x0000000000002d34       0x10 ./main.o
 .text._ZN4mbed6PwmOutC2E7PinName
                0x0000000000002d44       0x20 ./motordriver.o
                0x0000000000002d44                mbed::PwmOut::PwmOut(PinName)
                0x0000000000002d44                mbed::PwmOut::PwmOut(PinName)
 .text._ZN4mbed6PwmOut5writeEf
                0x0000000000002d64       0x1c ./motordriver.o
                0x0000000000002d64                mbed::PwmOut::write(float)
 .text._ZN4mbed6PwmOut6periodEf
                0x0000000000002d80       0x1c ./motordriver.o
                0x0000000000002d80                mbed::PwmOut::period(float)
 .text._ZN4mbed6PwmOutaSEf
                0x0000000000002d9c       0x1c ./motordriver.o
                0x0000000000002d9c                mbed::PwmOut::operator=(float)
 .text._ZN5MotorC2E7PinNameS0_S0_f
                0x0000000000002db8       0x80 ./motordriver.o
                0x0000000000002db8                Motor::Motor(PinName, PinName, PinName, float)
                0x0000000000002db8                Motor::Motor(PinName, PinName, PinName, float)
 .text._ZN5Motor6rotateEf
                0x0000000000002e38       0xb8 ./motordriver.o
                0x0000000000002e38                Motor::rotate(float)
 .text._ZN4mbed6TickerC2Ev
                0x0000000000002ef0       0x30 ./read_velocity.o
                0x0000000000002ef0                mbed::Ticker::Ticker()
                0x0000000000002ef0                mbed::Ticker::Ticker()
 .text._ZN12ReadVelocityC2E7PinNameS0_if
                0x0000000000002f20       0x7c ./read_velocity.o
                0x0000000000002f20                ReadVelocity::ReadVelocity(PinName, PinName, int, float)
                0x0000000000002f20                ReadVelocity::ReadVelocity(PinName, PinName, int, float)
 *fill*         0x0000000000002f9c        0x4 
 .text._ZN12ReadVelocity9initParamEv
                0x0000000000002fa0       0xa0 ./read_velocity.o
                0x0000000000002fa0                ReadVelocity::initParam()
 .text._ZN12ReadVelocity11readEncoderEv
                0x0000000000003040       0x88 ./read_velocity.o
                0x0000000000003040                ReadVelocity::readEncoder()
 .text._ZN12ReadVelocity8getPulseEv
                0x00000000000030c8       0x1c ./read_velocity.o
                0x00000000000030c8                ReadVelocity::getPulse()
 .text._ZN12ReadVelocity13getRevolutionEv
                0x00000000000030e4       0x2c ./read_velocity.o
                0x00000000000030e4                ReadVelocity::getRevolution()
 .text._ZN4mbed19FunctionPointerArg1IvvEC2EPFvvE
                0x0000000000003110       0x1c ./read_velocity.o
                0x0000000000003110                mbed::FunctionPointerArg1<void, void>::FunctionPointerArg1(void (*)())
                0x0000000000003110                mbed::FunctionPointerArg1<void, void>::FunctionPointerArg1(void (*)())
 .text._ZN4mbed19FunctionPointerArg1IvvE6attachEPFvvE
                0x000000000000312c       0x20 ./read_velocity.o
                0x000000000000312c                mbed::FunctionPointerArg1<void, void>::attach(void (*)())
 .text._ZN4mbed6Ticker6attachI12ReadVelocityEEvPT_MS3_FvvEf
                0x000000000000314c       0x3c ./read_velocity.o
                0x000000000000314c                void mbed::Ticker::attach<ReadVelocity>(ReadVelocity*, void (ReadVelocity::*)(), float)
 .text._ZN4mbed6Ticker9attach_usI12ReadVelocityEEvPT_MS3_FvvEm
                0x0000000000003188       0x30 ./read_velocity.o
                0x0000000000003188                void mbed::Ticker::attach_us<ReadVelocity>(ReadVelocity*, void (ReadVelocity::*)(), unsigned long)
 .text._ZN4mbed19FunctionPointerArg1IvvE6attachI12ReadVelocityEEvPT_MS4_FvvE
                0x00000000000031b8       0x3c ./read_velocity.o
                0x00000000000031b8                void mbed::FunctionPointerArg1<void, void>::attach<ReadVelocity>(ReadVelocity*, void (ReadVelocity::*)())
 .text._ZN4mbed19FunctionPointerArg1IvvE12membercallerI12ReadVelocityEEvPvPj
                0x00000000000031f4       0x50 ./read_velocity.o
                0x00000000000031f4                void mbed::FunctionPointerArg1<void, void>::membercaller<ReadVelocity>(void*, unsigned int*)
 .text.mbed_die
                0x0000000000003244      0x10c /Users/mori/LPCXpresso/workspace/Wheelchair_motorcontroll/mbed/TARGET_LPC1768/TOOLCHAIN_GCC_CR/board.o
                0x0000000000003244                mbed_die
 .text.NVIC_SetVector
                0x0000000000003350       0x3c /Users/mori/LPCXpresso/workspace/Wheelchair_motorcontroll/mbed/TARGET_LPC1768/TOOLCHAIN_GCC_CR/cmsis_nvic.o
                0x0000000000003350                NVIC_SetVector
 .text._ZN4mbed10FileHandle4flenEv
                0x000000000000338c       0x34 /Users/mori/LPCXpresso/workspace/Wheelchair_motorcontroll/mbed/TARGET_LPC1768/TOOLCHAIN_GCC_CR/retarget.o
                0x000000000000338c                mbed::FileHandle::flen()
 .text._ZN4mbed10FileHandleD2Ev
                0x00000000000033c0       0x2c /Users/mori/LPCXpresso/workspace/Wheelchair_motorcontroll/mbed/TARGET_LPC1768/TOOLCHAIN_GCC_CR/retarget.o
                0x00000000000033c0                mbed::FileHandle::~FileHandle()
                0x00000000000033c0                mbed::FileHandle::~FileHandle()
 .text._ZN4mbed10FileHandleD0Ev
                0x00000000000033ec       0x34 /Users/mori/LPCXpresso/workspace/Wheelchair_motorcontroll/mbed/TARGET_LPC1768/TOOLCHAIN_GCC_CR/retarget.o
                0x00000000000033ec                mbed::FileHandle::~FileHandle()
 .text._ZL11init_serialv.part.0
                0x0000000000003420       0x18 /Users/mori/LPCXpresso/workspace/Wheelchair_motorcontroll/mbed/TARGET_LPC1768/TOOLCHAIN_GCC_CR/retarget.o
 .text._open    0x0000000000003438       0xf8 /Users/mori/LPCXpresso/workspace/Wheelchair_motorcontroll/mbed/TARGET_LPC1768/TOOLCHAIN_GCC_CR/retarget.o
                0x0000000000003438                _open
 .text._close   0x0000000000003530       0x2c /Users/mori/LPCXpresso/workspace/Wheelchair_motorcontroll/mbed/TARGET_LPC1768/TOOLCHAIN_GCC_CR/retarget.o
                0x0000000000003530                _close
 .text._write   0x000000000000355c       0x50 /Users/mori/LPCXpresso/workspace/Wheelchair_motorcontroll/mbed/TARGET_LPC1768/TOOLCHAIN_GCC_CR/retarget.o
                0x000000000000355c                _write
 .text._read    0x00000000000035ac       0x4c /Users/mori/LPCXpresso/workspace/Wheelchair_motorcontroll/mbed/TARGET_LPC1768/TOOLCHAIN_GCC_CR/retarget.o
                0x00000000000035ac                _read
 .text._isatty  0x00000000000035f8       0x28 /Users/mori/LPCXpresso/workspace/Wheelchair_motorcontroll/mbed/TARGET_LPC1768/TOOLCHAIN_GCC_CR/retarget.o
                0x00000000000035f8                _isatty
 .text._lseek   0x0000000000003620       0x28 /Users/mori/LPCXpresso/workspace/Wheelchair_motorcontroll/mbed/TARGET_LPC1768/TOOLCHAIN_GCC_CR/retarget.o
                0x0000000000003620                _lseek
 .text._fstat   0x0000000000003648       0x20 /Users/mori/LPCXpresso/workspace/Wheelchair_motorcontroll/mbed/TARGET_LPC1768/TOOLCHAIN_GCC_CR/retarget.o
                0x0000000000003648                _fstat
 .text.exit     0x0000000000003668       0x30 /Users/mori/LPCXpresso/workspace/Wheelchair_motorcontroll/mbed/TARGET_LPC1768/TOOLCHAIN_GCC_CR/retarget.o
                0x0000000000003668                exit
 .text.__cxa_pure_virtual
                0x0000000000003698        0x8 /Users/mori/LPCXpresso/workspace/Wheelchair_motorcontroll/mbed/TARGET_LPC1768/TOOLCHAIN_GCC_CR/retarget.o
                0x0000000000003698                __cxa_pure_virtual
 .text._ZN4mbed26mbed_set_unbuffered_streamEP7__sFILE
                0x00000000000036a0        0x8 /Users/mori/LPCXpresso/workspace/Wheelchair_motorcontroll/mbed/TARGET_LPC1768/TOOLCHAIN_GCC_CR/retarget.o
                0x00000000000036a0                mbed::mbed_set_unbuffered_stream(__sFILE*)
 .text.__aeabi_atexit
                0x00000000000036a8        0x4 /Users/mori/LPCXpresso/workspace/Wheelchair_motorcontroll/mbed/TARGET_LPC1768/TOOLCHAIN_GCC_CR/startup_LPC17xx.o
                0x00000000000036a8                __aeabi_atexit
 .text._Znaj    0x00000000000036ac        0x4 /Users/mori/LPCXpresso/workspace/Wheelchair_motorcontroll/mbed/TARGET_LPC1768/TOOLCHAIN_GCC_CR/startup_LPC17xx.o
                0x00000000000036ac                operator new[](unsigned int)
 .text._ZdlPv   0x00000000000036b0        0x4 /Users/mori/LPCXpresso/workspace/Wheelchair_motorcontroll/mbed/TARGET_LPC1768/TOOLCHAIN_GCC_CR/startup_LPC17xx.o
                0x00000000000036b0                operator delete(void*)
 .text._ZdaPv   0x00000000000036b4        0x4 /Users/mori/LPCXpresso/workspace/Wheelchair_motorcontroll/mbed/TARGET_LPC1768/TOOLCHAIN_GCC_CR/startup_LPC17xx.o
                0x00000000000036b4                operator delete[](void*)
 .text.SystemInit
                0x00000000000036b8       0xb8 /Users/mori/LPCXpresso/workspace/Wheelchair_motorcontroll/mbed/TARGET_LPC1768/TOOLCHAIN_GCC_CR/system_LPC17xx.o
                0x00000000000036b8                SystemInit
 .text.analogin_init
                0x0000000000003770       0x98 /Users/mori/LPCXpresso/workspace/Wheelchair_motorcontroll/mbed/TARGET_LPC1768/TOOLCHAIN_GCC_CR/libmbed.a(analogin_api.o)
                0x0000000000003770                analogin_init
 .text.handle_interrupt_in
                0x0000000000003808      0x118 /Users/mori/LPCXpresso/workspace/Wheelchair_motorcontroll/mbed/TARGET_LPC1768/TOOLCHAIN_GCC_CR/libmbed.a(gpio_irq_api.o)
 .text.gpio_irq_init
                0x0000000000003920       0x70 /Users/mori/LPCXpresso/workspace/Wheelchair_motorcontroll/mbed/TARGET_LPC1768/TOOLCHAIN_GCC_CR/libmbed.a(gpio_irq_api.o)
                0x0000000000003920                gpio_irq_init
 .text.gpio_irq_free
                0x0000000000003990       0x10 /Users/mori/LPCXpresso/workspace/Wheelchair_motorcontroll/mbed/TARGET_LPC1768/TOOLCHAIN_GCC_CR/libmbed.a(gpio_irq_api.o)
                0x0000000000003990                gpio_irq_free
 .text.gpio_irq_set
                0x00000000000039a0       0xd8 /Users/mori/LPCXpresso/workspace/Wheelchair_motorcontroll/mbed/TARGET_LPC1768/TOOLCHAIN_GCC_CR/libmbed.a(gpio_irq_api.o)
                0x00000000000039a0                gpio_irq_set
 .text.pwmout_write
                0x0000000000003a78       0x5c /Users/mori/LPCXpresso/workspace/Wheelchair_motorcontroll/mbed/TARGET_LPC1768/TOOLCHAIN_GCC_CR/libmbed.a(pwmout_api.o)
                0x0000000000003a78                pwmout_write
 .text.pwmout_period_us
                0x0000000000003ad4       0x44 /Users/mori/LPCXpresso/workspace/Wheelchair_motorcontroll/mbed/TARGET_LPC1768/TOOLCHAIN_GCC_CR/libmbed.a(pwmout_api.o)
                0x0000000000003ad4                pwmout_period_us
 .text.pwmout_period
                0x0000000000003b18       0x20 /Users/mori/LPCXpresso/workspace/Wheelchair_motorcontroll/mbed/TARGET_LPC1768/TOOLCHAIN_GCC_CR/libmbed.a(pwmout_api.o)
                0x0000000000003b18                pwmout_period
 .text.pwmout_init
                0x0000000000003b38       0xd8 /Users/mori/LPCXpresso/workspace/Wheelchair_motorcontroll/mbed/TARGET_LPC1768/TOOLCHAIN_GCC_CR/libmbed.a(pwmout_api.o)
                0x0000000000003b38                pwmout_init
 .text.uart2_irq
                0x0000000000003c10       0x64 /Users/mori/LPCXpresso/workspace/Wheelchair_motorcontroll/mbed/TARGET_LPC1768/TOOLCHAIN_GCC_CR/libmbed.a(serial_api.o)
                0x0000000000003c10                uart2_irq
 .text.serial_irq_set_internal
                0x0000000000003c74       0xcc /Users/mori/LPCXpresso/workspace/Wheelchair_motorcontroll/mbed/TARGET_LPC1768/TOOLCHAIN_GCC_CR/libmbed.a(serial_api.o)
 .text.uart0_irq
                0x0000000000003d40       0x64 /Users/mori/LPCXpresso/workspace/Wheelchair_motorcontroll/mbed/TARGET_LPC1768/TOOLCHAIN_GCC_CR/libmbed.a(serial_api.o)
                0x0000000000003d40                uart0_irq
 .text.uart3_irq
                0x0000000000003da4       0x6c /Users/mori/LPCXpresso/workspace/Wheelchair_motorcontroll/mbed/TARGET_LPC1768/TOOLCHAIN_GCC_CR/libmbed.a(serial_api.o)
                0x0000000000003da4                uart3_irq
 .text.uart1_irq
                0x0000000000003e10       0x64 /Users/mori/LPCXpresso/workspace/Wheelchair_motorcontroll/mbed/TARGET_LPC1768/TOOLCHAIN_GCC_CR/libmbed.a(serial_api.o)
                0x0000000000003e10                uart1_irq
 .text.serial_baud
                0x0000000000003e74      0x244 /Users/mori/LPCXpresso/workspace/Wheelchair_motorcontroll/mbed/TARGET_LPC1768/TOOLCHAIN_GCC_CR/libmbed.a(serial_api.o)
                0x0000000000003e74                serial_baud
 .text.serial_format
                0x00000000000040b8       0x78 /Users/mori/LPCXpresso/workspace/Wheelchair_motorcontroll/mbed/TARGET_LPC1768/TOOLCHAIN_GCC_CR/libmbed.a(serial_api.o)
                0x00000000000040b8                serial_format
 .text.serial_irq_handler
                0x0000000000004130       0x20 /Users/mori/LPCXpresso/workspace/Wheelchair_motorcontroll/mbed/TARGET_LPC1768/TOOLCHAIN_GCC_CR/libmbed.a(serial_api.o)
                0x0000000000004130                serial_irq_handler
 .text.serial_getc
                0x0000000000004150       0x38 /Users/mori/LPCXpresso/workspace/Wheelchair_motorcontroll/mbed/TARGET_LPC1768/TOOLCHAIN_GCC_CR/libmbed.a(serial_api.o)
                0x0000000000004150                serial_getc
 .text.serial_writable
                0x0000000000004188       0x74 /Users/mori/LPCXpresso/workspace/Wheelchair_motorcontroll/mbed/TARGET_LPC1768/TOOLCHAIN_GCC_CR/libmbed.a(serial_api.o)
                0x0000000000004188                serial_writable
 .text.serial_putc
                0x00000000000041fc       0x34 /Users/mori/LPCXpresso/workspace/Wheelchair_motorcontroll/mbed/TARGET_LPC1768/TOOLCHAIN_GCC_CR/libmbed.a(serial_api.o)
                0x00000000000041fc                serial_putc
 .text.serial_set_flow_control
                0x0000000000004230      0x12c /Users/mori/LPCXpresso/workspace/Wheelchair_motorcontroll/mbed/TARGET_LPC1768/TOOLCHAIN_GCC_CR/libmbed.a(serial_api.o)
                0x0000000000004230                serial_set_flow_control
 .text.serial_init
                0x000000000000435c      0x1bc /Users/mori/LPCXpresso/workspace/Wheelchair_motorcontroll/mbed/TARGET_LPC1768/TOOLCHAIN_GCC_CR/libmbed.a(serial_api.o)
                0x000000000000435c                serial_init
 .text._ZN4mbed3CAN12_irq_handlerEm10CanIrqType
                0x0000000000004518       0x28 /Users/mori/LPCXpresso/workspace/Wheelchair_motorcontroll/mbed/TARGET_LPC1768/TOOLCHAIN_GCC_CR/libmbed.a(CAN.o)
                0x0000000000004518                mbed::CAN::_irq_handler(unsigned long, CanIrqType)
 .text._ZN4mbed3CAND2Ev
                0x0000000000004540       0x20 /Users/mori/LPCXpresso/workspace/Wheelchair_motorcontroll/mbed/TARGET_LPC1768/TOOLCHAIN_GCC_CR/libmbed.a(CAN.o)
                0x0000000000004540                mbed::CAN::~CAN()
                0x0000000000004540                mbed::CAN::~CAN()
 .text._ZN4mbed3CAND0Ev
                0x0000000000004560       0x28 /Users/mori/LPCXpresso/workspace/Wheelchair_motorcontroll/mbed/TARGET_LPC1768/TOOLCHAIN_GCC_CR/libmbed.a(CAN.o)
                0x0000000000004560                mbed::CAN::~CAN()
 .text._ZN4mbed3CANC2E7PinNameS1_
                0x0000000000004588       0x44 /Users/mori/LPCXpresso/workspace/Wheelchair_motorcontroll/mbed/TARGET_LPC1768/TOOLCHAIN_GCC_CR/libmbed.a(CAN.o)
                0x0000000000004588                mbed::CAN::CAN(PinName, PinName)
                0x0000000000004588                mbed::CAN::CAN(PinName, PinName)
 .text._ZN4mbed8FilePathC2EPKc
                0x00000000000045cc       0x58 /Users/mori/LPCXpresso/workspace/Wheelchair_motorcontroll/mbed/TARGET_LPC1768/TOOLCHAIN_GCC_CR/libmbed.a(FilePath.o)
                0x00000000000045cc                mbed::FilePath::FilePath(char const*)
                0x00000000000045cc                mbed::FilePath::FilePath(char const*)
 .text._ZN4mbed8FilePath8fileNameEv
                0x0000000000004624        0x4 /Users/mori/LPCXpresso/workspace/Wheelchair_motorcontroll/mbed/TARGET_LPC1768/TOOLCHAIN_GCC_CR/libmbed.a(FilePath.o)
                0x0000000000004624                mbed::FilePath::fileName()
 .text._ZN4mbed8FilePath10fileSystemEv
                0x0000000000004628       0x18 /Users/mori/LPCXpresso/workspace/Wheelchair_motorcontroll/mbed/TARGET_LPC1768/TOOLCHAIN_GCC_CR/libmbed.a(FilePath.o)
                0x0000000000004628                mbed::FilePath::fileSystem()
 .text._ZN4mbed8FilePath6isFileEv
                0x0000000000004640       0x14 /Users/mori/LPCXpresso/workspace/Wheelchair_motorcontroll/mbed/TARGET_LPC1768/TOOLCHAIN_GCC_CR/libmbed.a(FilePath.o)
                0x0000000000004640                mbed::FilePath::isFile()
 .text._ZN4mbed8FilePath4fileEv
                0x0000000000004654       0x1c /Users/mori/LPCXpresso/workspace/Wheelchair_motorcontroll/mbed/TARGET_LPC1768/TOOLCHAIN_GCC_CR/libmbed.a(FilePath.o)
                0x0000000000004654                mbed::FilePath::file()
 .text._ZN4mbed8FilePath6existsEv
                0x0000000000004670        0xc /Users/mori/LPCXpresso/workspace/Wheelchair_motorcontroll/mbed/TARGET_LPC1768/TOOLCHAIN_GCC_CR/libmbed.a(FilePath.o)
                0x0000000000004670                mbed::FilePath::exists()
 .text._ZN4mbed11InterruptInD2Ev
                0x000000000000467c       0x18 /Users/mori/LPCXpresso/workspace/Wheelchair_motorcontroll/mbed/TARGET_LPC1768/TOOLCHAIN_GCC_CR/libmbed.a(InterruptIn.o)
                0x000000000000467c                mbed::InterruptIn::~InterruptIn()
                0x000000000000467c                mbed::InterruptIn::~InterruptIn()
 .text._ZN4mbed11InterruptInD0Ev
                0x0000000000004694       0x1c /Users/mori/LPCXpresso/workspace/Wheelchair_motorcontroll/mbed/TARGET_LPC1768/TOOLCHAIN_GCC_CR/libmbed.a(InterruptIn.o)
                0x0000000000004694                mbed::InterruptIn::~InterruptIn()
 .text._ZN4mbed11InterruptIn12_irq_handlerEm14gpio_irq_event
                0x00000000000046b0       0x44 /Users/mori/LPCXpresso/workspace/Wheelchair_motorcontroll/mbed/TARGET_LPC1768/TOOLCHAIN_GCC_CR/libmbed.a(InterruptIn.o)
                0x00000000000046b0                mbed::InterruptIn::_irq_handler(unsigned long, gpio_irq_event)
 .text._ZN4mbed11InterruptInC2E7PinName
                0x00000000000046f4       0x44 /Users/mori/LPCXpresso/workspace/Wheelchair_motorcontroll/mbed/TARGET_LPC1768/TOOLCHAIN_GCC_CR/libmbed.a(InterruptIn.o)
                0x00000000000046f4                mbed::InterruptIn::InterruptIn(PinName)
                0x00000000000046f4                mbed::InterruptIn::InterruptIn(PinName)
 .text._ZN4mbed11InterruptIn4readEv
                0x0000000000004738       0x30 /Users/mori/LPCXpresso/workspace/Wheelchair_motorcontroll/mbed/TARGET_LPC1768/TOOLCHAIN_GCC_CR/libmbed.a(InterruptIn.o)
                0x0000000000004738                mbed::InterruptIn::read()
 .text._ZN4mbed8SPISlaveC2E7PinNameS1_S1_S1_
                0x0000000000004768       0x40 /Users/mori/LPCXpresso/workspace/Wheelchair_motorcontroll/mbed/TARGET_LPC1768/TOOLCHAIN_GCC_CR/libmbed.a(SPISlave.o)
                0x0000000000004768                mbed::SPISlave::SPISlave(PinName, PinName, PinName, PinName)
                0x0000000000004768                mbed::SPISlave::SPISlave(PinName, PinName, PinName, PinName)
 .text._ZN4mbed8SPISlave6formatEii
                0x00000000000047a8        0xc /Users/mori/LPCXpresso/workspace/Wheelchair_motorcontroll/mbed/TARGET_LPC1768/TOOLCHAIN_GCC_CR/libmbed.a(SPISlave.o)
                0x00000000000047a8                mbed::SPISlave::format(int, int)
 .text._ZN4mbed8SPISlave9frequencyEi
                0x00000000000047b4        0x8 /Users/mori/LPCXpresso/workspace/Wheelchair_motorcontroll/mbed/TARGET_LPC1768/TOOLCHAIN_GCC_CR/libmbed.a(SPISlave.o)
                0x00000000000047b4                mbed::SPISlave::frequency(int)
 .text._ZN4mbed8SPISlave7receiveEv
                0x00000000000047bc        0x4 /Users/mori/LPCXpresso/workspace/Wheelchair_motorcontroll/mbed/TARGET_LPC1768/TOOLCHAIN_GCC_CR/libmbed.a(SPISlave.o)
                0x00000000000047bc                mbed::SPISlave::receive()
 .text._ZN4mbed8SPISlave4readEv
                0x00000000000047c0        0x4 /Users/mori/LPCXpresso/workspace/Wheelchair_motorcontroll/mbed/TARGET_LPC1768/TOOLCHAIN_GCC_CR/libmbed.a(SPISlave.o)
                0x00000000000047c0                mbed::SPISlave::read()
 .text._ZN4mbed8SPISlave5replyEi
                0x00000000000047c4        0x4 /Users/mori/LPCXpresso/workspace/Wheelchair_motorcontroll/mbed/TARGET_LPC1768/TOOLCHAIN_GCC_CR/libmbed.a(SPISlave.o)
                0x00000000000047c4                mbed::SPISlave::reply(int)
 .text._ZN4mbed6Serial5_getcEv
                0x00000000000047c8        0x4 /Users/mori/LPCXpresso/workspace/Wheelchair_motorcontroll/mbed/TARGET_LPC1768/TOOLCHAIN_GCC_CR/libmbed.a(Serial.o)
                0x00000000000047c8                mbed::Serial::_getc()
 .text._ZThn64_N4mbed6Serial5_getcEv
                0x00000000000047cc        0x8 /Users/mori/LPCXpresso/workspace/Wheelchair_motorcontroll/mbed/TARGET_LPC1768/TOOLCHAIN_GCC_CR/libmbed.a(Serial.o)
                0x00000000000047cc                non-virtual thunk to mbed::Serial::_getc()
 .text._ZN4mbed6Serial5_putcEi
                0x00000000000047d4        0x4 /Users/mori/LPCXpresso/workspace/Wheelchair_motorcontroll/mbed/TARGET_LPC1768/TOOLCHAIN_GCC_CR/libmbed.a(Serial.o)
                0x00000000000047d4                mbed::Serial::_putc(int)
 .text._ZThn64_N4mbed6Serial5_putcEi
                0x00000000000047d8        0x8 /Users/mori/LPCXpresso/workspace/Wheelchair_motorcontroll/mbed/TARGET_LPC1768/TOOLCHAIN_GCC_CR/libmbed.a(Serial.o)
                0x00000000000047d8                non-virtual thunk to mbed::Serial::_putc(int)
 .text._ZN4mbed6SerialC2E7PinNameS1_PKc
                0x00000000000047e0       0x30 /Users/mori/LPCXpresso/workspace/Wheelchair_motorcontroll/mbed/TARGET_LPC1768/TOOLCHAIN_GCC_CR/libmbed.a(Serial.o)
                0x00000000000047e0                mbed::Serial::Serial(PinName, PinName, char const*)
                0x00000000000047e0                mbed::Serial::Serial(PinName, PinName, char const*)
 .text._ZN4mbed10SerialBase12_irq_handlerEm9SerialIrq
                0x0000000000004810       0x28 /Users/mori/LPCXpresso/workspace/Wheelchair_motorcontroll/mbed/TARGET_LPC1768/TOOLCHAIN_GCC_CR/libmbed.a(SerialBase.o)
                0x0000000000004810                mbed::SerialBase::_irq_handler(unsigned long, SerialIrq)
 .text._ZN4mbed10SerialBaseC2E7PinNameS1_
                0x0000000000004838       0x3c /Users/mori/LPCXpresso/workspace/Wheelchair_motorcontroll/mbed/TARGET_LPC1768/TOOLCHAIN_GCC_CR/libmbed.a(SerialBase.o)
                0x0000000000004838                mbed::SerialBase::SerialBase(PinName, PinName)
                0x0000000000004838                mbed::SerialBase::SerialBase(PinName, PinName)
 .text._ZN4mbed10SerialBase10_base_getcEv
                0x0000000000004874        0x8 /Users/mori/LPCXpresso/workspace/Wheelchair_motorcontroll/mbed/TARGET_LPC1768/TOOLCHAIN_GCC_CR/libmbed.a(SerialBase.o)
                0x0000000000004874                mbed::SerialBase::_base_getc()
 .text._ZN4mbed10SerialBase10_base_putcEi
                0x000000000000487c       0x10 /Users/mori/LPCXpresso/workspace/Wheelchair_motorcontroll/mbed/TARGET_LPC1768/TOOLCHAIN_GCC_CR/libmbed.a(SerialBase.o)
                0x000000000000487c                mbed::SerialBase::_base_putc(int)
 .text._ZN4mbed6Stream5closeEv
                0x000000000000488c        0x4 /Users/mori/LPCXpresso/workspace/Wheelchair_motorcontroll/mbed/TARGET_LPC1768/TOOLCHAIN_GCC_CR/libmbed.a(Stream.o)
                0x000000000000488c                mbed::Stream::close()
 .text._ZN4mbed6Stream5writeEPKvj
                0x0000000000004890       0x30 /Users/mori/LPCXpresso/workspace/Wheelchair_motorcontroll/mbed/TARGET_LPC1768/TOOLCHAIN_GCC_CR/libmbed.a(Stream.o)
                0x0000000000004890                mbed::Stream::write(void const*, unsigned int)
 .text._ZN4mbed6Stream4readEPvj
                0x00000000000048c0       0x30 /Users/mori/LPCXpresso/workspace/Wheelchair_motorcontroll/mbed/TARGET_LPC1768/TOOLCHAIN_GCC_CR/libmbed.a(Stream.o)
                0x00000000000048c0                mbed::Stream::read(void*, unsigned int)
 .text._ZN4mbed6Stream5lseekEli
                0x00000000000048f0        0x4 /Users/mori/LPCXpresso/workspace/Wheelchair_motorcontroll/mbed/TARGET_LPC1768/TOOLCHAIN_GCC_CR/libmbed.a(Stream.o)
                0x00000000000048f0                mbed::Stream::lseek(long, int)
 .text._ZN4mbed6Stream6isattyEv
                0x00000000000048f4        0x4 /Users/mori/LPCXpresso/workspace/Wheelchair_motorcontroll/mbed/TARGET_LPC1768/TOOLCHAIN_GCC_CR/libmbed.a(Stream.o)
                0x00000000000048f4                mbed::Stream::isatty()
 .text._ZN4mbed6Stream5fsyncEv
                0x00000000000048f8        0x4 /Users/mori/LPCXpresso/workspace/Wheelchair_motorcontroll/mbed/TARGET_LPC1768/TOOLCHAIN_GCC_CR/libmbed.a(Stream.o)
                0x00000000000048f8                mbed::Stream::fsync()
 .text._ZN4mbed6Stream4flenEv
                0x00000000000048fc        0x4 /Users/mori/LPCXpresso/workspace/Wheelchair_motorcontroll/mbed/TARGET_LPC1768/TOOLCHAIN_GCC_CR/libmbed.a(Stream.o)
                0x00000000000048fc                mbed::Stream::flen()
 .text._ZN4mbed6StreamD2Ev
                0x0000000000004900       0x24 /Users/mori/LPCXpresso/workspace/Wheelchair_motorcontroll/mbed/TARGET_LPC1768/TOOLCHAIN_GCC_CR/libmbed.a(Stream.o)
                0x0000000000004900                mbed::Stream::~Stream()
                0x0000000000004900                mbed::Stream::~Stream()
 .text._ZThn4_N4mbed6StreamD1Ev
                0x0000000000004924        0x8 /Users/mori/LPCXpresso/workspace/Wheelchair_motorcontroll/mbed/TARGET_LPC1768/TOOLCHAIN_GCC_CR/libmbed.a(Stream.o)
                0x0000000000004924                non-virtual thunk to mbed::Stream::~Stream()
 .text._ZN4mbed6StreamD0Ev
                0x000000000000492c       0x14 /Users/mori/LPCXpresso/workspace/Wheelchair_motorcontroll/mbed/TARGET_LPC1768/TOOLCHAIN_GCC_CR/libmbed.a(Stream.o)
                0x000000000000492c                mbed::Stream::~Stream()
 .text._ZThn4_N4mbed6StreamD0Ev
                0x0000000000004940        0x8 /Users/mori/LPCXpresso/workspace/Wheelchair_motorcontroll/mbed/TARGET_LPC1768/TOOLCHAIN_GCC_CR/libmbed.a(Stream.o)
                0x0000000000004940                non-virtual thunk to mbed::Stream::~Stream()
 .text._ZN4mbed6StreamC2EPKc
                0x0000000000004948       0x44 /Users/mori/LPCXpresso/workspace/Wheelchair_motorcontroll/mbed/TARGET_LPC1768/TOOLCHAIN_GCC_CR/libmbed.a(Stream.o)
                0x0000000000004948                mbed::Stream::Stream(char const*)
                0x0000000000004948                mbed::Stream::Stream(char const*)
 .text._ZN4mbed6Ticker7handlerEv
                0x000000000000498c       0x28 /Users/mori/LPCXpresso/workspace/Wheelchair_motorcontroll/mbed/TARGET_LPC1768/TOOLCHAIN_GCC_CR/libmbed.a(Ticker.o)
                0x000000000000498c                mbed::Ticker::handler()
 .text._ZN4mbed6Ticker6detachEv
                0x00000000000049b4       0x10 /Users/mori/LPCXpresso/workspace/Wheelchair_motorcontroll/mbed/TARGET_LPC1768/TOOLCHAIN_GCC_CR/libmbed.a(Ticker.o)
                0x00000000000049b4                mbed::Ticker::detach()
 .text._ZN4mbed6Ticker5setupEm
                0x00000000000049c4       0x20 /Users/mori/LPCXpresso/workspace/Wheelchair_motorcontroll/mbed/TARGET_LPC1768/TOOLCHAIN_GCC_CR/libmbed.a(Ticker.o)
                0x00000000000049c4                mbed::Ticker::setup(unsigned long)
 .text._ZN4mbed10TimerEvent3irqEm
                0x00000000000049e4        0xc /Users/mori/LPCXpresso/workspace/Wheelchair_motorcontroll/mbed/TARGET_LPC1768/TOOLCHAIN_GCC_CR/libmbed.a(TimerEvent.o)
                0x00000000000049e4                mbed::TimerEvent::irq(unsigned long)
 .text._ZN4mbed10TimerEventD2Ev
                0x00000000000049f0       0x18 /Users/mori/LPCXpresso/workspace/Wheelchair_motorcontroll/mbed/TARGET_LPC1768/TOOLCHAIN_GCC_CR/libmbed.a(TimerEvent.o)
                0x00000000000049f0                mbed::TimerEvent::~TimerEvent()
                0x00000000000049f0                mbed::TimerEvent::~TimerEvent()
 .text._ZN4mbed10TimerEventD0Ev
                0x0000000000004a08       0x20 /Users/mori/LPCXpresso/workspace/Wheelchair_motorcontroll/mbed/TARGET_LPC1768/TOOLCHAIN_GCC_CR/libmbed.a(TimerEvent.o)
                0x0000000000004a08                mbed::TimerEvent::~TimerEvent()
 .text._ZN4mbed10TimerEventC2Ev
                0x0000000000004a28       0x28 /Users/mori/LPCXpresso/workspace/Wheelchair_motorcontroll/mbed/TARGET_LPC1768/TOOLCHAIN_GCC_CR/libmbed.a(TimerEvent.o)
                0x0000000000004a28                mbed::TimerEvent::TimerEvent()
                0x0000000000004a28                mbed::TimerEvent::TimerEvent()
 .text._ZN4mbed10TimerEvent6insertEm
                0x0000000000004a50        0xc /Users/mori/LPCXpresso/workspace/Wheelchair_motorcontroll/mbed/TARGET_LPC1768/TOOLCHAIN_GCC_CR/libmbed.a(TimerEvent.o)
                0x0000000000004a50                mbed::TimerEvent::insert(unsigned long)
 .text._ZN4mbed10TimerEvent6removeEv
                0x0000000000004a5c        0xc /Users/mori/LPCXpresso/workspace/Wheelchair_motorcontroll/mbed/TARGET_LPC1768/TOOLCHAIN_GCC_CR/libmbed.a(TimerEvent.o)
                0x0000000000004a5c                mbed::TimerEvent::remove()
 .text.mbed_assert_internal
                0x0000000000004a68       0x18 /Users/mori/LPCXpresso/workspace/Wheelchair_motorcontroll/mbed/TARGET_LPC1768/TOOLCHAIN_GCC_CR/libmbed.a(assert.o)
                0x0000000000004a68                mbed_assert_internal
 .text.error    0x0000000000004a80       0x24 /Users/mori/LPCXpresso/workspace/Wheelchair_motorcontroll/mbed/TARGET_LPC1768/TOOLCHAIN_GCC_CR/libmbed.a(error.o)
                0x0000000000004a80                error
 .text.gpio_init_in
                0x0000000000004aa4       0x24 /Users/mori/LPCXpresso/workspace/Wheelchair_motorcontroll/mbed/TARGET_LPC1768/TOOLCHAIN_GCC_CR/libmbed.a(gpio.o)
                0x0000000000004aa4                gpio_init_in
 .text.gpio_init_out
                0x0000000000004ac8       0x44 /Users/mori/LPCXpresso/workspace/Wheelchair_motorcontroll/mbed/TARGET_LPC1768/TOOLCHAIN_GCC_CR/libmbed.a(gpio.o)
                0x0000000000004ac8                gpio_init_out
 .text.gpio_init_out_ex
                0x0000000000004b0c       0x54 /Users/mori/LPCXpresso/workspace/Wheelchair_motorcontroll/mbed/TARGET_LPC1768/TOOLCHAIN_GCC_CR/libmbed.a(gpio.o)
                0x0000000000004b0c                gpio_init_out_ex
 .text.mbed_interface_connected
                0x0000000000004b60        0x4 /Users/mori/LPCXpresso/workspace/Wheelchair_motorcontroll/mbed/TARGET_LPC1768/TOOLCHAIN_GCC_CR/libmbed.a(mbed_interface.o)
                0x0000000000004b60                mbed_interface_connected
 .text.pinmap_pinout
                0x0000000000004b64       0x40 /Users/mori/LPCXpresso/workspace/Wheelchair_motorcontroll/mbed/TARGET_LPC1768/TOOLCHAIN_GCC_CR/libmbed.a(pinmap_common.o)
                0x0000000000004b64                pinmap_pinout
 .text.pinmap_merge
                0x0000000000004ba4       0x24 /Users/mori/LPCXpresso/workspace/Wheelchair_motorcontroll/mbed/TARGET_LPC1768/TOOLCHAIN_GCC_CR/libmbed.a(pinmap_common.o)
                0x0000000000004ba4                pinmap_merge
 .text.pinmap_find_peripheral
                0x0000000000004bc8       0x1c /Users/mori/LPCXpresso/workspace/Wheelchair_motorcontroll/mbed/TARGET_LPC1768/TOOLCHAIN_GCC_CR/libmbed.a(pinmap_common.o)
                0x0000000000004bc8                pinmap_find_peripheral
 .text.pinmap_peripheral
                0x0000000000004be4       0x34 /Users/mori/LPCXpresso/workspace/Wheelchair_motorcontroll/mbed/TARGET_LPC1768/TOOLCHAIN_GCC_CR/libmbed.a(pinmap_common.o)
                0x0000000000004be4                pinmap_peripheral
 .text.semihost_exit
                0x0000000000004c18       0x18 /Users/mori/LPCXpresso/workspace/Wheelchair_motorcontroll/mbed/TARGET_LPC1768/TOOLCHAIN_GCC_CR/libmbed.a(semihost_api.o)
                0x0000000000004c18                semihost_exit
 .text.semihost_connected
                0x0000000000004c30       0x10 /Users/mori/LPCXpresso/workspace/Wheelchair_motorcontroll/mbed/TARGET_LPC1768/TOOLCHAIN_GCC_CR/libmbed.a(semihost_api.o)
                0x0000000000004c30                semihost_connected
 .text.ticker_set_handler
                0x0000000000004c40       0x14 /Users/mori/LPCXpresso/workspace/Wheelchair_motorcontroll/mbed/TARGET_LPC1768/TOOLCHAIN_GCC_CR/libmbed.a(ticker_api.o)
                0x0000000000004c40                ticker_set_handler
 .text.ticker_irq_handler
                0x0000000000004c54       0x48 /Users/mori/LPCXpresso/workspace/Wheelchair_motorcontroll/mbed/TARGET_LPC1768/TOOLCHAIN_GCC_CR/libmbed.a(ticker_api.o)
                0x0000000000004c54                ticker_irq_handler
 .text.ticker_insert_event
                0x0000000000004c9c       0x48 /Users/mori/LPCXpresso/workspace/Wheelchair_motorcontroll/mbed/TARGET_LPC1768/TOOLCHAIN_GCC_CR/libmbed.a(ticker_api.o)
                0x0000000000004c9c                ticker_insert_event
 .text.ticker_remove_event
                0x0000000000004ce4       0x48 /Users/mori/LPCXpresso/workspace/Wheelchair_motorcontroll/mbed/TARGET_LPC1768/TOOLCHAIN_GCC_CR/libmbed.a(ticker_api.o)
                0x0000000000004ce4                ticker_remove_event
 .text.ticker_read
                0x0000000000004d2c        0xc /Users/mori/LPCXpresso/workspace/Wheelchair_motorcontroll/mbed/TARGET_LPC1768/TOOLCHAIN_GCC_CR/libmbed.a(ticker_api.o)
                0x0000000000004d2c                ticker_read
 .text.get_us_ticker_data
                0x0000000000004d38        0x8 /Users/mori/LPCXpresso/workspace/Wheelchair_motorcontroll/mbed/TARGET_LPC1768/TOOLCHAIN_GCC_CR/libmbed.a(us_ticker_api.o)
                0x0000000000004d38                get_us_ticker_data
 .text.us_ticker_irq_handler
                0x0000000000004d40        0xc /Users/mori/LPCXpresso/workspace/Wheelchair_motorcontroll/mbed/TARGET_LPC1768/TOOLCHAIN_GCC_CR/libmbed.a(us_ticker_api.o)
                0x0000000000004d40                us_ticker_irq_handler
 .text.wait_us  0x0000000000004d4c       0x18 /Users/mori/LPCXpresso/workspace/Wheelchair_motorcontroll/mbed/TARGET_LPC1768/TOOLCHAIN_GCC_CR/libmbed.a(wait_api.o)
                0x0000000000004d4c                wait_us
 .text.wait_ms  0x0000000000004d64        0xc /Users/mori/LPCXpresso/workspace/Wheelchair_motorcontroll/mbed/TARGET_LPC1768/TOOLCHAIN_GCC_CR/libmbed.a(wait_api.o)
                0x0000000000004d64                wait_ms
 .text.can_irq_init
                0x0000000000004d70       0x1c /Users/mori/LPCXpresso/workspace/Wheelchair_motorcontroll/mbed/TARGET_LPC1768/TOOLCHAIN_GCC_CR/libmbed.a(can_api.o)
                0x0000000000004d70                can_irq_init
 .text.can_irq_free
                0x0000000000004d8c       0x30 /Users/mori/LPCXpresso/workspace/Wheelchair_motorcontroll/mbed/TARGET_LPC1768/TOOLCHAIN_GCC_CR/libmbed.a(can_api.o)
                0x0000000000004d8c                can_irq_free
 .text.can_free
                0x0000000000004dbc       0x3c /Users/mori/LPCXpresso/workspace/Wheelchair_motorcontroll/mbed/TARGET_LPC1768/TOOLCHAIN_GCC_CR/libmbed.a(can_api.o)
                0x0000000000004dbc                can_free
 .text.can_frequency
                0x0000000000004df8       0xc8 /Users/mori/LPCXpresso/workspace/Wheelchair_motorcontroll/mbed/TARGET_LPC1768/TOOLCHAIN_GCC_CR/libmbed.a(can_api.o)
                0x0000000000004df8                can_frequency
 .text.can_init
                0x0000000000004ec0       0xd0 /Users/mori/LPCXpresso/workspace/Wheelchair_motorcontroll/mbed/TARGET_LPC1768/TOOLCHAIN_GCC_CR/libmbed.a(can_api.o)
                0x0000000000004ec0                can_init
 .text.gpio_set
                0x0000000000004f90       0x30 /Users/mori/LPCXpresso/workspace/Wheelchair_motorcontroll/mbed/TARGET_LPC1768/TOOLCHAIN_GCC_CR/libmbed.a(gpio_api.o)
                0x0000000000004f90                gpio_set
 .text.gpio_init
                0x0000000000004fc0       0x30 /Users/mori/LPCXpresso/workspace/Wheelchair_motorcontroll/mbed/TARGET_LPC1768/TOOLCHAIN_GCC_CR/libmbed.a(gpio_api.o)
                0x0000000000004fc0                gpio_init
 .text.gpio_mode
                0x0000000000004ff0        0x8 /Users/mori/LPCXpresso/workspace/Wheelchair_motorcontroll/mbed/TARGET_LPC1768/TOOLCHAIN_GCC_CR/libmbed.a(gpio_api.o)
                0x0000000000004ff0                gpio_mode
 .text.gpio_dir
                0x0000000000004ff8       0x44 /Users/mori/LPCXpresso/workspace/Wheelchair_motorcontroll/mbed/TARGET_LPC1768/TOOLCHAIN_GCC_CR/libmbed.a(gpio_api.o)
                0x0000000000004ff8                gpio_dir
 .text.pin_function
                0x000000000000503c       0x50 /Users/mori/LPCXpresso/workspace/Wheelchair_motorcontroll/mbed/TARGET_LPC1768/TOOLCHAIN_GCC_CR/libmbed.a(pinmap.o)
                0x000000000000503c                pin_function
 .text.pin_mode
                0x000000000000508c       0x78 /Users/mori/LPCXpresso/workspace/Wheelchair_motorcontroll/mbed/TARGET_LPC1768/TOOLCHAIN_GCC_CR/libmbed.a(pinmap.o)
                0x000000000000508c                pin_mode
 .text.spi_init
                0x0000000000005104       0xf0 /Users/mori/LPCXpresso/workspace/Wheelchair_motorcontroll/mbed/TARGET_LPC1768/TOOLCHAIN_GCC_CR/libmbed.a(spi_api.o)
                0x0000000000005104                spi_init
 .text.spi_format
                0x00000000000051f4       0x70 /Users/mori/LPCXpresso/workspace/Wheelchair_motorcontroll/mbed/TARGET_LPC1768/TOOLCHAIN_GCC_CR/libmbed.a(spi_api.o)
                0x00000000000051f4                spi_format
 .text.spi_frequency
                0x0000000000005264       0xd0 /Users/mori/LPCXpresso/workspace/Wheelchair_motorcontroll/mbed/TARGET_LPC1768/TOOLCHAIN_GCC_CR/libmbed.a(spi_api.o)
                0x0000000000005264                spi_frequency
 .text.spi_slave_receive
                0x0000000000005334       0x18 /Users/mori/LPCXpresso/workspace/Wheelchair_motorcontroll/mbed/TARGET_LPC1768/TOOLCHAIN_GCC_CR/libmbed.a(spi_api.o)
                0x0000000000005334                spi_slave_receive
 .text.spi_slave_read
                0x000000000000534c        0x8 /Users/mori/LPCXpresso/workspace/Wheelchair_motorcontroll/mbed/TARGET_LPC1768/TOOLCHAIN_GCC_CR/libmbed.a(spi_api.o)
                0x000000000000534c                spi_slave_read
 .text.spi_slave_write
                0x0000000000005354        0xc /Users/mori/LPCXpresso/workspace/Wheelchair_motorcontroll/mbed/TARGET_LPC1768/TOOLCHAIN_GCC_CR/libmbed.a(spi_api.o)
                0x0000000000005354                spi_slave_write
 .text.us_ticker_init
                0x0000000000005360       0x68 /Users/mori/LPCXpresso/workspace/Wheelchair_motorcontroll/mbed/TARGET_LPC1768/TOOLCHAIN_GCC_CR/libmbed.a(us_ticker.o)
                0x0000000000005360                us_ticker_init
 .text.us_ticker_read
                0x00000000000053c8       0x1c /Users/mori/LPCXpresso/workspace/Wheelchair_motorcontroll/mbed/TARGET_LPC1768/TOOLCHAIN_GCC_CR/libmbed.a(us_ticker.o)
                0x00000000000053c8                us_ticker_read
 .text.us_ticker_set_interrupt
                0x00000000000053e4       0x14 /Users/mori/LPCXpresso/workspace/Wheelchair_motorcontroll/mbed/TARGET_LPC1768/TOOLCHAIN_GCC_CR/libmbed.a(us_ticker.o)
                0x00000000000053e4                us_ticker_set_interrupt
 .text.us_ticker_disable_interrupt
                0x00000000000053f8       0x10 /Users/mori/LPCXpresso/workspace/Wheelchair_motorcontroll/mbed/TARGET_LPC1768/TOOLCHAIN_GCC_CR/libmbed.a(us_ticker.o)
                0x00000000000053f8                us_ticker_disable_interrupt
 .text.us_ticker_clear_interrupt
                0x0000000000005408        0xc /Users/mori/LPCXpresso/workspace/Wheelchair_motorcontroll/mbed/TARGET_LPC1768/TOOLCHAIN_GCC_CR/libmbed.a(us_ticker.o)
                0x0000000000005408                us_ticker_clear_interrupt
 .text._ZN4mbed8FileBaseD2Ev
                0x0000000000005414       0x30 /Users/mori/LPCXpresso/workspace/Wheelchair_motorcontroll/mbed/TARGET_LPC1768/TOOLCHAIN_GCC_CR/libmbed.a(FileBase.o)
                0x0000000000005414                mbed::FileBase::~FileBase()
                0x0000000000005414                mbed::FileBase::~FileBase()
 .text._ZN4mbed8FileBaseD0Ev
                0x0000000000005444       0x3c /Users/mori/LPCXpresso/workspace/Wheelchair_motorcontroll/mbed/TARGET_LPC1768/TOOLCHAIN_GCC_CR/libmbed.a(FileBase.o)
                0x0000000000005444                mbed::FileBase::~FileBase()
 .text._ZN4mbed8FileBaseC2EPKcNS_8PathTypeE
                0x0000000000005480       0x28 /Users/mori/LPCXpresso/workspace/Wheelchair_motorcontroll/mbed/TARGET_LPC1768/TOOLCHAIN_GCC_CR/libmbed.a(FileBase.o)
                0x0000000000005480                mbed::FileBase::FileBase(char const*, mbed::PathType)
                0x0000000000005480                mbed::FileBase::FileBase(char const*, mbed::PathType)
 .text._ZN4mbed8FileBase6lookupEPKcj
                0x00000000000054a8       0x3c /Users/mori/LPCXpresso/workspace/Wheelchair_motorcontroll/mbed/TARGET_LPC1768/TOOLCHAIN_GCC_CR/libmbed.a(FileBase.o)
                0x00000000000054a8                mbed::FileBase::lookup(char const*, unsigned int)
 .text._ZN4mbed8FileBase11getPathTypeEv
                0x00000000000054e4        0x4 /Users/mori/LPCXpresso/workspace/Wheelchair_motorcontroll/mbed/TARGET_LPC1768/TOOLCHAIN_GCC_CR/libmbed.a(FileBase.o)
                0x00000000000054e4                mbed::FileBase::getPathType()
 .text._ZN4mbed8FileLikeD2Ev
                0x00000000000054e8       0x24 /Users/mori/LPCXpresso/workspace/Wheelchair_motorcontroll/mbed/TARGET_LPC1768/TOOLCHAIN_GCC_CR/libmbed.a(FileLike.o)
                0x00000000000054e8                mbed::FileLike::~FileLike()
                0x00000000000054e8                mbed::FileLike::~FileLike()
 .text._ZThn4_N4mbed8FileLikeD1Ev
                0x000000000000550c        0x8 /Users/mori/LPCXpresso/workspace/Wheelchair_motorcontroll/mbed/TARGET_LPC1768/TOOLCHAIN_GCC_CR/libmbed.a(FileLike.o)
                0x000000000000550c                non-virtual thunk to mbed::FileLike::~FileLike()
 .text._ZN4mbed8FileLikeD0Ev
                0x0000000000005514       0x2c /Users/mori/LPCXpresso/workspace/Wheelchair_motorcontroll/mbed/TARGET_LPC1768/TOOLCHAIN_GCC_CR/libmbed.a(FileLike.o)
                0x0000000000005514                mbed::FileLike::~FileLike()
 .text._ZThn4_N4mbed8FileLikeD0Ev
                0x0000000000005540        0x8 /Users/mori/LPCXpresso/workspace/Wheelchair_motorcontroll/mbed/TARGET_LPC1768/TOOLCHAIN_GCC_CR/libmbed.a(FileLike.o)
                0x0000000000005540                non-virtual thunk to mbed::FileLike::~FileLike()
 .text._ZN4mbed8FileLikeC2EPKc
                0x0000000000005548       0x28 /Users/mori/LPCXpresso/workspace/Wheelchair_motorcontroll/mbed/TARGET_LPC1768/TOOLCHAIN_GCC_CR/libmbed.a(FileLike.o)
                0x0000000000005548                mbed::FileLike::FileLike(char const*)
                0x0000000000005548                mbed::FileLike::FileLike(char const*)
 .text          0x0000000000005570      0x370 /Applications/lpcxpresso_7.9.0_455/lpcxpresso/tools/bin/../lib/gcc/arm-none-eabi/4.9.3/armv7-m/libgcc.a(_arm_addsubdf3.o)
                0x0000000000005570                __aeabi_drsub
                0x0000000000005578                __subdf3
                0x0000000000005578                __aeabi_dsub
                0x000000000000557c                __aeabi_dadd
                0x000000000000557c                __adddf3
                0x00000000000057f4                __aeabi_ui2d
                0x00000000000057f4                __floatunsidf
                0x0000000000005814                __floatsidf
                0x0000000000005814                __aeabi_i2d
                0x0000000000005838                __extendsfdf2
                0x0000000000005838                __aeabi_f2d
                0x0000000000005874                __aeabi_ul2d
                0x0000000000005874                __floatundidf
                0x0000000000005884                __aeabi_l2d
                0x0000000000005884                __floatdidf
 .text          0x00000000000058e0      0x424 /Applications/lpcxpresso_7.9.0_455/lpcxpresso/tools/bin/../lib/gcc/arm-none-eabi/4.9.3/armv7-m/libgcc.a(_arm_muldivdf3.o)
                0x00000000000058e0                __aeabi_dmul
                0x00000000000058e0                __muldf3
                0x0000000000005b34                __aeabi_ddiv
                0x0000000000005b34                __divdf3
 .text          0x0000000000005d04      0x110 /Applications/lpcxpresso_7.9.0_455/lpcxpresso/tools/bin/../lib/gcc/arm-none-eabi/4.9.3/armv7-m/libgcc.a(_arm_cmpdf2.o)
                0x0000000000005d04                __gtdf2
                0x0000000000005d04                __gedf2
                0x0000000000005d0c                __ltdf2
                0x0000000000005d0c                __ledf2
                0x0000000000005d14                __eqdf2
                0x0000000000005d14                __nedf2
                0x0000000000005d14                __cmpdf2
                0x0000000000005d90                __aeabi_cdrcmple
                0x0000000000005da0                __aeabi_cdcmple
                0x0000000000005da0                __aeabi_cdcmpeq
                0x0000000000005db0                __aeabi_dcmpeq
                0x0000000000005dc4                __aeabi_dcmplt
                0x0000000000005dd8                __aeabi_dcmple
                0x0000000000005dec                __aeabi_dcmpge
                0x0000000000005e00                __aeabi_dcmpgt
 .text          0x0000000000005e14       0x50 /Applications/lpcxpresso_7.9.0_455/lpcxpresso/tools/bin/../lib/gcc/arm-none-eabi/4.9.3/armv7-m/libgcc.a(_arm_fixdfsi.o)
                0x0000000000005e14                __fixdfsi
                0x0000000000005e14                __aeabi_d2iz
 .text          0x0000000000005e64       0xa0 /Applications/lpcxpresso_7.9.0_455/lpcxpresso/tools/bin/../lib/gcc/arm-none-eabi/4.9.3/armv7-m/libgcc.a(_arm_truncdfsf2.o)
                0x0000000000005e64                __aeabi_d2f
                0x0000000000005e64                __truncdfsf2
 .text          0x0000000000005f04      0x21c /Applications/lpcxpresso_7.9.0_455/lpcxpresso/tools/bin/../lib/gcc/arm-none-eabi/4.9.3/armv7-m/libgcc.a(_arm_addsubsf3.o)
                0x0000000000005f04                __aeabi_frsub
                0x0000000000005f0c                __aeabi_fsub
                0x0000000000005f0c                __subsf3
                0x0000000000005f10                __aeabi_fadd
                0x0000000000005f10                __addsf3
                0x0000000000006070                __aeabi_ui2f
                0x0000000000006070                __floatunsisf
                0x0000000000006078                __floatsisf
                0x0000000000006078                __aeabi_i2f
                0x0000000000006094                __aeabi_ul2f
                0x0000000000006094                __floatundisf
                0x00000000000060a4                __aeabi_l2f
                0x00000000000060a4                __floatdisf
 .text          0x0000000000006120      0x2a0 /Applications/lpcxpresso_7.9.0_455/lpcxpresso/tools/bin/../lib/gcc/arm-none-eabi/4.9.3/armv7-m/libgcc.a(_arm_muldivsf3.o)
                0x0000000000006120                __mulsf3
                0x0000000000006120                __aeabi_fmul
                0x0000000000006288                __divsf3
                0x0000000000006288                __aeabi_fdiv
 .text          0x00000000000063c0       0xec /Applications/lpcxpresso_7.9.0_455/lpcxpresso/tools/bin/../lib/gcc/arm-none-eabi/4.9.3/armv7-m/libgcc.a(_arm_cmpsf2.o)
                0x00000000000063c0                __gesf2
                0x00000000000063c0                __gtsf2
                0x00000000000063c8                __ltsf2
                0x00000000000063c8                __lesf2
                0x00000000000063d0                __nesf2
                0x00000000000063d0                __eqsf2
                0x00000000000063d0                __cmpsf2
                0x0000000000006430                __aeabi_cfrcmple
                0x0000000000006438                __aeabi_cfcmpeq
                0x0000000000006438                __aeabi_cfcmple
                0x0000000000006448                __aeabi_fcmpeq
                0x000000000000645c                __aeabi_fcmplt
                0x0000000000006470                __aeabi_fcmple
                0x0000000000006484                __aeabi_fcmpge
                0x0000000000006498                __aeabi_fcmpgt
 .text          0x00000000000064ac       0x4c /Applications/lpcxpresso_7.9.0_455/lpcxpresso/tools/bin/../lib/gcc/arm-none-eabi/4.9.3/armv7-m/libgcc.a(_arm_fixsfsi.o)
                0x00000000000064ac                __fixsfsi
                0x00000000000064ac                __aeabi_f2iz
 .text          0x00000000000064f8       0x40 /Applications/lpcxpresso_7.9.0_455/lpcxpresso/tools/bin/../lib/gcc/arm-none-eabi/4.9.3/armv7-m/libgcc.a(_arm_fixunssfsi.o)
                0x00000000000064f8                __aeabi_f2uiz
                0x00000000000064f8                __fixunssfsi
 .text          0x0000000000006538       0x30 /Applications/lpcxpresso_7.9.0_455/lpcxpresso/tools/bin/../lib/gcc/arm-none-eabi/4.9.3/armv7-m/libgcc.a(_aeabi_uldivmod.o)
                0x0000000000006538                __aeabi_uldivmod
 .text          0x0000000000006568       0x60 /Applications/lpcxpresso_7.9.0_455/lpcxpresso/tools/bin/../lib/gcc/arm-none-eabi/4.9.3/armv7-m/libgcc.a(bpabi.o)
                0x0000000000006568                __gnu_ldivmod_helper
                0x0000000000006598                __gnu_uldivmod_helper
 .text          0x00000000000065c8        0x4 /Applications/lpcxpresso_7.9.0_455/lpcxpresso/tools/bin/../lib/gcc/arm-none-eabi/4.9.3/armv7-m/libgcc.a(_dvmd_tls.o)
                0x00000000000065c8                __aeabi_ldiv0
                0x00000000000065c8                __aeabi_idiv0
 .text          0x00000000000065cc      0x2ac /Applications/lpcxpresso_7.9.0_455/lpcxpresso/tools/bin/../lib/gcc/arm-none-eabi/4.9.3/armv7-m/libgcc.a(_divdi3.o)
                0x00000000000065cc                __divdi3
 .text          0x0000000000006878      0x270 /Applications/lpcxpresso_7.9.0_455/lpcxpresso/tools/bin/../lib/gcc/arm-none-eabi/4.9.3/armv7-m/libgcc.a(_udivdi3.o)
                0x0000000000006878                __udivdi3
 .text.abs      0x0000000000006ae8        0x8 /Applications/lpcxpresso_7.9.0_455/lpcxpresso/tools/bin/../lib/gcc/arm-none-eabi/4.9.3/../../../../arm-none-eabi/lib/armv7-m/libc.a(lib_a-abs.o)
                0x0000000000006ae8                abs
 .text.atexit   0x0000000000006af0        0xc /Applications/lpcxpresso_7.9.0_455/lpcxpresso/tools/bin/../lib/gcc/arm-none-eabi/4.9.3/../../../../arm-none-eabi/lib/armv7-m/libc.a(lib_a-atexit.o)
                0x0000000000006af0                atexit
 .text.__errno  0x0000000000006afc        0xc /Applications/lpcxpresso_7.9.0_455/lpcxpresso/tools/bin/../lib/gcc/arm-none-eabi/4.9.3/../../../../arm-none-eabi/lib/armv7-m/libc.a(lib_a-errno.o)
                0x0000000000006afc                __errno
 .text._fclose_r
                0x0000000000006b08       0x84 /Applications/lpcxpresso_7.9.0_455/lpcxpresso/tools/bin/../lib/gcc/arm-none-eabi/4.9.3/../../../../arm-none-eabi/lib/armv7-m/libc.a(lib_a-fclose.o)
                0x0000000000006b08                _fclose_r
 .text.fclose   0x0000000000006b8c       0x10 /Applications/lpcxpresso_7.9.0_455/lpcxpresso/tools/bin/../lib/gcc/arm-none-eabi/4.9.3/../../../../arm-none-eabi/lib/armv7-m/libc.a(lib_a-fclose.o)
                0x0000000000006b8c                fclose
 .text.__sflush_r
                0x0000000000006b9c      0x148 /Applications/lpcxpresso_7.9.0_455/lpcxpresso/tools/bin/../lib/gcc/arm-none-eabi/4.9.3/../../../../arm-none-eabi/lib/armv7-m/libc.a(lib_a-fflush.o)
                0x0000000000006b9c                __sflush_r
 .text._fflush_r
                0x0000000000006ce4       0x2c /Applications/lpcxpresso_7.9.0_455/lpcxpresso/tools/bin/../lib/gcc/arm-none-eabi/4.9.3/../../../../arm-none-eabi/lib/armv7-m/libc.a(lib_a-fflush.o)
                0x0000000000006ce4                _fflush_r
 .text.fflush   0x0000000000006d10       0x24 /Applications/lpcxpresso_7.9.0_455/lpcxpresso/tools/bin/../lib/gcc/arm-none-eabi/4.9.3/../../../../arm-none-eabi/lib/armv7-m/libc.a(lib_a-fflush.o)
                0x0000000000006d10                fflush
 .text._cleanup_r
                0x0000000000006d34        0xc /Applications/lpcxpresso_7.9.0_455/lpcxpresso/tools/bin/../lib/gcc/arm-none-eabi/4.9.3/../../../../arm-none-eabi/lib/armv7-m/libc.a(lib_a-findfp.o)
                0x0000000000006d34                _cleanup_r
 .text.__sinit.part.1
                0x0000000000006d40       0xf0 /Applications/lpcxpresso_7.9.0_455/lpcxpresso/tools/bin/../lib/gcc/arm-none-eabi/4.9.3/../../../../arm-none-eabi/lib/armv7-m/libc.a(lib_a-findfp.o)
 .text.__sfmoreglue
                0x0000000000006e30       0x30 /Applications/lpcxpresso_7.9.0_455/lpcxpresso/tools/bin/../lib/gcc/arm-none-eabi/4.9.3/../../../../arm-none-eabi/lib/armv7-m/libc.a(lib_a-findfp.o)
                0x0000000000006e30                __sfmoreglue
 .text.__sfp    0x0000000000006e60       0x88 /Applications/lpcxpresso_7.9.0_455/lpcxpresso/tools/bin/../lib/gcc/arm-none-eabi/4.9.3/../../../../arm-none-eabi/lib/armv7-m/libc.a(lib_a-findfp.o)
                0x0000000000006e60                __sfp
 .text.__sinit  0x0000000000006ee8        0xc /Applications/lpcxpresso_7.9.0_455/lpcxpresso/tools/bin/../lib/gcc/arm-none-eabi/4.9.3/../../../../arm-none-eabi/lib/armv7-m/libc.a(lib_a-findfp.o)
                0x0000000000006ee8                __sinit
 .text.__sfp_lock_acquire
                0x0000000000006ef4        0x4 /Applications/lpcxpresso_7.9.0_455/lpcxpresso/tools/bin/../lib/gcc/arm-none-eabi/4.9.3/../../../../arm-none-eabi/lib/armv7-m/libc.a(lib_a-findfp.o)
                0x0000000000006ef4                __sfp_lock_acquire
 .text.__sfp_lock_release
                0x0000000000006ef8        0x4 /Applications/lpcxpresso_7.9.0_455/lpcxpresso/tools/bin/../lib/gcc/arm-none-eabi/4.9.3/../../../../arm-none-eabi/lib/armv7-m/libc.a(lib_a-findfp.o)
                0x0000000000006ef8                __sfp_lock_release
 .text.__libc_fini_array
                0x0000000000006efc       0x2c /Applications/lpcxpresso_7.9.0_455/lpcxpresso/tools/bin/../lib/gcc/arm-none-eabi/4.9.3/../../../../arm-none-eabi/lib/armv7-m/libc.a(lib_a-fini.o)
                0x0000000000006efc                __libc_fini_array
 .text._fopen_r
                0x0000000000006f28       0x88 /Applications/lpcxpresso_7.9.0_455/lpcxpresso/tools/bin/../lib/gcc/arm-none-eabi/4.9.3/../../../../arm-none-eabi/lib/armv7-m/libc.a(lib_a-fopen.o)
                0x0000000000006f28                _fopen_r
 .text.fopen    0x0000000000006fb0       0x10 /Applications/lpcxpresso_7.9.0_455/lpcxpresso/tools/bin/../lib/gcc/arm-none-eabi/4.9.3/../../../../arm-none-eabi/lib/armv7-m/libc.a(lib_a-fopen.o)
                0x0000000000006fb0                fopen
 .text._malloc_trim_r
                0x0000000000006fc0       0x9c /Applications/lpcxpresso_7.9.0_455/lpcxpresso/tools/bin/../lib/gcc/arm-none-eabi/4.9.3/../../../../arm-none-eabi/lib/armv7-m/libc.a(lib_a-freer.o)
                0x0000000000006fc0                _malloc_trim_r
 .text._free_r  0x000000000000705c      0x1b0 /Applications/lpcxpresso_7.9.0_455/lpcxpresso/tools/bin/../lib/gcc/arm-none-eabi/4.9.3/../../../../arm-none-eabi/lib/armv7-m/libc.a(lib_a-freer.o)
                0x000000000000705c                _free_r
 .text._fseek_r
                0x000000000000720c        0x4 /Applications/lpcxpresso_7.9.0_455/lpcxpresso/tools/bin/../lib/gcc/arm-none-eabi/4.9.3/../../../../arm-none-eabi/lib/armv7-m/libc.a(lib_a-fseek.o)
                0x000000000000720c                _fseek_r
 .text._fseeko_r
                0x0000000000007210      0x2c0 /Applications/lpcxpresso_7.9.0_455/lpcxpresso/tools/bin/../lib/gcc/arm-none-eabi/4.9.3/../../../../arm-none-eabi/lib/armv7-m/libc.a(lib_a-fseeko.o)
                0x0000000000007210                _fseeko_r
 .text._fstat_r
                0x00000000000074d0       0x28 /Applications/lpcxpresso_7.9.0_455/lpcxpresso/tools/bin/../lib/gcc/arm-none-eabi/4.9.3/../../../../arm-none-eabi/lib/armv7-m/libc.a(lib_a-fstatr.o)
                0x00000000000074d0                _fstat_r
 .text.__sfvwrite_r
                0x00000000000074f8      0x320 /Applications/lpcxpresso_7.9.0_455/lpcxpresso/tools/bin/../lib/gcc/arm-none-eabi/4.9.3/../../../../arm-none-eabi/lib/armv7-m/libc.a(lib_a-fvwrite.o)
                0x00000000000074f8                __sfvwrite_r
 .text._fwalk   0x0000000000007818       0x48 /Applications/lpcxpresso_7.9.0_455/lpcxpresso/tools/bin/../lib/gcc/arm-none-eabi/4.9.3/../../../../arm-none-eabi/lib/armv7-m/libc.a(lib_a-fwalk.o)
                0x0000000000007818                _fwalk
 .text._fwalk_reent
                0x0000000000007860       0x50 /Applications/lpcxpresso_7.9.0_455/lpcxpresso/tools/bin/../lib/gcc/arm-none-eabi/4.9.3/../../../../arm-none-eabi/lib/armv7-m/libc.a(lib_a-fwalk.o)
                0x0000000000007860                _fwalk_reent
 .text.__libc_init_array
                0x00000000000078b0       0x50 /Applications/lpcxpresso_7.9.0_455/lpcxpresso/tools/bin/../lib/gcc/arm-none-eabi/4.9.3/../../../../arm-none-eabi/lib/armv7-m/libc.a(lib_a-init.o)
                0x00000000000078b0                __libc_init_array
 .text.__smakebuf_r
                0x0000000000007900       0xe0 /Applications/lpcxpresso_7.9.0_455/lpcxpresso/tools/bin/../lib/gcc/arm-none-eabi/4.9.3/../../../../arm-none-eabi/lib/armv7-m/libc.a(lib_a-makebuf.o)
                0x0000000000007900                __smakebuf_r
 .text.malloc   0x00000000000079e0       0x10 /Applications/lpcxpresso_7.9.0_455/lpcxpresso/tools/bin/../lib/gcc/arm-none-eabi/4.9.3/../../../../arm-none-eabi/lib/armv7-m/libc.a(lib_a-malloc.o)
                0x00000000000079e0                malloc
 .text.free     0x00000000000079f0       0x10 /Applications/lpcxpresso_7.9.0_455/lpcxpresso/tools/bin/../lib/gcc/arm-none-eabi/4.9.3/../../../../arm-none-eabi/lib/armv7-m/libc.a(lib_a-malloc.o)
                0x00000000000079f0                free
 .text._malloc_r
                0x0000000000007a00      0x50c /Applications/lpcxpresso_7.9.0_455/lpcxpresso/tools/bin/../lib/gcc/arm-none-eabi/4.9.3/../../../../arm-none-eabi/lib/armv7-m/libc.a(lib_a-mallocr.o)
                0x0000000000007a00                _malloc_r
 .text.memchr   0x0000000000007f0c       0x94 /Applications/lpcxpresso_7.9.0_455/lpcxpresso/tools/bin/../lib/gcc/arm-none-eabi/4.9.3/../../../../arm-none-eabi/lib/armv7-m/libc.a(lib_a-memchr.o)
                0x0000000000007f0c                memchr
 .text          0x0000000000007fa0       0xec /Applications/lpcxpresso_7.9.0_455/lpcxpresso/tools/bin/../lib/gcc/arm-none-eabi/4.9.3/../../../../arm-none-eabi/lib/armv7-m/libc.a(lib_a-memcpy.o)
                0x0000000000007fa0                memcpy
 .text.memmove  0x000000000000808c       0xc8 /Applications/lpcxpresso_7.9.0_455/lpcxpresso/tools/bin/../lib/gcc/arm-none-eabi/4.9.3/../../../../arm-none-eabi/lib/armv7-m/libc.a(lib_a-memmove.o)
                0x000000000000808c                memmove
 .text.memset   0x0000000000008154       0x9c /Applications/lpcxpresso_7.9.0_455/lpcxpresso/tools/bin/../lib/gcc/arm-none-eabi/4.9.3/../../../../arm-none-eabi/lib/armv7-m/libc.a(lib_a-memset.o)
                0x0000000000008154                memset
 .text.__malloc_lock
                0x00000000000081f0        0x4 /Applications/lpcxpresso_7.9.0_455/lpcxpresso/tools/bin/../lib/gcc/arm-none-eabi/4.9.3/../../../../arm-none-eabi/lib/armv7-m/libc.a(lib_a-mlock.o)
                0x00000000000081f0                __malloc_lock
 .text.__malloc_unlock
                0x00000000000081f4        0x4 /Applications/lpcxpresso_7.9.0_455/lpcxpresso/tools/bin/../lib/gcc/arm-none-eabi/4.9.3/../../../../arm-none-eabi/lib/armv7-m/libc.a(lib_a-mlock.o)
                0x00000000000081f4                __malloc_unlock
 .text._open_r  0x00000000000081f8       0x28 /Applications/lpcxpresso_7.9.0_455/lpcxpresso/tools/bin/../lib/gcc/arm-none-eabi/4.9.3/../../../../arm-none-eabi/lib/armv7-m/libc.a(lib_a-openr.o)
                0x00000000000081f8                _open_r
 .text._realloc_r
                0x0000000000008220      0x3e0 /Applications/lpcxpresso_7.9.0_455/lpcxpresso/tools/bin/../lib/gcc/arm-none-eabi/4.9.3/../../../../arm-none-eabi/lib/armv7-m/libc.a(lib_a-reallocr.o)
                0x0000000000008220                _realloc_r
 .text.lflush   0x0000000000008600       0x14 /Applications/lpcxpresso_7.9.0_455/lpcxpresso/tools/bin/../lib/gcc/arm-none-eabi/4.9.3/../../../../arm-none-eabi/lib/armv7-m/libc.a(lib_a-refill.o)
 .text.__srefill_r
                0x0000000000008614      0x110 /Applications/lpcxpresso_7.9.0_455/lpcxpresso/tools/bin/../lib/gcc/arm-none-eabi/4.9.3/../../../../arm-none-eabi/lib/armv7-m/libc.a(lib_a-refill.o)
                0x0000000000008614                __srefill_r
 .text._sbrk_r  0x0000000000008724       0x24 /Applications/lpcxpresso_7.9.0_455/lpcxpresso/tools/bin/../lib/gcc/arm-none-eabi/4.9.3/../../../../arm-none-eabi/lib/armv7-m/libc.a(lib_a-sbrkr.o)
                0x0000000000008724                _sbrk_r
 .text.setbuf   0x0000000000008748       0x10 /Applications/lpcxpresso_7.9.0_455/lpcxpresso/tools/bin/../lib/gcc/arm-none-eabi/4.9.3/../../../../arm-none-eabi/lib/armv7-m/libc.a(lib_a-setbuf.o)
                0x0000000000008748                setbuf
 .text.setvbuf  0x0000000000008758       0xf8 /Applications/lpcxpresso_7.9.0_455/lpcxpresso/tools/bin/../lib/gcc/arm-none-eabi/4.9.3/../../../../arm-none-eabi/lib/armv7-m/libc.a(lib_a-setvbuf.o)
                0x0000000000008758                setvbuf
 .text.sprintf  0x0000000000008850       0x4c /Applications/lpcxpresso_7.9.0_455/lpcxpresso/tools/bin/../lib/gcc/arm-none-eabi/4.9.3/../../../../arm-none-eabi/lib/armv7-m/libc.a(lib_a-sprintf.o)
                0x0000000000008850                sprintf
 .text.sscanf   0x000000000000889c       0x58 /Applications/lpcxpresso_7.9.0_455/lpcxpresso/tools/bin/../lib/gcc/arm-none-eabi/4.9.3/../../../../arm-none-eabi/lib/armv7-m/libc.a(lib_a-sscanf.o)
                0x000000000000889c                sscanf
 .text.__sread  0x00000000000088f4       0x24 /Applications/lpcxpresso_7.9.0_455/lpcxpresso/tools/bin/../lib/gcc/arm-none-eabi/4.9.3/../../../../arm-none-eabi/lib/armv7-m/libc.a(lib_a-stdio.o)
                0x00000000000088f4                __sread
 .text.__seofread
                0x0000000000008918        0x4 /Applications/lpcxpresso_7.9.0_455/lpcxpresso/tools/bin/../lib/gcc/arm-none-eabi/4.9.3/../../../../arm-none-eabi/lib/armv7-m/libc.a(lib_a-stdio.o)
                0x0000000000008918                __seofread
 .text.__swrite