Archive member included because of file (symbol)

/Users/mori/LPCXpresso/workspace/Wheelchair_main/mbed/TARGET_LPC1768/TOOLCHAIN_GCC_CR/libmbed.a(analogin_api.o)
                              ./ModePIDTuning.o (analogin_init)
/Users/mori/LPCXpresso/workspace/Wheelchair_main/mbed/TARGET_LPC1768/TOOLCHAIN_GCC_CR/libmbed.a(serial_api.o)
                              /Users/mori/LPCXpresso/workspace/Wheelchair_main/mbed/TARGET_LPC1768/TOOLCHAIN_GCC_CR/retarget.o (serial_getc)
/Users/mori/LPCXpresso/workspace/Wheelchair_main/mbed/TARGET_LPC1768/TOOLCHAIN_GCC_CR/libmbed.a(BusIn.o)
                              ./main.o (mbed::BusIn::~BusIn())
/Users/mori/LPCXpresso/workspace/Wheelchair_main/mbed/TARGET_LPC1768/TOOLCHAIN_GCC_CR/libmbed.a(CAN.o)
                              ./CAN_Thread.o (mbed::CAN::~CAN())
/Users/mori/LPCXpresso/workspace/Wheelchair_main/mbed/TARGET_LPC1768/TOOLCHAIN_GCC_CR/libmbed.a(FilePath.o)
                              /Users/mori/LPCXpresso/workspace/Wheelchair_main/mbed/TARGET_LPC1768/TOOLCHAIN_GCC_CR/retarget.o (mbed::FilePath::FilePath(char const*))
/Users/mori/LPCXpresso/workspace/Wheelchair_main/mbed/TARGET_LPC1768/TOOLCHAIN_GCC_CR/libmbed.a(FileSystemLike.o)
                              ./SDFileSystem/FATFileSystem/FATFileSystem.o (mbed::FileSystemLike::~FileSystemLike())
/Users/mori/LPCXpresso/workspace/Wheelchair_main/mbed/TARGET_LPC1768/TOOLCHAIN_GCC_CR/libmbed.a(I2C.o)
                              ./LSM9DS0/I2Cdev.o (mbed::I2C::I2C(PinName, PinName))
/Users/mori/LPCXpresso/workspace/Wheelchair_main/mbed/TARGET_LPC1768/TOOLCHAIN_GCC_CR/libmbed.a(SPI.o)
                              ./SDFileSystem/SDFileSystem.o (mbed::SPI::SPI(PinName, PinName, PinName, PinName))
/Users/mori/LPCXpresso/workspace/Wheelchair_main/mbed/TARGET_LPC1768/TOOLCHAIN_GCC_CR/libmbed.a(Serial.o)
                              ./LSM9DS0/I2Cdev.o (mbed::Serial::Serial(PinName, PinName, char const*))
/Users/mori/LPCXpresso/workspace/Wheelchair_main/mbed/TARGET_LPC1768/TOOLCHAIN_GCC_CR/libmbed.a(SerialBase.o)
                              /Users/mori/LPCXpresso/workspace/Wheelchair_main/mbed/TARGET_LPC1768/TOOLCHAIN_GCC_CR/libmbed.a(Serial.o) (mbed::SerialBase::SerialBase(PinName, PinName))
/Users/mori/LPCXpresso/workspace/Wheelchair_main/mbed/TARGET_LPC1768/TOOLCHAIN_GCC_CR/libmbed.a(Stream.o)
                              ./ACM1602NI/ACM1602NI.o (mbed::Stream::close())
/Users/mori/LPCXpresso/workspace/Wheelchair_main/mbed/TARGET_LPC1768/TOOLCHAIN_GCC_CR/libmbed.a(Timer.o)
                              ./SD_Thread.o (mbed::Timer::Timer())
/Users/mori/LPCXpresso/workspace/Wheelchair_main/mbed/TARGET_LPC1768/TOOLCHAIN_GCC_CR/libmbed.a(assert.o)
                              ./SDFileSystem/SDFileSystem.o (mbed_assert_internal)
/Users/mori/LPCXpresso/workspace/Wheelchair_main/mbed/TARGET_LPC1768/TOOLCHAIN_GCC_CR/libmbed.a(error.o)
                              ./mbed-rtos/rtos/Mutex.o (error)
/Users/mori/LPCXpresso/workspace/Wheelchair_main/mbed/TARGET_LPC1768/TOOLCHAIN_GCC_CR/libmbed.a(gpio.o)
                              ./main.o (gpio_init_in)
/Users/mori/LPCXpresso/workspace/Wheelchair_main/mbed/TARGET_LPC1768/TOOLCHAIN_GCC_CR/libmbed.a(mbed_interface.o)
                              /Users/mori/LPCXpresso/workspace/Wheelchair_main/mbed/TARGET_LPC1768/TOOLCHAIN_GCC_CR/retarget.o (mbed_interface_connected)
/Users/mori/LPCXpresso/workspace/Wheelchair_main/mbed/TARGET_LPC1768/TOOLCHAIN_GCC_CR/libmbed.a(pinmap_common.o)
                              /Users/mori/LPCXpresso/workspace/Wheelchair_main/mbed/TARGET_LPC1768/TOOLCHAIN_GCC_CR/libmbed.a(analogin_api.o) (pinmap_pinout)
/Users/mori/LPCXpresso/workspace/Wheelchair_main/mbed/TARGET_LPC1768/TOOLCHAIN_GCC_CR/libmbed.a(rtc_time.o)
                              ./SDFileSystem/FATFileSystem/FATFileSystem.o (time)
/Users/mori/LPCXpresso/workspace/Wheelchair_main/mbed/TARGET_LPC1768/TOOLCHAIN_GCC_CR/libmbed.a(ticker_api.o)
                              /Users/mori/LPCXpresso/workspace/Wheelchair_main/mbed/TARGET_LPC1768/TOOLCHAIN_GCC_CR/libmbed.a(Timer.o) (ticker_read)
/Users/mori/LPCXpresso/workspace/Wheelchair_main/mbed/TARGET_LPC1768/TOOLCHAIN_GCC_CR/libmbed.a(wait_api.o)
                              ./ACM1602NI/ACM1602NI.o (wait_us)
/Users/mori/LPCXpresso/workspace/Wheelchair_main/mbed/TARGET_LPC1768/TOOLCHAIN_GCC_CR/libmbed.a(semihost_api.o)
                              /Users/mori/LPCXpresso/workspace/Wheelchair_main/mbed/TARGET_LPC1768/TOOLCHAIN_GCC_CR/retarget.o (semihost_exit)
/Users/mori/LPCXpresso/workspace/Wheelchair_main/mbed/TARGET_LPC1768/TOOLCHAIN_GCC_CR/libmbed.a(us_ticker_api.o)
                              /Users/mori/LPCXpresso/workspace/Wheelchair_main/mbed/TARGET_LPC1768/TOOLCHAIN_GCC_CR/libmbed.a(Timer.o) (get_us_ticker_data)
/Users/mori/LPCXpresso/workspace/Wheelchair_main/mbed/TARGET_LPC1768/TOOLCHAIN_GCC_CR/libmbed.a(gpio_api.o)
[...]
Memory Configuration

Name             Origin             Length             Attributes
MFlash512        0x0000000000000000 0x0000000000080000 xr
RamLoc32         0x00000000100000c8 0x0000000000007f38 xrw
RamAHB_USB       0x000000002007c000 0x0000000000004000 xrw
RamAHB_Eth       0x0000000020080000 0x0000000000004000 xrw
*default*        0x0000000000000000 0xffffffffffffffff

Linker script and memory map

LOAD ./mbed-rtos/rtx/TARGET_CORTEX_M/TARGET_M3/TOOLCHAIN_GCC/HAL_CM3.o
LOAD ./mbed-rtos/rtx/TARGET_CORTEX_M/TARGET_M3/TOOLCHAIN_GCC/SVC_Table.o
LOAD ./mbed-rtos/rtx/TARGET_CORTEX_M/HAL_CM.o
LOAD ./mbed-rtos/rtx/TARGET_CORTEX_M/RTX_Conf_CM.o
LOAD ./mbed-rtos/rtx/TARGET_CORTEX_M/rt_CMSIS.o
LOAD ./mbed-rtos/rtx/TARGET_CORTEX_M/rt_Event.o
LOAD ./mbed-rtos/rtx/TARGET_CORTEX_M/rt_List.o
LOAD ./mbed-rtos/rtx/TARGET_CORTEX_M/rt_Mailbox.o
LOAD ./mbed-rtos/rtx/TARGET_CORTEX_M/rt_MemBox.o
LOAD ./mbed-rtos/rtx/TARGET_CORTEX_M/rt_Mutex.o
LOAD ./mbed-rtos/rtx/TARGET_CORTEX_M/rt_Robin.o
LOAD ./mbed-rtos/rtx/TARGET_CORTEX_M/rt_Semaphore.o
LOAD ./mbed-rtos/rtx/TARGET_CORTEX_M/rt_System.o
LOAD ./mbed-rtos/rtx/TARGET_CORTEX_M/rt_Task.o
LOAD ./mbed-rtos/rtx/TARGET_CORTEX_M/rt_Time.o
LOAD ./mbed-rtos/rtos/Mutex.o
LOAD ./mbed-rtos/rtos/RtosTimer.o
LOAD ./mbed-rtos/rtos/Semaphore.o
LOAD ./mbed-rtos/rtos/Thread.o
LOAD ./SDFileSystem/FATFileSystem/ChaN/ccsbcs.o
LOAD ./SDFileSystem/FATFileSystem/ChaN/diskio.o
LOAD ./SDFileSystem/FATFileSystem/ChaN/ff.o
LOAD ./SDFileSystem/FATFileSystem/FATDirHandle.o
LOAD ./SDFileSystem/FATFileSystem/FATFileHandle.o
LOAD ./SDFileSystem/FATFileSystem/FATFileSystem.o
LOAD ./SDFileSystem/SDFileSystem.o
LOAD ./LSM9DS0/I2Cdev.o
LOAD ./LSM9DS0/LSM9DS0.o
LOAD ./ACM1602NI/ACM1602NI.o
LOAD ./CAN_Thread.o
LOAD ./ControllDistance.o
LOAD ./ControllHeading.o
LOAD ./Distance_Thread.o
LOAD ./Heading_Thread.o
LOAD ./IMU.o
LOAD ./Mode1.o
LOAD ./Mode2.o
LOAD ./Mode3.o
LOAD ./ModeCompassCalibrate.o
LOAD ./ModePIDTuning.o
LOAD ./ModeSensorDeback.o
LOAD ./PIDcontroller.o
LOAD ./SD_Thread.o
LOAD ./SRF02.o
LOAD ./Ultrasonic.o
LOAD ./Ultrasonic_Front.o
LOAD ./main.o
LOAD /Users/mori/LPCXpresso/workspace/Wheelchair_main/mbed/TARGET_LPC1768/TOOLCHAIN_GCC_CR/board.o
LOAD /Users/mori/LPCXpresso/workspace/Wheelchair_main/mbed/TARGET_LPC1768/TOOLCHAIN_GCC_CR/cmsis_nvic.o
LOAD /Users/mori/LPCXpresso/workspace/Wheelchair_main/mbed/TARGET_LPC1768/TOOLCHAIN_GCC_CR/retarget.o
LOAD /Users/mori/LPCXpresso/workspace/Wheelchair_main/mbed/TARGET_LPC1768/TOOLCHAIN_GCC_CR/startup_LPC17xx.o
LOAD /Users/mori/LPCXpresso/workspace/Wheelchair_main/mbed/TARGET_LPC1768/TOOLCHAIN_GCC_CR/system_LPC17xx.o
LOAD /Users/mori/LPCXpresso/workspace/Wheelchair_main/mbed/TARGET_LPC1768/TOOLCHAIN_GCC_CR/libmbed.a
START GROUP
LOAD /Applications/lpcxpresso_7.9.0_455/lpcxpresso/tools/bin/../lib/gcc/arm-none-eabi/4.9.3/armv7-m/libgcc.a
LOAD /Applications/lpcxpresso_7.9.0_455/lpcxpresso/tools/bin/../lib/gcc/arm-none-eabi/4.9.3/../../../../arm-none-eabi/lib/armv7-m/libc.a
LOAD /Applications/lpcxpresso_7.9.0_455/lpcxpresso/tools/bin/../lib/gcc/arm-none-eabi/4.9.3/../../../../arm-none-eabi/lib/armv7-m/libstdc++.a
LOAD /Applications/lpcxpresso_7.9.0_455/lpcxpresso/tools/bin/../lib/gcc/arm-none-eabi/4.9.3/../../../../arm-none-eabi/lib/armv7-m/libm.a
LOAD /Applications/lpcxpresso_7.9.0_455/lpcxpresso/tools/bin/../lib/gcc/arm-none-eabi/4.9.3/../../../../arm-none-eabi/lib/armv7-m/libcr_newlib_nohost.a
LOAD /Applications/lpcxpresso_7.9.0_455/lpcxpresso/tools/bin/../lib/gcc/arm-none-eabi/4.9.3/armv7-m/crti.o
LOAD /Applications/lpcxpresso_7.9.0_455/lpcxpresso/tools/bin/../lib/gcc/arm-none-eabi/4.9.3/armv7-m/crtn.o
LOAD /Applications/lpcxpresso_7.9.0_455/lpcxpresso/tools/bin/../lib/gcc/arm-none-eabi/4.9.3/armv7-m/crtbegin.o
LOAD /Applications/lpcxpresso_7.9.0_455/lpcxpresso/tools/bin/../lib/gcc/arm-none-eabi/4.9.3/armv7-m/crtend.o
END GROUP
                0x0000000000080000                __top_MFlash512 = 0x80000
                0x0000000010008000                __top_RamLoc32 = 0x10008000
                0x0000000020084000                __top_RamAHB32 = 0x20084000

.text           0x0000000000000000    0x1ba14
 FILL mask 0xff
 *(.isr_vector)
 .isr_vector    0x0000000000000000       0xcc /Users/mori/LPCXpresso/workspace/Wheelchair_main/mbed/TARGET_LPC1768/TOOLCHAIN_GCC_CR/startup_LPC17xx.o
                0x0000000000000000                g_pfnVectors
                0x00000000000000cc                . = ALIGN (0x4)
                0x00000000000000cc                __section_table_start = .
                0x00000000000000cc                __data_section_table = .
                0x00000000000000cc        0x4 LONG 0x1ba1c LOADADDR (.data)
                0x00000000000000d0        0x4 LONG 0x100000c8 ADDR (.data)
                0x00000000000000d4        0x4 LONG 0x9dc SIZEOF (.data)
                0x00000000000000d8        0x4 LONG 0x1ba1c LOADADDR (.data_RAM2)
                0x00000000000000dc        0x4 LONG 0x2007c000 ADDR (.data_RAM2)
                0x00000000000000e0        0x4 LONG 0x0 SIZEOF (.data_RAM2)
                0x00000000000000e4                __data_section_table_end = .
                0x00000000000000e4                __bss_section_table = .
                0x00000000000000e4        0x4 LONG 0x10000aa8 ADDR (.bss)
                0x00000000000000e8        0x4 LONG 0x16c4 SIZEOF (.bss)
                0x00000000000000ec        0x4 LONG 0x2007c000 ADDR (.bss_RAM2)
                0x00000000000000f0        0x4 LONG 0x0 SIZEOF (.bss_RAM2)
                0x00000000000000f4                __bss_section_table_end = .
                0x00000000000000f4                __section_table_end = .
 *(.after_vectors*)
 .after_vectors
                0x00000000000000f4       0xd0 /Users/mori/LPCXpresso/workspace/Wheelchair_main/mbed/TARGET_LPC1768/TOOLCHAIN_GCC_CR/startup_LPC17xx.o
                0x00000000000000f4                NMI_Handler
                0x00000000000000f8                HardFault_Handler
                0x00000000000000fc                MemManage_Handler
                0x0000000000000100                BusFault_Handler
                0x0000000000000104                UsageFault_Handler
                0x000000000000010c                DebugMon_Handler
                0x0000000000000118                EINT2_IRQHandler
                0x0000000000000118                UART1_IRQHandler
                0x0000000000000118                EINT3_IRQHandler
                0x0000000000000118                CANActivity_IRQHandler
                0x0000000000000118                TIMER3_IRQHandler
                0x0000000000000118                UART0_IRQHandler
                0x0000000000000118                IntDefaultHandler
                0x0000000000000118                PLL0_IRQHandler
                0x0000000000000118                CAN_IRQHandler
                0x0000000000000118                PLL1_IRQHandler
                0x0000000000000118                SSP0_IRQHandler
                0x0000000000000118                I2S_IRQHandler
                0x0000000000000118                I2C2_IRQHandler
                0x0000000000000118                RTC_IRQHandler
                0x0000000000000118                TIMER0_IRQHandler
                0x0000000000000118                SPI_IRQHandler
                0x0000000000000118                EINT1_IRQHandler
                0x0000000000000118                TIMER1_IRQHandler
                0x0000000000000118                UART2_IRQHandler
                0x0000000000000118                ADC_IRQHandler
                0x0000000000000118                SSP1_IRQHandler
                0x0000000000000118                USB_IRQHandler
                0x0000000000000118                TIMER2_IRQHandler
                0x0000000000000118                BOD_IRQHandler
                0x0000000000000118                RIT_IRQHandler
                0x0000000000000118                I2C0_IRQHandler
                0x0000000000000118                USBActivity_IRQHandler
                0x0000000000000118                PWM1_IRQHandler
                0x0000000000000118                I2C1_IRQHandler
                0x0000000000000118                UART3_IRQHandler
                0x0000000000000118                MCPWM_IRQHandler
                0x0000000000000118                ENET_IRQHandler
                0x0000000000000118                WDT_IRQHandler
                0x0000000000000118                QEI_IRQHandler
                0x0000000000000118                EINT0_IRQHandler
                0x0000000000000118                DMA_IRQHandler
                0x000000000000011c                ResetISR
                0x000000000000019c                data_init
                0x00000000000001b4                bss_init
 *(.text*)
 .text          0x00000000000001c4      0x128 ./mbed-rtos/rtx/TARGET_CORTEX_M/TARGET_M3/TOOLCHAIN_GCC/HAL_CM3.o
                0x00000000000001c4                rt_set_PSP
                0x00000000000001ca                rt_get_PSP
                0x00000000000001d0                os_set_env
                0x00000000000001e8                _alloc_box
                0x0000000000000204                _free_box
                0x0000000000000220                SVC_Handler
                0x000000000000028a                PendSV_Handler
                0x000000000000028e                Sys_Switch
                0x00000000000002c0                SysTick_Handler
                0x00000000000002c8                OS_Tick_Handler
 .text.rt_init_stack
                0x00000000000002ec       0x98 ./mbed-rtos/rtx/TARGET_CORTEX_M/HAL_CM.o
                0x00000000000002ec                rt_init_stack
 .text.rt_ret_regs
                0x0000000000000384       0x1c ./mbed-rtos/rtx/TARGET_CORTEX_M/HAL_CM.o
 .text.rt_ret_val
                0x00000000000003a0       0x20 ./mbed-rtos/rtx/TARGET_CORTEX_M/HAL_CM.o
                0x00000000000003a0                rt_ret_val
 .text.rt_ret_val2
                0x00000000000003c0       0x28 ./mbed-rtos/rtx/TARGET_CORTEX_M/HAL_CM.o
                0x00000000000003c0                rt_ret_val2
 .text.os_idle_demon
                0x00000000000003e8        0x8 ./mbed-rtos/rtx/TARGET_CORTEX_M/RTX_Conf_CM.o
                0x00000000000003e8                os_idle_demon
 .text.os_error
                0x00000000000003f0       0x14 ./mbed-rtos/rtx/TARGET_CORTEX_M/RTX_Conf_CM.o
                0x00000000000003f0                os_error
 .text.sysThreadError
                0x0000000000000404       0x18 ./mbed-rtos/rtx/TARGET_CORTEX_M/RTX_Conf_CM.o
                0x0000000000000404                sysThreadError
 .text.set_main_stack
                0x000000000000041c       0x1c ./mbed-rtos/rtx/TARGET_CORTEX_M/RTX_Conf_CM.o
                0x000000000000041c                set_main_stack
 .text.software_init_hook
                0x0000000000000438       0x38 ./mbed-rtos/rtx/TARGET_CORTEX_M/RTX_Conf_CM.o
                0x0000000000000438                software_init_hook
 .text.rt_ms2tick
                0x0000000000000470       0x68 ./mbed-rtos/rtx/TARGET_CORTEX_M/rt_CMSIS.o
 .text.rt_tid2ptcb
                0x00000000000004d8       0x40 ./mbed-rtos/rtx/TARGET_CORTEX_M/rt_CMSIS.o
 .text.rt_id2obj
                0x0000000000000518       0x24 ./mbed-rtos/rtx/TARGET_CORTEX_M/rt_CMSIS.o
 .text.svcKernelInitialize
                0x000000000000053c       0x38 ./mbed-rtos/rtx/TARGET_CORTEX_M/rt_CMSIS.o
                0x000000000000053c                svcKernelInitialize
 .text.svcKernelStart
                0x0000000000000574       0x78 ./mbed-rtos/rtx/TARGET_CORTEX_M/rt_CMSIS.o
                0x0000000000000574                svcKernelStart
 .text.osKernelInitialize
                0x00000000000005ec       0x44 ./mbed-rtos/rtx/TARGET_CORTEX_M/rt_CMSIS.o
                0x00000000000005ec                osKernelInitialize
 .text.osKernelStart
                0x0000000000000630       0xcc ./mbed-rtos/rtx/TARGET_CORTEX_M/rt_CMSIS.o
                0x0000000000000630                osKernelStart
 .text.svcThreadCreate
                0x00000000000006fc       0xc8 ./mbed-rtos/rtx/TARGET_CORTEX_M/rt_CMSIS.o
                0x00000000000006fc                svcThreadCreate
 .text.svcThreadGetId
                0x00000000000007c4       0x2c ./mbed-rtos/rtx/TARGET_CORTEX_M/rt_CMSIS.o
                0x00000000000007c4                svcThreadGetId
 .text.svcThreadTerminate
                0x00000000000007f0       0x3c ./mbed-rtos/rtx/TARGET_CORTEX_M/rt_CMSIS.o
                0x00000000000007f0                svcThreadTerminate
 .text.osThreadCreate
                0x000000000000082c       0x64 ./mbed-rtos/rtx/TARGET_CORTEX_M/rt_CMSIS.o
                0x000000000000082c                osThreadCreate
 .text.osThreadTerminate
                0x0000000000000890       0x34 ./mbed-rtos/rtx/TARGET_CORTEX_M/rt_CMSIS.o
                0x0000000000000890                osThreadTerminate
 .text.osThreadExit
                0x00000000000008c4       0x20 ./mbed-rtos/rtx/TARGET_CORTEX_M/rt_CMSIS.o
                0x00000000000008c4                osThreadExit
 .text.svcDelay
                0x00000000000008e4       0x2c ./mbed-rtos/rtx/TARGET_CORTEX_M/rt_CMSIS.o
                0x00000000000008e4                svcDelay
 .text.osDelay  0x0000000000000910       0x34 ./mbed-rtos/rtx/TARGET_CORTEX_M/rt_CMSIS.o
                0x0000000000000910                osDelay
 .text.rt_timer_insert
                0x0000000000000944       0x88 ./mbed-rtos/rtx/TARGET_CORTEX_M/rt_CMSIS.o
 .text.rt_timer_remove
                0x00000000000009cc       0x80 ./mbed-rtos/rtx/TARGET_CORTEX_M/rt_CMSIS.o
 .text.svcTimerCreate
                0x0000000000000a4c       0x9c ./mbed-rtos/rtx/TARGET_CORTEX_M/rt_CMSIS.o
                0x0000000000000a4c                svcTimerCreate
 .text.svcTimerStart
                0x0000000000000ae8       0x74 ./mbed-rtos/rtx/TARGET_CORTEX_M/rt_CMSIS.o
                0x0000000000000ae8                svcTimerStart
 .text.svcTimerCall
                0x0000000000000b5c       0x60 ./mbed-rtos/rtx/TARGET_CORTEX_M/rt_CMSIS.o
                0x0000000000000b5c                svcTimerCall
 .text.sysTimerTick
                0x0000000000000bbc       0x7c ./mbed-rtos/rtx/TARGET_CORTEX_M/rt_CMSIS.o
                0x0000000000000bbc                sysTimerTick
 .text.osTimerCreate
                0x0000000000000c38       0x74 ./mbed-rtos/rtx/TARGET_CORTEX_M/rt_CMSIS.o
                0x0000000000000c38                osTimerCreate
 .text.osTimerStart
                0x0000000000000cac       0x3c ./mbed-rtos/rtx/TARGET_CORTEX_M/rt_CMSIS.o
                0x0000000000000cac                osTimerStart
 .text.osTimerCall
                0x0000000000000ce8       0x30 ./mbed-rtos/rtx/TARGET_CORTEX_M/rt_CMSIS.o
                0x0000000000000ce8                osTimerCall
 .text.osTimerThread
                0x0000000000000d18       0x44 ./mbed-rtos/rtx/TARGET_CORTEX_M/rt_CMSIS.o
                0x0000000000000d18                osTimerThread
 .text.svcMutexCreate
                0x0000000000000d5c       0x50 ./mbed-rtos/rtx/TARGET_CORTEX_M/rt_CMSIS.o
                0x0000000000000d5c                svcMutexCreate
 .text.svcMutexDelete
                0x0000000000000dac       0x38 ./mbed-rtos/rtx/TARGET_CORTEX_M/rt_CMSIS.o
                0x0000000000000dac                svcMutexDelete
 .text.osMutexCreate
                0x0000000000000de4       0x5c ./mbed-rtos/rtx/TARGET_CORTEX_M/rt_CMSIS.o
                0x0000000000000de4                osMutexCreate
 .text.osMutexDelete
                0x0000000000000e40       0x34 ./mbed-rtos/rtx/TARGET_CORTEX_M/rt_CMSIS.o
                0x0000000000000e40                osMutexDelete
 .text.svcMessageCreate
                0x0000000000000e74       0x64 ./mbed-rtos/rtx/TARGET_CORTEX_M/rt_CMSIS.o
                0x0000000000000e74                svcMessageCreate
 .text.svcMessageGet
                0x0000000000000ed8       0xd4 ./mbed-rtos/rtx/TARGET_CORTEX_M/rt_CMSIS.o
                0x0000000000000ed8                svcMessageGet
 .text.isrMessagePut
                0x0000000000000fac       0x4c ./mbed-rtos/rtx/TARGET_CORTEX_M/rt_CMSIS.o
 .text.isrMessageGet
                0x0000000000000ff8       0x94 ./mbed-rtos/rtx/TARGET_CORTEX_M/rt_CMSIS.o
 .text.osMessageGet
                0x000000000000108c       0x5c ./mbed-rtos/rtx/TARGET_CORTEX_M/rt_CMSIS.o
                0x000000000000108c                osMessageGet
 .text.rt_evt_psh
                0x00000000000010e8       0xa4 ./mbed-rtos/rtx/TARGET_CORTEX_M/rt_Event.o
                0x00000000000010e8                rt_evt_psh
 .text.rt_inc_qi
                0x000000000000118c       0x60 ./mbed-rtos/rtx/TARGET_CORTEX_M/rt_List.o
 .text.rt_put_prio
                0x00000000000011ec       0x8c ./mbed-rtos/rtx/TARGET_CORTEX_M/rt_List.o
                0x00000000000011ec                rt_put_prio
 .text.rt_get_first
                0x0000000000001278       0x60 ./mbed-rtos/rtx/TARGET_CORTEX_M/rt_List.o
                0x0000000000001278                rt_get_first
 .text.rt_put_rdy_first
                0x00000000000012d8       0x2c ./mbed-rtos/rtx/TARGET_CORTEX_M/rt_List.o
                0x00000000000012d8                rt_put_rdy_first
 .text.rt_resort_prio
                0x0000000000001304       0x4c ./mbed-rtos/rtx/TARGET_CORTEX_M/rt_List.o
                0x0000000000001304                rt_resort_prio
 .text.rt_put_dly
                0x0000000000001350       0xc8 ./mbed-rtos/rtx/TARGET_CORTEX_M/rt_List.o
                0x0000000000001350                rt_put_dly
 .text.rt_dec_dly
                0x0000000000001418       0xcc ./mbed-rtos/rtx/TARGET_CORTEX_M/rt_List.o
                0x0000000000001418                rt_dec_dly
 .text.rt_rmv_list
                0x00000000000014e4       0x64 ./mbed-rtos/rtx/TARGET_CORTEX_M/rt_List.o
                0x00000000000014e4                rt_rmv_list
 .text.rt_rmv_dly
                0x0000000000001548       0x5c ./mbed-rtos/rtx/TARGET_CORTEX_M/rt_List.o
                0x0000000000001548                rt_rmv_dly
 .text.rt_psq_enq
                0x00000000000015a4       0x54 ./mbed-rtos/rtx/TARGET_CORTEX_M/rt_List.o
                0x00000000000015a4                rt_psq_enq
 .text.rt_mbx_init
                0x00000000000015f8       0x50 ./mbed-rtos/rtx/TARGET_CORTEX_M/rt_Mailbox.o
                0x00000000000015f8                rt_mbx_init
 .text.rt_mbx_wait
                0x0000000000001648      0x118 ./mbed-rtos/rtx/TARGET_CORTEX_M/rt_Mailbox.o
                0x0000000000001648                rt_mbx_wait
 .text.rt_mbx_check
                0x0000000000001760       0x24 ./mbed-rtos/rtx/TARGET_CORTEX_M/rt_Mailbox.o
                0x0000000000001760                rt_mbx_check
 .text.isr_mbx_send
                0x0000000000001784       0x24 ./mbed-rtos/rtx/TARGET_CORTEX_M/rt_Mailbox.o
                0x0000000000001784                isr_mbx_send
 .text.isr_mbx_receive
                0x00000000000017a8       0x80 ./mbed-rtos/rtx/TARGET_CORTEX_M/rt_Mailbox.o
                0x00000000000017a8                isr_mbx_receive
 .text.rt_mbx_psh
                0x0000000000001828      0x158 ./mbed-rtos/rtx/TARGET_CORTEX_M/rt_Mailbox.o
                0x0000000000001828                rt_mbx_psh
 .text.rt_alloc_box
                0x0000000000001980       0x44 ./mbed-rtos/rtx/TARGET_CORTEX_M/rt_MemBox.o
                0x0000000000001980                rt_alloc_box
 .text.rt_free_box
                0x00000000000019c4       0x54 ./mbed-rtos/rtx/TARGET_CORTEX_M/rt_MemBox.o
                0x00000000000019c4                rt_free_box
 .text.rt_mut_init
                0x0000000000001a18       0x34 ./mbed-rtos/rtx/TARGET_CORTEX_M/rt_Mutex.o
                0x0000000000001a18                rt_mut_init
 .text.rt_mut_delete
                0x0000000000001a4c       0xac ./mbed-rtos/rtx/TARGET_CORTEX_M/rt_Mutex.o
                0x0000000000001a4c                rt_mut_delete
 .text.rt_init_robin
                0x0000000000001af8       0x24 ./mbed-rtos/rtx/TARGET_CORTEX_M/rt_Robin.o
                0x0000000000001af8                rt_init_robin
 .text.rt_chk_robin
                0x0000000000001b1c       0x68 ./mbed-rtos/rtx/TARGET_CORTEX_M/rt_Robin.o
                0x0000000000001b1c                rt_chk_robin
 .text.rt_sem_psh
                0x0000000000001b84       0x4c ./mbed-rtos/rtx/TARGET_CORTEX_M/rt_Semaphore.o
                0x0000000000001b84                rt_sem_psh
 .text.rt_systick_init
                0x0000000000001bd0       0x40 ./mbed-rtos/rtx/TARGET_CORTEX_M/rt_System.o
 .text.rt_psh_req
                0x0000000000001c10       0x34 ./mbed-rtos/rtx/TARGET_CORTEX_M/rt_System.o
                0x0000000000001c10                rt_psh_req
 .text.rt_pop_req
                0x0000000000001c44       0xcc ./mbed-rtos/rtx/TARGET_CORTEX_M/rt_System.o
                0x0000000000001c44                rt_pop_req
 .text.os_tick_init
                0x0000000000001d10       0x10 ./mbed-rtos/rtx/TARGET_CORTEX_M/rt_System.o
                0x0000000000001d10                os_tick_init
 .text.os_tick_irqack
                0x0000000000001d20        0xc ./mbed-rtos/rtx/TARGET_CORTEX_M/rt_System.o
                0x0000000000001d20                os_tick_irqack
 .text.rt_systick
                0x0000000000001d2c       0x50 ./mbed-rtos/rtx/TARGET_CORTEX_M/rt_System.o
                0x0000000000001d2c                rt_systick
 .text.rt_stk_check
                0x0000000000001d7c       0x3c ./mbed-rtos/rtx/TARGET_CORTEX_M/rt_System.o
                0x0000000000001d7c                rt_stk_check
 .text.rt_svc_init
                0x0000000000001db8       0x7c ./mbed-rtos/rtx/TARGET_CORTEX_M/rt_Task.o
 .text.rt_get_TID
                0x0000000000001e34       0x48 ./mbed-rtos/rtx/TARGET_CORTEX_M/rt_Task.o
                0x0000000000001e34                rt_get_TID
 .text.rt_init_context
                0x0000000000001e7c       0x68 ./mbed-rtos/rtx/TARGET_CORTEX_M/rt_Task.o
                0x0000000000001e7c                rt_init_context
 .text.rt_switch_req
                0x0000000000001ee4       0x24 ./mbed-rtos/rtx/TARGET_CORTEX_M/rt_Task.o
                0x0000000000001ee4                rt_switch_req
 .text.rt_dispatch
                0x0000000000001f08       0x64 ./mbed-rtos/rtx/TARGET_CORTEX_M/rt_Task.o
                0x0000000000001f08                rt_dispatch
 .text.rt_block
                0x0000000000001f6c       0x54 ./mbed-rtos/rtx/TARGET_CORTEX_M/rt_Task.o
                0x0000000000001f6c                rt_block
 .text.rt_tsk_self
                0x0000000000001fc0       0x24 ./mbed-rtos/rtx/TARGET_CORTEX_M/rt_Task.o
                0x0000000000001fc0                rt_tsk_self
 .text.rt_tsk_prio
                0x0000000000001fe4       0xb8 ./mbed-rtos/rtx/TARGET_CORTEX_M/rt_Task.o
                0x0000000000001fe4                rt_tsk_prio
 .text.rt_tsk_delete
                0x000000000000209c       0xb8 ./mbed-rtos/rtx/TARGET_CORTEX_M/rt_Task.o
                0x000000000000209c                rt_tsk_delete
 .text.rt_sys_init
                0x0000000000002154       0xc8 ./mbed-rtos/rtx/TARGET_CORTEX_M/rt_Task.o
                0x0000000000002154                rt_sys_init
 .text.rt_sys_start
                0x000000000000221c       0x4c ./mbed-rtos/rtx/TARGET_CORTEX_M/rt_Task.o
                0x000000000000221c                rt_sys_start
 .text.rt_dly_wait
                0x0000000000002268       0x1c ./mbed-rtos/rtx/TARGET_CORTEX_M/rt_Time.o
                0x0000000000002268                rt_dly_wait
 .text._ZN4rtos5MutexC2Ev
                0x0000000000002284       0x4c ./mbed-rtos/rtos/Mutex.o
                0x0000000000002284                rtos::Mutex::Mutex()
                0x0000000000002284                rtos::Mutex::Mutex()
 .text._ZN4rtos5MutexD2Ev
                0x00000000000022d0       0x1c ./mbed-rtos/rtos/Mutex.o
                0x00000000000022d0                rtos::Mutex::~Mutex()
                0x00000000000022d0                rtos::Mutex::~Mutex()
 .text._ZN4rtos9RtosTimerC2EPFvPKvE13os_timer_typePv
                0x00000000000022ec       0x50 ./mbed-rtos/rtos/RtosTimer.o
                0x00000000000022ec                rtos::RtosTimer::RtosTimer(void (*)(void const*), os_timer_type, void*)
                0x00000000000022ec                rtos::RtosTimer::RtosTimer(void (*)(void const*), os_timer_type, void*)
 .text._ZN4rtos9RtosTimer5startEm
                0x000000000000233c       0x20 ./mbed-rtos/rtos/RtosTimer.o
                0x000000000000233c                rtos::RtosTimer::start(unsigned long)
 .text._ZN4rtos6ThreadC2EPFvPKvEPv10osPrioritymPh
                0x000000000000235c       0xbc ./mbed-rtos/rtos/Thread.o
                0x000000000000235c                rtos::Thread::Thread(void (*)(void const*), void*, osPriority, unsigned long, unsigned char*)
                0x000000000000235c                rtos::Thread::Thread(void (*)(void const*), void*, osPriority, unsigned long, unsigned char*)
 .text._ZN4rtos6Thread9terminateEv
                0x0000000000002418       0x1c ./mbed-rtos/rtos/Thread.o
                0x0000000000002418                rtos::Thread::terminate()
 .text._ZN4rtos6Thread4waitEm
                0x0000000000002434       0x18 ./mbed-rtos/rtos/Thread.o
                0x0000000000002434                rtos::Thread::wait(unsigned long)
 .text._ZN4rtos6ThreadD2Ev
                0x000000000000244c       0x4c ./mbed-rtos/rtos/Thread.o
                0x000000000000244c                rtos::Thread::~Thread()
                0x000000000000244c                rtos::Thread::~Thread()
 .text._ZN4rtos6ThreadD0Ev
                0x0000000000002498       0x20 ./mbed-rtos/rtos/Thread.o
                0x0000000000002498                rtos::Thread::~Thread()
 .text.ff_convert
                0x00000000000024b8       0x74 ./SDFileSystem/FATFileSystem/ChaN/ccsbcs.o
                0x00000000000024b8                ff_convert
 .text.ff_wtoupper
                0x000000000000252c       0x5c ./SDFileSystem/FATFileSystem/ChaN/ccsbcs.o
                0x000000000000252c                ff_wtoupper
 .text.debug_if
                0x0000000000002588       0x38 ./SDFileSystem/FATFileSystem/ChaN/diskio.o
 .text._Z15disk_initializeh
                0x00000000000025c0       0x44 ./SDFileSystem/FATFileSystem/ChaN/diskio.o
                0x00000000000025c0                disk_initialize(unsigned char)
 .text._Z11disk_statush
                0x0000000000002604       0x44 ./SDFileSystem/FATFileSystem/ChaN/diskio.o
                0x0000000000002604                disk_status(unsigned char)
 .text._Z9disk_readhPhmh
                0x0000000000002648       0x98 ./SDFileSystem/FATFileSystem/ChaN/diskio.o
                0x0000000000002648                disk_read(unsigned char, unsigned char*, unsigned long, unsigned char)
 .text._Z10disk_writehPKhmh
                0x00000000000026e0       0x98 ./SDFileSystem/FATFileSystem/ChaN/diskio.o
                0x00000000000026e0                disk_write(unsigned char, unsigned char const*, unsigned long, unsigned char)
 .text._Z10disk_ioctlhhPv
                0x0000000000002778       0xd0 ./SDFileSystem/FATFileSystem/ChaN/diskio.o
                0x0000000000002778                disk_ioctl(unsigned char, unsigned char, void*)
 .text._ZL7mem_cpyPvPKvj
                0x0000000000002848       0x44 ./SDFileSystem/FATFileSystem/ChaN/ff.o
 .text._ZL7mem_setPvij
                0x000000000000288c       0x3c ./SDFileSystem/FATFileSystem/ChaN/ff.o
 .text._ZL7mem_cmpPKvS0_j
                0x00000000000028c8       0x58 ./SDFileSystem/FATFileSystem/ChaN/ff.o
 .text._ZL7chk_chrPKci
                0x0000000000002920       0x38 ./SDFileSystem/FATFileSystem/ChaN/ff.o
 .text._ZL11move_windowP5FATFSm
                0x0000000000002958       0xd0 ./SDFileSystem/FATFileSystem/ChaN/ff.o
 .text._ZL4syncP5FATFS
                0x0000000000002a28      0x150 ./SDFileSystem/FATFileSystem/ChaN/ff.o
 .text._Z10clust2sectP5FATFSm
                0x0000000000002b78       0x40 ./SDFileSystem/FATFileSystem/ChaN/ff.o
                0x0000000000002b78                clust2sect(FATFS*, unsigned long)
 .text._Z7get_fatP5FATFSm
                0x0000000000002bb8      0x180 ./SDFileSystem/FATFileSystem/ChaN/ff.o
                0x0000000000002bb8                get_fat(FATFS*, unsigned long)
 .text._Z7put_fatP5FATFSmm
                0x0000000000002d38      0x1f0 ./SDFileSystem/FATFileSystem/ChaN/ff.o
                0x0000000000002d38                put_fat(FATFS*, unsigned long, unsigned long)
 .text._ZL12remove_chainP5FATFSm
                0x0000000000002f28       0x9c ./SDFileSystem/FATFileSystem/ChaN/ff.o
 .text._ZL12create_chainP5FATFSm
                0x0000000000002fc4      0x118 ./SDFileSystem/FATFileSystem/ChaN/ff.o
 .text._ZL7dir_sdiP9FATFS_DIRt
                0x00000000000030dc      0x104 ./SDFileSystem/FATFileSystem/ChaN/ff.o
 .text._ZL8dir_nextP9FATFS_DIRi
                0x00000000000031e0      0x1bc ./SDFileSystem/FATFileSystem/ChaN/ff.o
 .text._ZL8ld_clustP5FATFSPh
                0x000000000000339c       0x5c ./SDFileSystem/FATFileSystem/ChaN/ff.o
 .text._ZL8st_clustPhm
                0x00000000000033f8       0x48 ./SDFileSystem/FATFileSystem/ChaN/ff.o
 .text._ZL7cmp_lfnPtPh
                0x0000000000003440       0xf0 ./SDFileSystem/FATFileSystem/ChaN/ff.o
 .text._ZL8pick_lfnPtPh
                0x0000000000003530       0xd4 ./SDFileSystem/FATFileSystem/ChaN/ff.o
 .text._ZL7fit_lfnPKtPhhh
                0x0000000000003604       0xf0 ./SDFileSystem/FATFileSystem/ChaN/ff.o
 .text._Z11gen_numnamePhPKhPKtt
                0x00000000000036f4       0xe8 ./SDFileSystem/FATFileSystem/ChaN/ff.o
                0x00000000000036f4                gen_numname(unsigned char*, unsigned char const*, unsigned short const*, unsigned short)
 .text._ZL7sum_sfnPKh
                0x00000000000037dc       0x50 ./SDFileSystem/FATFileSystem/ChaN/ff.o
 .text._ZL8dir_findP9FATFS_DIR
                0x000000000000382c      0x164 ./SDFileSystem/FATFileSystem/ChaN/ff.o
 .text._ZL8dir_readP9FATFS_DIR
                0x0000000000003990      0x134 ./SDFileSystem/FATFileSystem/ChaN/ff.o
 .text._ZL12dir_registerP9FATFS_DIR
                0x0000000000003ac4      0x280 ./SDFileSystem/FATFileSystem/ChaN/ff.o
 .text._ZL10dir_removeP9FATFS_DIR
                0x0000000000003d44       0x94 ./SDFileSystem/FATFileSystem/ChaN/ff.o
 .text._ZL11create_nameP9FATFS_DIRPPKc
                0x0000000000003dd8      0x370 ./SDFileSystem/FATFileSystem/ChaN/ff.o
 .text._ZL12get_fileinfoP9FATFS_DIRP7FILINFO
                0x0000000000004148      0x1e8 ./SDFileSystem/FATFileSystem/ChaN/ff.o
 .text._ZL11follow_pathP9FATFS_DIRPKc
                0x0000000000004330       0xcc ./SDFileSystem/FATFileSystem/ChaN/ff.o
 .text._ZL8check_fsP5FATFSm
                0x00000000000043fc       0xcc ./SDFileSystem/FATFileSystem/ChaN/ff.o
 .text._ZL11chk_mountedPPKcPP5FATFSh
                0x00000000000044c8      0x55c ./SDFileSystem/FATFileSystem/ChaN/ff.o
 .text._ZL8validatePv
                0x0000000000004a24       0x60 ./SDFileSystem/FATFileSystem/ChaN/ff.o
 .text.f_mount  0x0000000000004a84       0x54 ./SDFileSystem/FATFileSystem/ChaN/ff.o
                0x0000000000004a84                f_mount
 .text.f_open   0x0000000000004ad8      0x284 ./SDFileSystem/FATFileSystem/ChaN/ff.o
                0x0000000000004ad8                f_open
 .text.f_read   0x0000000000004d5c      0x2cc ./SDFileSystem/FATFileSystem/ChaN/ff.o
                0x0000000000004d5c                f_read
 .text.f_write  0x0000000000005028      0x328 ./SDFileSystem/FATFileSystem/ChaN/ff.o
                0x0000000000005028                f_write
 .text.f_sync   0x0000000000005350      0x15c ./SDFileSystem/FATFileSystem/ChaN/ff.o
                0x0000000000005350                f_sync
 .text.f_close  0x00000000000054ac       0x28 ./SDFileSystem/FATFileSystem/ChaN/ff.o
                0x00000000000054ac                f_close
 .text.f_lseek  0x00000000000054d4      0x2bc ./SDFileSystem/FATFileSystem/ChaN/ff.o
                0x00000000000054d4                f_lseek
 .text.f_opendir
                0x0000000000005790       0xcc ./SDFileSystem/FATFileSystem/ChaN/ff.o
                0x0000000000005790                f_opendir
 .text.f_readdir
                0x000000000000585c       0x90 ./SDFileSystem/FATFileSystem/ChaN/ff.o
                0x000000000000585c                f_readdir
 .text.f_unlink
                0x00000000000058ec      0x15c ./SDFileSystem/FATFileSystem/ChaN/ff.o
                0x00000000000058ec                f_unlink
 .text.f_mkdir  0x0000000000005a48      0x250 ./SDFileSystem/FATFileSystem/ChaN/ff.o
                0x0000000000005a48                f_mkdir
 .text.f_mkfs   0x0000000000005c98      0x97c ./SDFileSystem/FATFileSystem/ChaN/ff.o
                0x0000000000005c98                f_mkfs
 .text._ZN4mbed9DirHandle7telldirEv
                0x0000000000006614       0x18 ./SDFileSystem/FATFileSystem/FATDirHandle.o
                0x0000000000006614                mbed::DirHandle::telldir()
 .text._ZN4mbed9DirHandle7seekdirEl
                0x000000000000662c       0x14 ./SDFileSystem/FATFileSystem/FATDirHandle.o
                0x000000000000662c                mbed::DirHandle::seekdir(long)
 .text._ZN4mbed9DirHandleD2Ev
                0x0000000000006640       0x28 ./SDFileSystem/FATFileSystem/FATDirHandle.o
                0x0000000000006640                mbed::DirHandle::~DirHandle()
                0x0000000000006640                mbed::DirHandle::~DirHandle()
 .text._ZN4mbed9DirHandleD0Ev
                0x0000000000006668       0x20 ./SDFileSystem/FATFileSystem/FATDirHandle.o
                0x0000000000006668                mbed::DirHandle::~DirHandle()
 .text._ZN4mbed9DirHandleC2Ev
                0x0000000000006688       0x20 ./SDFileSystem/FATFileSystem/FATDirHandle.o
                0x0000000000006688                mbed::DirHandle::DirHandle()
                0x0000000000006688                mbed::DirHandle::DirHandle()
 .text._ZN12FATDirHandleC2ERK9FATFS_DIR
                0x00000000000066a8       0x3c ./SDFileSystem/FATFileSystem/FATDirHandle.o
                0x00000000000066a8                FATDirHandle::FATDirHandle(FATFS_DIR const&)
                0x00000000000066a8                FATDirHandle::FATDirHandle(FATFS_DIR const&)
 .text._ZN12FATDirHandle8closedirEv
                0x00000000000066e4       0x24 ./SDFileSystem/FATFileSystem/FATDirHandle.o
                0x00000000000066e4                FATDirHandle::closedir()
 .text._ZN12FATDirHandle7readdirEv
                0x0000000000006708       0x68 ./SDFileSystem/FATFileSystem/FATDirHandle.o
                0x0000000000006708                FATDirHandle::readdir()
 .text._ZN12FATDirHandle9rewinddirEv
                0x0000000000006770       0x18 ./SDFileSystem/FATFileSystem/FATDirHandle.o
                0x0000000000006770                FATDirHandle::rewinddir()
 .text._ZN12FATDirHandle7telldirEv
                0x0000000000006788       0x18 ./SDFileSystem/FATFileSystem/FATDirHandle.o
                0x0000000000006788                FATDirHandle::telldir()
 .text._ZN12FATDirHandle7seekdirEl
                0x00000000000067a0       0x1c ./SDFileSystem/FATFileSystem/FATDirHandle.o
                0x00000000000067a0                FATDirHandle::seekdir(long)
 .text._ZN12FATDirHandleD2Ev
                0x00000000000067bc       0x30 ./SDFileSystem/FATFileSystem/FATDirHandle.o
                0x00000000000067bc                FATDirHandle::~FATDirHandle()
                0x00000000000067bc                FATDirHandle::~FATDirHandle()
 .text._ZN12FATDirHandleD0Ev
                0x00000000000067ec       0x20 ./SDFileSystem/FATFileSystem/FATDirHandle.o
                0x00000000000067ec                FATDirHandle::~FATDirHandle()
 .text.debug_if
                0x000000000000680c       0x38 ./SDFileSystem/FATFileSystem/FATFileHandle.o
 .text._ZN4mbed10FileHandleC2Ev
                0x0000000000006844       0x20 ./SDFileSystem/FATFileSystem/FATFileHandle.o
                0x0000000000006844                mbed::FileHandle::FileHandle()
                0x0000000000006844                mbed::FileHandle::FileHandle()
 .text._ZN13FATFileHandleC2E3FIL
                0x0000000000006864       0x4c ./SDFileSystem/FATFileSystem/FATFileHandle.o
                0x0000000000006864                FATFileHandle::FATFileHandle(FIL)
                0x0000000000006864                FATFileHandle::FATFileHandle(FIL)
 .text._ZN13FATFileHandle5closeEv
                0x00000000000068b0       0x34 ./SDFileSystem/FATFileSystem/FATFileHandle.o
                0x00000000000068b0                FATFileHandle::close()
 .text._ZN13FATFileHandle5writeEPKvj
                0x00000000000068e4       0x48 ./SDFileSystem/FATFileSystem/FATFileHandle.o
                0x00000000000068e4                FATFileHandle::write(void const*, unsigned int)
 .text._ZN13FATFileHandle4readEPvj
                0x000000000000692c       0x58 ./SDFileSystem/FATFileSystem/FATFileHandle.o
                0x000000000000692c                FATFileHandle::read(void*, unsigned int)
 .text._ZN13FATFileHandle6isattyEv
                0x0000000000006984       0x18 ./SDFileSystem/FATFileSystem/FATFileHandle.o
                0x0000000000006984                FATFileHandle::isatty()
 .text._ZN13FATFileHandle5lseekEli
                0x000000000000699c       0x7c ./SDFileSystem/FATFileSystem/FATFileHandle.o
                0x000000000000699c                FATFileHandle::lseek(long, int)
 .text._ZN13FATFileHandle5fsyncEv
                0x0000000000006a18       0x3c ./SDFileSystem/FATFileSystem/FATFileHandle.o
                0x0000000000006a18                FATFileHandle::fsync()
 .text._ZN13FATFileHandle4flenEv
                0x0000000000006a54       0x18 ./SDFileSystem/FATFileSystem/FATFileHandle.o
                0x0000000000006a54                FATFileHandle::flen()
 .text._ZN13FATFileHandleD2Ev
                0x0000000000006a6c       0x30 ./SDFileSystem/FATFileSystem/FATFileHandle.o
                0x0000000000006a6c                FATFileHandle::~FATFileHandle()
                0x0000000000006a6c                FATFileHandle::~FATFileHandle()
 .text._ZN13FATFileHandleD0Ev
                0x0000000000006a9c       0x20 ./SDFileSystem/FATFileSystem/FATFileHandle.o
                0x0000000000006a9c                FATFileHandle::~FATFileHandle()
 .text._ZN4mbed14FileSystemLike6renameEPKcS2_
                0x0000000000006abc       0x1c ./SDFileSystem/FATFileSystem/FATFileSystem.o
                0x0000000000006abc                mbed::FileSystemLike::rename(char const*, char const*)
 .text.debug_if
                0x0000000000006ad8       0x38 ./SDFileSystem/FATFileSystem/FATFileSystem.o
 .text._ZN13FATFileSystem15disk_initializeEv
                0x0000000000006b10       0x18 ./SDFileSystem/FATFileSystem/FATFileSystem.o
                0x0000000000006b10                FATFileSystem::disk_initialize()
 .text._ZN13FATFileSystem11disk_statusEv
                0x0000000000006b28       0x18 ./SDFileSystem/FATFileSystem/FATFileSystem.o
                0x0000000000006b28                FATFileSystem::disk_status()
 .text._ZN13FATFileSystem9disk_syncEv
                0x0000000000006b40       0x18 ./SDFileSystem/FATFileSystem/FATFileSystem.o
                0x0000000000006b40                FATFileSystem::disk_sync()
 .text.get_fattime
                0x0000000000006b58       0x58 ./SDFileSystem/FATFileSystem/FATFileSystem.o
                0x0000000000006b58                get_fattime
 .text._ZN13FATFileSystemC2EPKc
                0x0000000000006bb0       0xa0 ./SDFileSystem/FATFileSystem/FATFileSystem.o
                0x0000000000006bb0                FATFileSystem::FATFileSystem(char const*)
                0x0000000000006bb0                FATFileSystem::FATFileSystem(char const*)
 .text._ZN13FATFileSystemD2Ev
                0x0000000000006c50       0x6c ./SDFileSystem/FATFileSystem/FATFileSystem.o
                0x0000000000006c50                FATFileSystem::~FATFileSystem()
                0x0000000000006c50                FATFileSystem::~FATFileSystem()
 .text._ZN13FATFileSystem4openEPKci
                0x0000000000006cbc      0x168 ./SDFileSystem/FATFileSystem/FATFileSystem.o
                0x0000000000006cbc                FATFileSystem::open(char const*, int)
 .text._ZN13FATFileSystem6removeEPKc
                0x0000000000006e24       0x3c ./SDFileSystem/FATFileSystem/FATFileSystem.o
                0x0000000000006e24                FATFileSystem::remove(char const*)
 .text._ZN13FATFileSystem6formatEv
                0x0000000000006e60       0x48 ./SDFileSystem/FATFileSystem/FATFileSystem.o
                0x0000000000006e60                FATFileSystem::format()
 .text._ZN13FATFileSystem7opendirEPKc
                0x0000000000006ea8       0x48 ./SDFileSystem/FATFileSystem/FATFileSystem.o
                0x0000000000006ea8                FATFileSystem::opendir(char const*)
 .text._ZN13FATFileSystem5mkdirEPKcj
                0x0000000000006ef0       0x2c ./SDFileSystem/FATFileSystem/FATFileSystem.o
                0x0000000000006ef0                FATFileSystem::mkdir(char const*, unsigned int)
 .text.gpio_write
                0x0000000000006f1c       0x48 ./SDFileSystem/SDFileSystem.o
 .text._ZN4mbed10DigitalOutC2E7PinName
                0x0000000000006f64       0x44 ./SDFileSystem/SDFileSystem.o
                0x0000000000006f64                mbed::DigitalOut::DigitalOut(PinName)
                0x0000000000006f64                mbed::DigitalOut::DigitalOut(PinName)
 .text._ZN4mbed10DigitalOut5writeEi
                0x0000000000006fa8       0x1c ./SDFileSystem/SDFileSystem.o
                0x0000000000006fa8                mbed::DigitalOut::write(int)
 .text._ZN4mbed10DigitalOutaSEi
                0x0000000000006fc4       0x1c ./SDFileSystem/SDFileSystem.o
                0x0000000000006fc4                mbed::DigitalOut::operator=(int)
 .text._ZN4mbed3SPID2Ev
                0x0000000000006fe0       0x28 ./SDFileSystem/SDFileSystem.o
                0x0000000000006fe0                mbed::SPI::~SPI()
                0x0000000000006fe0                mbed::SPI::~SPI()
 .text._ZN4mbed3SPID0Ev
                0x0000000000007008       0x20 ./SDFileSystem/SDFileSystem.o
                0x0000000000007008                mbed::SPI::~SPI()
 .text.debug    0x0000000000007028       0x30 ./SDFileSystem/SDFileSystem.o
 .text.debug_if
                0x0000000000007058       0x38 ./SDFileSystem/SDFileSystem.o
 .text._ZN12SDFileSystemC2E7PinNameS0_S0_S0_PKc
                0x0000000000007090       0x60 ./SDFileSystem/SDFileSystem.o
                0x0000000000007090                SDFileSystem::SDFileSystem(PinName, PinName, PinName, PinName, char const*)
                0x0000000000007090                SDFileSystem::SDFileSystem(PinName, PinName, PinName, PinName, char const*)
 .text._ZN12SDFileSystem15initialise_cardEv
                0x00000000000070f0       0xac ./SDFileSystem/SDFileSystem.o
                0x00000000000070f0                SDFileSystem::initialise_card()
 .text._ZN12SDFileSystem18initialise_card_v1Ev
                0x000000000000719c       0x70 ./SDFileSystem/SDFileSystem.o
                0x000000000000719c                SDFileSystem::initialise_card_v1()
 .text._ZN12SDFileSystem18initialise_card_v2Ev
                0x000000000000720c       0x84 ./SDFileSystem/SDFileSystem.o
                0x000000000000720c                SDFileSystem::initialise_card_v2()
 .text._ZN12SDFileSystem15disk_initializeEv
                0x0000000000007290       0x78 ./SDFileSystem/SDFileSystem.o
                0x0000000000007290                SDFileSystem::disk_initialize()
 .text._ZN12SDFileSystem10disk_writeEPKhy
                0x0000000000007308       0x54 ./SDFileSystem/SDFileSystem.o
                0x0000000000007308                SDFileSystem::disk_write(unsigned char const*, unsigned long long)
 .text._ZN12SDFileSystem9disk_readEPhy
                0x000000000000735c       0x54 ./SDFileSystem/SDFileSystem.o
                0x000000000000735c                SDFileSystem::disk_read(unsigned char*, unsigned long long)
 .text._ZN12SDFileSystem11disk_statusEv
                0x00000000000073b0       0x18 ./SDFileSystem/SDFileSystem.o
                0x00000000000073b0                SDFileSystem::disk_status()
 .text._ZN12SDFileSystem9disk_syncEv
                0x00000000000073c8       0x18 ./SDFileSystem/SDFileSystem.o
                0x00000000000073c8                SDFileSystem::disk_sync()
 .text._ZN12SDFileSystem12disk_sectorsEv
                0x00000000000073e0       0x20 ./SDFileSystem/SDFileSystem.o
                0x00000000000073e0                SDFileSystem::disk_sectors()
 .text._ZN12SDFileSystem4_cmdEii
                0x0000000000007400       0xf8 ./SDFileSystem/SDFileSystem.o
                0x0000000000007400                SDFileSystem::_cmd(int, int)
 .text._ZN12SDFileSystem5_cmdxEii
                0x00000000000074f8       0xdc ./SDFileSystem/SDFileSystem.o
                0x00000000000074f8                SDFileSystem::_cmdx(int, int)
 .text._ZN12SDFileSystem6_cmd58Ev
                0x00000000000075d4      0x14c ./SDFileSystem/SDFileSystem.o
                0x00000000000075d4                SDFileSystem::_cmd58()
 .text._ZN12SDFileSystem5_cmd8Ev
                0x0000000000007720      0x118 ./SDFileSystem/SDFileSystem.o
                0x0000000000007720                SDFileSystem::_cmd8()
 .text._ZN12SDFileSystem5_readEPhm
                0x0000000000007838       0xac ./SDFileSystem/SDFileSystem.o
                0x0000000000007838                SDFileSystem::_read(unsigned char*, unsigned long)
 .text._ZN12SDFileSystem6_writeEPKhm
                0x00000000000078e4       0xf8 ./SDFileSystem/SDFileSystem.o
                0x00000000000078e4                SDFileSystem::_write(unsigned char const*, unsigned long)
 .text._ZL8ext_bitsPhii
                0x00000000000079dc       0x7c ./SDFileSystem/SDFileSystem.o
 .text._ZN12SDFileSystem11_sd_sectorsEv
                0x0000000000007a58      0x188 ./SDFileSystem/SDFileSystem.o
                0x0000000000007a58                SDFileSystem::_sd_sectors()
 .text._ZN12SDFileSystemD2Ev
                0x0000000000007be0       0x3c ./SDFileSystem/SDFileSystem.o
                0x0000000000007be0                SDFileSystem::~SDFileSystem()
                0x0000000000007be0                SDFileSystem::~SDFileSystem()
 .text._ZN12SDFileSystemD0Ev
                0x0000000000007c1c       0x20 ./SDFileSystem/SDFileSystem.o
                0x0000000000007c1c                SDFileSystem::~SDFileSystem()
 .text._ZN6I2CdevC2E7PinNameS0_
                0x0000000000007c3c       0x48 ./LSM9DS0/I2Cdev.o
                0x0000000000007c3c                I2Cdev::I2Cdev(PinName, PinName)
                0x0000000000007c3c                I2Cdev::I2Cdev(PinName, PinName)
 .text._ZN6I2Cdev9readBytesEhhhPht
                0x0000000000007c84       0x8c ./LSM9DS0/I2Cdev.o
                0x0000000000007c84                I2Cdev::readBytes(unsigned char, unsigned char, unsigned char, unsigned char*, unsigned short)
 .text._ZN6I2Cdev9writeByteEhhh
                0x0000000000007d10       0x34 ./LSM9DS0/I2Cdev.o
                0x0000000000007d10                I2Cdev::writeByte(unsigned char, unsigned char, unsigned char)
 .text._ZN6I2Cdev10writeBytesEhhhPh
                0x0000000000007d44       0x74 ./LSM9DS0/I2Cdev.o
                0x0000000000007d44                I2Cdev::writeBytes(unsigned char, unsigned char, unsigned char, unsigned char*)
 .text._ZN6I2Cdev11readTimeoutEv
                0x0000000000007db8       0x10 ./LSM9DS0/I2Cdev.o
                0x0000000000007db8                I2Cdev::readTimeout()
 .text._ZN7LSM9DS0C2E7PinNameS0_hh
                0x0000000000007dc8       0x40 ./LSM9DS0/LSM9DS0.o
                0x0000000000007dc8                LSM9DS0::LSM9DS0(PinName, PinName, unsigned char, unsigned char)
                0x0000000000007dc8                LSM9DS0::LSM9DS0(PinName, PinName, unsigned char, unsigned char)
 .text._ZN7LSM9DS05beginENS_10gyro_scaleENS_11accel_scaleENS_9mag_scaleENS_8gyro_odrENS_9accel_odrENS_7mag_odrE
                0x0000000000007e08       0xd0 ./LSM9DS0/LSM9DS0.o
                0x0000000000007e08                LSM9DS0::begin(LSM9DS0::gyro_scale, LSM9DS0::accel_scale, LSM9DS0::mag_scale, LSM9DS0::gyro_odr, LSM9DS0::accel_odr, LSM9DS0::mag_odr)
 .text._ZN7LSM9DS08initGyroEv
                0x0000000000007ed8       0x40 ./LSM9DS0/LSM9DS0.o
                0x0000000000007ed8                LSM9DS0::initGyro()
 .text._ZN7LSM9DS09initAccelEv
                0x0000000000007f18       0x38 ./LSM9DS0/LSM9DS0.o
                0x0000000000007f18                LSM9DS0::initAccel()
 .text._ZN7LSM9DS07initMagEv
                0x0000000000007f50       0x40 ./LSM9DS0/LSM9DS0.o
                0x0000000000007f50                LSM9DS0::initMag()
 .text._ZN7LSM9DS07readMagEv
                0x0000000000007f90       0x98 ./LSM9DS0/LSM9DS0.o
                0x0000000000007f90                LSM9DS0::readMag()
 .text._ZN7LSM9DS07calcMagEs
                0x0000000000008028       0x30 ./LSM9DS0/LSM9DS0.o
                0x0000000000008028                LSM9DS0::calcMag(short)
 .text._ZN7LSM9DS012setGyroScaleENS_10gyro_scaleE
                0x0000000000008058       0x50 ./LSM9DS0/LSM9DS0.o
                0x0000000000008058                LSM9DS0::setGyroScale(LSM9DS0::gyro_scale)
 .text._ZN7LSM9DS013setAccelScaleENS_11accel_scaleE
                0x00000000000080a8       0x50 ./LSM9DS0/LSM9DS0.o
                0x00000000000080a8                LSM9DS0::setAccelScale(LSM9DS0::accel_scale)
 .text._ZN7LSM9DS011setMagScaleENS_9mag_scaleE
                0x00000000000080f8       0x50 ./LSM9DS0/LSM9DS0.o
                0x00000000000080f8                LSM9DS0::setMagScale(LSM9DS0::mag_scale)
 .text._ZN7LSM9DS010setGyroODRENS_8gyro_odrE
                0x0000000000008148       0x40 ./LSM9DS0/LSM9DS0.o
                0x0000000000008148                LSM9DS0::setGyroODR(LSM9DS0::gyro_odr)
 .text._ZN7LSM9DS011setAccelODRENS_9accel_odrE
                0x0000000000008188       0x40 ./LSM9DS0/LSM9DS0.o
                0x0000000000008188                LSM9DS0::setAccelODR(LSM9DS0::accel_odr)
 .text._ZN7LSM9DS09setMagODRENS_7mag_odrE
                0x00000000000081c8       0x40 ./LSM9DS0/LSM9DS0.o
                0x00000000000081c8                LSM9DS0::setMagODR(LSM9DS0::mag_odr)
 .text._ZN7LSM9DS08calcgResEv
                0x0000000000008208       0x48 ./LSM9DS0/LSM9DS0.o
                0x0000000000008208                LSM9DS0::calcgRes()
 .text._ZN7LSM9DS08calcaResEv
                0x0000000000008250       0x7c ./LSM9DS0/LSM9DS0.o
                0x0000000000008250                LSM9DS0::calcaRes()
 .text._ZN7LSM9DS08calcmResEv
                0x00000000000082cc       0x5c ./LSM9DS0/LSM9DS0.o
                0x00000000000082cc                LSM9DS0::calcmRes()
 .text._ZN7LSM9DS010gWriteByteEhh
                0x0000000000008328       0x28 ./LSM9DS0/LSM9DS0.o
                0x0000000000008328                LSM9DS0::gWriteByte(unsigned char, unsigned char)
 .text._ZN7LSM9DS011xmWriteByteEhh
                0x0000000000008350       0x28 ./LSM9DS0/LSM9DS0.o
                0x0000000000008350                LSM9DS0::xmWriteByte(unsigned char, unsigned char)
 .text._ZN7LSM9DS09gReadByteEh
                0x0000000000008378       0x28 ./LSM9DS0/LSM9DS0.o
                0x0000000000008378                LSM9DS0::gReadByte(unsigned char)
 .text._ZN7LSM9DS010xmReadByteEh
                0x00000000000083a0       0x28 ./LSM9DS0/LSM9DS0.o
                0x00000000000083a0                LSM9DS0::xmReadByte(unsigned char)
 .text._ZN7LSM9DS012I2CwriteByteEhhh
                0x00000000000083c8       0x30 ./LSM9DS0/LSM9DS0.o
                0x00000000000083c8                LSM9DS0::I2CwriteByte(unsigned char, unsigned char, unsigned char)
 .text._ZN7LSM9DS011I2CreadByteEhh
                0x00000000000083f8       0x30 ./LSM9DS0/LSM9DS0.o
                0x00000000000083f8                LSM9DS0::I2CreadByte(unsigned char, unsigned char)
 .text._ZN7LSM9DS012I2CreadBytesEhhPhh
                0x0000000000008428       0x3c ./LSM9DS0/LSM9DS0.o
                0x0000000000008428                LSM9DS0::I2CreadBytes(unsigned char, unsigned char, unsigned char*, unsigned char)
 .text._ZN9ACM1602NIC2E7PinNameS0_
                0x0000000000008464       0x48 ./ACM1602NI/ACM1602NI.o
                0x0000000000008464                ACM1602NI::ACM1602NI(PinName, PinName)
                0x0000000000008464                ACM1602NI::ACM1602NI(PinName, PinName)
 .text._ZN9ACM1602NI4initEv
                0x00000000000084ac       0x50 ./ACM1602NI/ACM1602NI.o
                0x00000000000084ac                ACM1602NI::init()
 .text._ZN9ACM1602NI10writeBytesEPKcib
                0x00000000000084fc       0x98 ./ACM1602NI/ACM1602NI.o
                0x00000000000084fc                ACM1602NI::writeBytes(char const*, int, bool)
 .text._ZN9ACM1602NI9characterEiii
                0x0000000000008594       0x38 ./ACM1602NI/ACM1602NI.o
                0x0000000000008594                ACM1602NI::character(int, int, int)
 .text._ZN9ACM1602NI3clsEv
                0x00000000000085cc       0x28 ./ACM1602NI/ACM1602NI.o
                0x00000000000085cc                ACM1602NI::cls()
 .text._ZN9ACM1602NI6locateEii
                0x00000000000085f4       0x24 ./ACM1602NI/ACM1602NI.o
                0x00000000000085f4                ACM1602NI::locate(int, int)
 .text._ZN9ACM1602NI5_putcEi
                0x0000000000008618       0x98 ./ACM1602NI/ACM1602NI.o
                0x0000000000008618                ACM1602NI::_putc(int)
 .text._ZN9ACM1602NI5_getcEv
                0x00000000000086b0       0x18 ./ACM1602NI/ACM1602NI.o
                0x00000000000086b0                ACM1602NI::_getc()
 .text._ZN9ACM1602NI12writeCommandEc
                0x00000000000086c8       0x34 ./ACM1602NI/ACM1602NI.o
                0x00000000000086c8                ACM1602NI::writeCommand(char)
 .text._ZN9ACM1602NI9writeDataEc
                0x00000000000086fc       0x38 ./ACM1602NI/ACM1602NI.o
                0x00000000000086fc                ACM1602NI::writeData(char)
 .text._ZN9ACM1602NI7addressEii
                0x0000000000008734       0x24 ./ACM1602NI/ACM1602NI.o
                0x0000000000008734                ACM1602NI::address(int, int)
 .text._ZN9ACM1602NI7columnsEv
                0x0000000000008758       0x18 ./ACM1602NI/ACM1602NI.o
                0x0000000000008758                ACM1602NI::columns()
 .text._ZN9ACM1602NI4rowsEv
                0x0000000000008770       0x18 ./ACM1602NI/ACM1602NI.o
                0x0000000000008770                ACM1602NI::rows()
 .text._ZN9ACM1602NID2Ev
                0x0000000000008788       0x3c ./ACM1602NI/ACM1602NI.o
                0x0000000000008788                ACM1602NI::~ACM1602NI()
                0x0000000000008788                ACM1602NI::~ACM1602NI()
 .text._ZN9ACM1602NID1Ev
                0x00000000000087c4        0x8 ./ACM1602NI/ACM1602NI.o
                0x00000000000087c4                non-virtual thunk to ACM1602NI::~ACM1602NI()
 .text._ZN9ACM1602NID0Ev
                0x00000000000087cc       0x28 ./ACM1602NI/ACM1602NI.o
                0x00000000000087cc                ACM1602NI::~ACM1602NI()
                0x00000000000087ec                non-virtual thunk to ACM1602NI::~ACM1602NI()
 .text.gpio_read
                0x00000000000087f4       0x44 ./CAN_Thread.o
 .text._ZN4mbed10DigitalOutC2E7PinNamei
                0x0000000000008838       0x48 ./CAN_Thread.o
                0x0000000000008838                mbed::DigitalOut::DigitalOut(PinName, int)
                0x0000000000008838                mbed::DigitalOut::DigitalOut(PinName, int)
 .text._ZN4mbed10DigitalOut4readEv
                0x0000000000008880       0x1c ./CAN_Thread.o
                0x0000000000008880                mbed::DigitalOut::read()
 .text._ZN4mbed10DigitalOutcviEv
                0x000000000000889c       0x18 ./CAN_Thread.o
                0x000000000000889c                mbed::DigitalOut::operator int()
 .text._Z9SPI_writei
                0x00000000000088b4       0x34 ./CAN_Thread.o
                0x00000000000088b4                SPI_write(int)
 .text._Z10SPI_ThreadPKv
                0x00000000000088e8      0x198 ./CAN_Thread.o
                0x00000000000088e8                SPI_Thread(void const*)
 .text._Z41__static_initialization_and_destruction_0ii
                0x0000000000008a80       0x8c ./CAN_Thread.o
 .text._GLOBAL__sub_I_can
                0x0000000000008b0c       0x10 ./CAN_Thread.o
 .text._ZN16ControllDistanceC2Effff
                0x0000000000008b1c       0x30 ./ControllDistance.o
                0x0000000000008b1c                ControllDistance::ControllDistance(float, float, float, float)
                0x0000000000008b1c                ControllDistance::ControllDistance(float, float, float, float)
 .text._ZN16ControllDistance17initPIDcontrollerEv
                0x0000000000008b4c       0x5c ./ControllDistance.o
                0x0000000000008b4c                ControllDistance::initPIDcontroller()
 .text._ZN16ControllDistance10PIDcomputeEf
                0x0000000000008ba8       0x28 ./ControllDistance.o
                0x0000000000008ba8                ControllDistance::PIDcompute(float)
 .text._ZN15ControllHeadingC2Effff
                0x0000000000008bd0       0x30 ./ControllHeading.o
                0x0000000000008bd0                ControllHeading::ControllHeading(float, float, float, float)
                0x0000000000008bd0                ControllHeading::ControllHeading(float, float, float, float)
 .text._ZN15ControllHeading17initPIDcontrollerEv
                0x0000000000008c00       0x58 ./ControllHeading.o
                0x0000000000008c00                ControllHeading::initPIDcontroller()
 .text._ZN15ControllHeading10PIDcomputeEf
                0x0000000000008c58       0x28 ./ControllHeading.o
                0x0000000000008c58                ControllHeading::PIDcompute(float)
 .text._Z14DistanceThreadPKv
                0x0000000000008c80      0x10c ./Distance_Thread.o
                0x0000000000008c80                DistanceThread(void const*)
 .text._ZN15FrontUltrasonicD2Ev
                0x0000000000008d8c       0x30 ./Distance_Thread.o
                0x0000000000008d8c                FrontUltrasonic::~FrontUltrasonic()
                0x0000000000008d8c                FrontUltrasonic::~FrontUltrasonic()
 .text._Z41__static_initialization_and_destruction_0ii
                0x0000000000008dbc       0x84 ./Distance_Thread.o
 .text._GLOBAL__sub_I_ultrasonic
                0x0000000000008e40       0x10 ./Distance_Thread.o
 .text._Z13HeadingThreadPKv
                0x0000000000008e50      0x168 ./Heading_Thread.o
                0x0000000000008e50                HeadingThread(void const*)
 .text._Z41__static_initialization_and_destruction_0ii
                0x0000000000008fb8       0x58 ./Heading_Thread.o
 .text._GLOBAL__sub_I_imu
                0x0000000000009010       0x10 ./Heading_Thread.o
 .text._ZN3IMUC2E7PinNameS0_
                0x0000000000009020       0x48 ./IMU.o
                0x0000000000009020                IMU::IMU(PinName, PinName)
                0x0000000000009020                IMU::IMU(PinName, PinName)
 .text._ZN3IMU7initIMUEv
                0x0000000000009068       0x2c ./IMU.o
                0x0000000000009068                IMU::initIMU()
 .text._ZN3IMU17setInicialHeadingEv
                0x0000000000009094       0x58 ./IMU.o
                0x0000000000009094                IMU::setInicialHeading()
 .text._ZN3IMU8getAngleEv
                0x00000000000090ec       0x6c ./IMU.o
                0x00000000000090ec                IMU::getAngle()
 .text._ZN3IMU7readMagEv
                0x0000000000009158       0x68 ./IMU.o
                0x0000000000009158                IMU::readMag()
 .text._ZN3IMU11calcHeadingEv
                0x00000000000091c0      0x190 ./IMU.o
                0x00000000000091c0                IMU::calcHeading()
 .text._Z5Mode1v
                0x0000000000009350       0x88 ./Mode1.o
                0x0000000000009350                Mode1()
 .text._Z11mesureMode1v
                0x00000000000093d8       0x60 ./Mode1.o
                0x00000000000093d8                mesureMode1()
 .text._Z5Mode2v
                0x0000000000009438       0x4c ./Mode2.o
                0x0000000000009438                Mode2()
 .text._Z11mesureMode2v
                0x0000000000009484       0x4c ./Mode2.o
                0x0000000000009484                mesureMode2()
 .text._Z5Mode3v
                0x00000000000094d0       0x74 ./Mode3.o
                0x00000000000094d0                Mode3()
 .text._Z17isDetectOverAnglef
                0x0000000000009544       0x40 ./Mode3.o
                0x0000000000009544                isDetectOverAngle(float)
 .text._Z22Compass_Calibrate_Modev
                0x0000000000009584       0x20 ./ModeCompassCalibrate.o
                0x0000000000009584                Compass_Calibrate_Mode()
 .text._ZN4mbed8AnalogInC2E7PinName
                0x00000000000095a4       0x20 ./ModePIDTuning.o
                0x00000000000095a4                mbed::AnalogIn::AnalogIn(PinName)
                0x00000000000095a4                mbed::AnalogIn::AnalogIn(PinName)
 .text._ZN4mbed8AnalogIn4readEv
                0x00000000000095c4       0x1c ./ModePIDTuning.o
                0x00000000000095c4                mbed::AnalogIn::read()
 .text._ZN4mbed8AnalogIncvfEv
                0x00000000000095e0       0x18 ./ModePIDTuning.o
                0x00000000000095e0                mbed::AnalogIn::operator float()
 .text._Z15PID_Tuning_Modev
                0x00000000000095f8       0xa0 ./ModePIDTuning.o
                0x00000000000095f8                PID_Tuning_Mode()
 .text._Z10setPIDGainv
                0x0000000000009698       0xfc ./ModePIDTuning.o
                0x0000000000009698                setPIDGain()
 .text._Z41__static_initialization_and_destruction_0ii
                0x0000000000009794       0x50 ./ModePIDTuning.o
 .text._GLOBAL__sub_I_VR1
                0x00000000000097e4       0x10 ./ModePIDTuning.o
 .text._Z4Modev
                0x00000000000097f4       0x40 ./ModeSensorDeback.o
                0x00000000000097f4                Mode()
 .text._Z12Heading_Modev
                0x0000000000009834       0x64 ./ModeSensorDeback.o
                0x0000000000009834                Heading_Mode()
 .text._Z18Left_Distance_Modev
                0x0000000000009898       0x60 ./ModeSensorDeback.o
                0x0000000000009898                Left_Distance_Mode()
 .text._Z19Right_Distance_Modev
                0x00000000000098f8       0x60 ./ModeSensorDeback.o
                0x00000000000098f8                Right_Distance_Mode()
 .text._Z19Front_Distance_Modev
                0x0000000000009958       0x40 ./ModeSensorDeback.o
                0x0000000000009958                Front_Distance_Mode()
 .text._ZN3PIDC2Effff
                0x0000000000009998       0x88 ./PIDcontroller.o
                0x0000000000009998                PID::PID(float, float, float, float)
                0x0000000000009998                PID::PID(float, float, float, float)
 .text._ZN3PID14setInputLimitsEff
                0x0000000000009a20       0x40 ./PIDcontroller.o
                0x0000000000009a20                PID::setInputLimits(float, float)
 .text._ZN3PID15setOutputLimitsEff
                0x0000000000009a60       0x40 ./PIDcontroller.o
                0x0000000000009a60                PID::setOutputLimits(float, float)
 .text._ZN3PID7setBiasEf
                0x0000000000009aa0       0x20 ./PIDcontroller.o
                0x0000000000009aa0                PID::setBias(float)
 .text._ZN3PID25setIncompleteDifferentialEf
                0x0000000000009ac0       0x20 ./PIDcontroller.o
                0x0000000000009ac0                PID::setIncompleteDifferential(float)
 .text._ZN3PID11setSetPointEf
                0x0000000000009ae0       0x1c ./PIDcontroller.o
                0x0000000000009ae0                PID::setSetPoint(float)
 .text._ZN3PID15setProcessValueEf
                0x0000000000009afc       0x1c ./PIDcontroller.o
                0x0000000000009afc                PID::setProcessValue(float)
 .text._ZN3PID7setGainEfff
                0x0000000000009b18       0x2c ./PIDcontroller.o
                0x0000000000009b18                PID::setGain(float, float, float)
 .text._ZN3PID7computeEv
                0x0000000000009b44      0x374 ./PIDcontroller.o
                0x0000000000009b44                PID::compute()
 .text._Z41__static_initialization_and_destruction_0ii
                0x0000000000009eb8       0x68 ./SD_Thread.o
 .text._GLOBAL__sub_I_sd
                0x0000000000009f20       0x10 ./SD_Thread.o
 .text._ZN5SRF02C2E7PinNameS0_cc
                0x0000000000009f30       0x30 ./SRF02.o
                0x0000000000009f30                SRF02::SRF02(PinName, PinName, char, char)
                0x0000000000009f30                SRF02::SRF02(PinName, PinName, char, char)
 .text._ZN5SRF02D2Ev
                0x0000000000009f60       0x18 ./SRF02.o
                0x0000000000009f60                SRF02::~SRF02()
                0x0000000000009f60                SRF02::~SRF02()
 .text._ZN5SRF024readEv
                0x0000000000009f78       0x8c ./SRF02.o
                0x0000000000009f78                SRF02::read()
 .text._ZN10UltrasonicC2E7PinNameS0_f
                0x000000000000a004       0x48 ./Ultrasonic.o
                0x000000000000a004                Ultrasonic::Ultrasonic(PinName, PinName, float)
                0x000000000000a004                Ultrasonic::Ultrasonic(PinName, PinName, float)
 .text._ZN10Ultrasonic12readDistanceENS_10slave_addrE
                0x000000000000a04c       0x4c ./Ultrasonic.o
                0x000000000000a04c                Ultrasonic::readDistance(Ultrasonic::slave_addr)
 .text._ZN10Ultrasonic16getFrontDistanceEv
                0x000000000000a098       0x18 ./Ultrasonic.o
                0x000000000000a098                Ultrasonic::getFrontDistance()
 .text._ZN10Ultrasonic15getBackDistanceEv
                0x000000000000a0b0       0x18 ./Ultrasonic.o
                0x000000000000a0b0                Ultrasonic::getBackDistance()
 .text._ZN15FrontUltrasonicC2E7PinNameS0_NS_12SlaveAddressES1_S1_
                0x000000000000a0c8       0x60 ./Ultrasonic_Front.o
                0x000000000000a0c8                FrontUltrasonic::FrontUltrasonic(PinName, PinName, FrontUltrasonic::SlaveAddress, FrontUltrasonic::SlaveAddress, FrontUltrasonic::SlaveAddress)
                0x000000000000a0c8                FrontUltrasonic::FrontUltrasonic(PinName, PinName, FrontUltrasonic::SlaveAddress, FrontUltrasonic::SlaveAddress, FrontUltrasonic::SlaveAddress)
 .text._ZN15FrontUltrasonic11mesureFrontEv
                0x000000000000a128       0x1c ./Ultrasonic_Front.o
                0x000000000000a128                FrontUltrasonic::mesureFront()
 .text.gpio_read
                0x000000000000a144       0x44 ./main.o
 .text._ZN4mbed9DigitalInC2E7PinName
                0x000000000000a188       0x44 ./main.o
                0x000000000000a188                mbed::DigitalIn::DigitalIn(PinName)
                0x000000000000a188                mbed::DigitalIn::DigitalIn(PinName)
 .text._ZN4mbed9DigitalIn4readEv
                0x000000000000a1cc       0x1c ./main.o
                0x000000000000a1cc                mbed::DigitalIn::read()
 .text._ZN4mbed9DigitalIncviEv
                0x000000000000a1e8       0x18 ./main.o
                0x000000000000a1e8                mbed::DigitalIn::operator int()
 .text._ZN4mbed10SerialBaseD2Ev
                0x000000000000a200       0x28 ./main.o
                0x000000000000a200                mbed::SerialBase::~SerialBase()
                0x000000000000a200                mbed::SerialBase::~SerialBase()
 .text._ZN4mbed10SerialBaseD0Ev
                0x000000000000a228       0x20 ./main.o
                0x000000000000a228                mbed::SerialBase::~SerialBase()
 .text.main     0x000000000000a248       0xd0 ./main.o
                0x000000000000a248                main
 .text._Z5SW_ONi
                0x000000000000a318       0x78 ./main.o
                0x000000000000a318                SW_ON(int)
 .text._Z19isDetectFrontObjectf
                0x000000000000a390       0x2c ./main.o
                0x000000000000a390                isDetectFrontObject(float)
 .text._Z14controll_resetv
                0x000000000000a3bc       0x38 ./main.o
                0x000000000000a3bc                controll_reset()
 .text._ZN4mbed6SerialD2Ev
                0x000000000000a3f4       0x50 ./main.o
                0x000000000000a3f4                mbed::Serial::~Serial()
                0x000000000000a3f4                mbed::Serial::~Serial()
 .text._ZN4mbed6SerialD1Ev
                0x000000000000a444       0x10 ./main.o
                0x000000000000a444                non-virtual thunk to mbed::Serial::~Serial()
                0x000000000000a44c                non-virtual thunk to mbed::Serial::~Serial()
 .text._ZN4mbed6SerialD0Ev
                0x000000000000a454       0x30 ./main.o
                0x000000000000a454                mbed::Serial::~Serial()
                0x000000000000a474                non-virtual thunk to mbed::Serial::~Serial()
                0x000000000000a47c                non-virtual thunk to mbed::Serial::~Serial()
 .text._Z41__static_initialization_and_destruction_0ii
                0x000000000000a484      0x16c ./main.o
 .text._GLOBAL__sub_I_led1
                0x000000000000a5f0       0x10 ./main.o
 .text.mbed_die
                0x000000000000a600      0x10c /Users/mori/LPCXpresso/workspace/Wheelchair_main/mbed/TARGET_LPC1768/TOOLCHAIN_GCC_CR/board.o
                0x000000000000a600                mbed_die
 .text.NVIC_SetVector
                0x000000000000a70c       0x3c /Users/mori/LPCXpresso/workspace/Wheelchair_main/mbed/TARGET_LPC1768/TOOLCHAIN_GCC_CR/cmsis_nvic.o
                0x000000000000a70c                NVIC_SetVector
 .text._ZN4mbed10FileHandle4flenEv
                0x000000000000a748       0x34 /Users/mori/LPCXpresso/workspace/Wheelchair_main/mbed/TARGET_LPC1768/TOOLCHAIN_GCC_CR/retarget.o
                0x000000000000a748                mbed::FileHandle::flen()
 .text._ZN4mbed10FileHandleD2Ev
                0x000000000000a77c       0x2c /Users/mori/LPCXpresso/workspace/Wheelchair_main/mbed/TARGET_LPC1768/TOOLCHAIN_GCC_CR/retarget.o
                0x000000000000a77c                mbed::FileHandle::~FileHandle()
                0x000000000000a77c                mbed::FileHandle::~FileHandle()
 .text._ZN4mbed10FileHandleD0Ev
                0x000000000000a7a8       0x34 /Users/mori/LPCXpresso/workspace/Wheelchair_main/mbed/TARGET_LPC1768/TOOLCHAIN_GCC_CR/retarget.o
                0x000000000000a7a8                mbed::FileHandle::~FileHandle()
 .text._ZL11init_serialv.part.0
                0x000000000000a7dc       0x18 /Users/mori/LPCXpresso/workspace/Wheelchair_main/mbed/TARGET_LPC1768/TOOLCHAIN_GCC_CR/retarget.o
 .text._open    0x000000000000a7f4       0xf8 /Users/mori/LPCXpresso/workspace/Wheelchair_main/mbed/TARGET_LPC1768/TOOLCHAIN_GCC_CR/retarget.o
                0x000000000000a7f4                _open
 .text._close   0x000000000000a8ec       0x2c /Users/mori/LPCXpresso/workspace/Wheelchair_main/mbed/TARGET_LPC1768/TOOLCHAIN_GCC_CR/retarget.o
                0x000000000000a8ec                _close
 .text._write   0x000000000000a918       0x50 /Users/mori/LPCXpresso/workspace/Wheelchair_main/mbed/TARGET_LPC1768/TOOLCHAIN_GCC_CR/retarget.o
                0x000000000000a918                _write
 .text._read    0x000000000000a968       0x4c /Users/mori/LPCXpresso/workspace/Wheelchair_main/mbed/TARGET_LPC1768/TOOLCHAIN_GCC_CR/retarget.o
                0x000000000000a968                _read
 .text._isatty  0x000000000000a9b4       0x28 /Users/mori/LPCXpresso/workspace/Wheelchair_main/mbed/TARGET_LPC1768/TOOLCHAIN_GCC_CR/retarget.o
                0x000000000000a9b4                _isatty
 .text._lseek   0x000000000000a9dc       0x28 /Users/mori/LPCXpresso/workspace/Wheelchair_main/mbed/TARGET_LPC1768/TOOLCHAIN_GCC_CR/retarget.o
                0x000000000000a9dc                _lseek
 .text._fstat   0x000000000000aa04       0x20 /Users/mori/LPCXpresso/workspace/Wheelchair_main/mbed/TARGET_LPC1768/TOOLCHAIN_GCC_CR/retarget.o
                0x000000000000aa04                _fstat
 .text.exit     0x000000000000aa24       0x30 /Users/mori/LPCXpresso/workspace/Wheelchair_main/mbed/TARGET_LPC1768/TOOLCHAIN_GCC_CR/retarget.o
                0x000000000000aa24                exit
 .text.__cxa_pure_virtual
                0x000000000000aa54        0x8 /Users/mori/LPCXpresso/workspace/Wheelchair_main/mbed/TARGET_LPC1768/TOOLCHAIN_GCC_CR/retarget.o
                0x000000000000aa54                __cxa_pure_virtual
 .text._ZN4mbed26mbed_set_unbuffered_streamEP7__sFILE
                0x000000000000aa5c        0x8 /Users/mori/LPCXpresso/workspace/Wheelchair_main/mbed/TARGET_LPC1768/TOOLCHAIN_GCC_CR/retarget.o
                0x000000000000aa5c                mbed::mbed_set_unbuffered_stream(__sFILE*)
 .text.__aeabi_atexit
                0x000000000000aa64        0x4 /Users/mori/LPCXpresso/workspace/Wheelchair_main/mbed/TARGET_LPC1768/TOOLCHAIN_GCC_CR/startup_LPC17xx.o
                0x000000000000aa64                __aeabi_atexit
 .text._Znwj    0x000000000000aa68        0x4 /Users/mori/LPCXpresso/workspace/Wheelchair_main/mbed/TARGET_LPC1768/TOOLCHAIN_GCC_CR/startup_LPC17xx.o
                0x000000000000aa68                operator new(unsigned int)
 .text._Znaj    0x000000000000aa6c        0x4 /Users/mori/LPCXpresso/workspace/Wheelchair_main/mbed/TARGET_LPC1768/TOOLCHAIN_GCC_CR/startup_LPC17xx.o
                0x000000000000aa6c                operator new[](unsigned int)
 .text._ZdlPv   0x000000000000aa70        0x4 /Users/mori/LPCXpresso/workspace/Wheelchair_main/mbed/TARGET_LPC1768/TOOLCHAIN_GCC_CR/startup_LPC17xx.o
                0x000000000000aa70                operator delete(void*)
 .text._ZdaPv   0x000000000000aa74        0x4 /Users/mori/LPCXpresso/workspace/Wheelchair_main/mbed/TARGET_LPC1768/TOOLCHAIN_GCC_CR/startup_LPC17xx.o
                0x000000000000aa74                operator delete[](void*)
 .text.SystemInit
                0x000000000000aa78       0xb8 /Users/mori/LPCXpresso/workspace/Wheelchair_main/mbed/TARGET_LPC1768/TOOLCHAIN_GCC_CR/system_LPC17xx.o
                0x000000000000aa78                SystemInit
 .text.analogin_init
                0x000000000000ab30       0x98 /Users/mori/LPCXpresso/workspace/Wheelchair_main/mbed/TARGET_LPC1768/TOOLCHAIN_GCC_CR/libmbed.a(analogin_api.o)
                0x000000000000ab30                analogin_init
 .text.analogin_read
                0x000000000000abc8       0xbc /Users/mori/LPCXpresso/workspace/Wheelchair_main/mbed/TARGET_LPC1768/TOOLCHAIN_GCC_CR/libmbed.a(analogin_api.o)
                0x000000000000abc8                analogin_read
 .text.uart2_irq
                0x000000000000ac84       0x64 /Users/mori/LPCXpresso/workspace/Wheelchair_main/mbed/TARGET_LPC1768/TOOLCHAIN_GCC_CR/libmbed.a(serial_api.o)
                0x000000000000ac84                uart2_irq
 .text.serial_irq_set_internal
                0x000000000000ace8       0xcc /Users/mori/LPCXpresso/workspace/Wheelchair_main/mbed/TARGET_LPC1768/TOOLCHAIN_GCC_CR/libmbed.a(serial_api.o)
 .text.uart0_irq
                0x000000000000adb4       0x64 /Users/mori/LPCXpresso/workspace/Wheelchair_main/mbed/TARGET_LPC1768/TOOLCHAIN_GCC_CR/libmbed.a(serial_api.o)
                0x000000000000adb4                uart0_irq
 .text.uart3_irq
                0x000000000000ae18       0x6c /Users/mori/LPCXpresso/workspace/Wheelchair_main/mbed/TARGET_LPC1768/TOOLCHAIN_GCC_CR/libmbed.a(serial_api.o)
                0x000000000000ae18                uart3_irq
 .text.uart1_irq
                0x000000000000ae84       0x64 /Users/mori/LPCXpresso/workspace/Wheelchair_main/mbed/TARGET_LPC1768/TOOLCHAIN_GCC_CR/libmbed.a(serial_api.o)
                0x000000000000ae84                uart1_irq
 .text.serial_baud
                0x000000000000aee8      0x244 /Users/mori/LPCXpresso/workspace/Wheelchair_main/mbed/TARGET_LPC1768/TOOLCHAIN_GCC_CR/libmbed.a(serial_api.o)
                0x000000000000aee8                serial_baud
 .text.serial_format
                0x000000000000b12c       0x78 /Users/mori/LPCXpresso/workspace/Wheelchair_main/mbed/TARGET_LPC1768/TOOLCHAIN_GCC_CR/libmbed.a(serial_api.o)
                0x000000000000b12c                serial_format
 .text.serial_irq_handler
                0x000000000000b1a4       0x20 /Users/mori/LPCXpresso/workspace/Wheelchair_main/mbed/TARGET_LPC1768/TOOLCHAIN_GCC_CR/libmbed.a(serial_api.o)
                0x000000000000b1a4                serial_irq_handler
 .text.serial_getc
                0x000000000000b1c4       0x38 /Users/mori/LPCXpresso/workspace/Wheelchair_main/mbed/TARGET_LPC1768/TOOLCHAIN_GCC_CR/libmbed.a(serial_api.o)
                0x000000000000b1c4                serial_getc
 .text.serial_writable
                0x000000000000b1fc       0x74 /Users/mori/LPCXpresso/workspace/Wheelchair_main/mbed/TARGET_LPC1768/TOOLCHAIN_GCC_CR/libmbed.a(serial_api.o)
                0x000000000000b1fc                serial_writable
 .text.serial_putc
                0x000000000000b270       0x34 /Users/mori/LPCXpresso/workspace/Wheelchair_main/mbed/TARGET_LPC1768/TOOLCHAIN_GCC_CR/libmbed.a(serial_api.o)
                0x000000000000b270                serial_putc
 .text.serial_set_flow_control
                0x000000000000b2a4      0x12c /Users/mori/LPCXpresso/workspace/Wheelchair_main/mbed/TARGET_LPC1768/TOOLCHAIN_GCC_CR/libmbed.a(serial_api.o)
                0x000000000000b2a4                serial_set_flow_control
 .text.serial_init
                0x000000000000b3d0      0x1bc /Users/mori/LPCXpresso/workspace/Wheelchair_main/mbed/TARGET_LPC1768/TOOLCHAIN_GCC_CR/libmbed.a(serial_api.o)
                0x000000000000b3d0                serial_init
 .text._ZN4mbed5BusInD2Ev
                0x000000000000b58c       0x24 /Users/mori/LPCXpresso/workspace/Wheelchair_main/mbed/TARGET_LPC1768/TOOLCHAIN_GCC_CR/libmbed.a(BusIn.o)
                0x000000000000b58c                mbed::BusIn::~BusIn()
                0x000000000000b58c                mbed::BusIn::~BusIn()
 .text._ZN4mbed5BusInD0Ev
                0x000000000000b5b0       0x14 /Users/mori/LPCXpresso/workspace/Wheelchair_main/mbed/TARGET_LPC1768/TOOLCHAIN_GCC_CR/libmbed.a(BusIn.o)
                0x000000000000b5b0                mbed::BusIn::~BusIn()
 .text._ZN4mbed5BusInC2E7PinNameS1_S1_S1_S1_S1_S1_S1_S1_S1_S1_S1_S1_S1_S1_S1_
                0x000000000000b5c4       0xc0 /Users/mori/LPCXpresso/workspace/Wheelchair_main/mbed/TARGET_LPC1768/TOOLCHAIN_GCC_CR/libmbed.a(BusIn.o)
                0x000000000000b5c4                mbed::BusIn::BusIn(PinName, PinName, PinName, PinName, PinName, PinName, PinName, PinName, PinName, PinName, PinName, PinName, PinName, PinName, PinName, PinName)
                0x000000000000b5c4                mbed::BusIn::BusIn(PinName, PinName, PinName, PinName, PinName, PinName, PinName, PinName, PinName, PinName, PinName, PinName, PinName, PinName, PinName, PinName)
 .text._ZN4mbed5BusIn4readEv
                0x000000000000b684       0x48 /Users/mori/LPCXpresso/workspace/Wheelchair_main/mbed/TARGET_LPC1768/TOOLCHAIN_GCC_CR/libmbed.a(BusIn.o)
                0x000000000000b684                mbed::BusIn::read()
 .text._ZN4mbed5BusIncviEv
                0x000000000000b6cc        0x4 /Users/mori/LPCXpresso/workspace/Wheelchair_main/mbed/TARGET_LPC1768/TOOLCHAIN_GCC_CR/libmbed.a(BusIn.o)
                0x000000000000b6cc                mbed::BusIn::operator int()
 .text._ZN4mbed3CAN12_irq_handlerEm10CanIrqType
                0x000000000000b6d0       0x28 /Users/mori/LPCXpresso/workspace/Wheelchair_main/mbed/TARGET_LPC1768/TOOLCHAIN_GCC_CR/libmbed.a(CAN.o)
                0x000000000000b6d0                mbed::CAN::_irq_handler(unsigned long, CanIrqType)
 .text._ZN4mbed3CAND2Ev
                0x000000000000b6f8       0x20 /Users/mori/LPCXpresso/workspace/Wheelchair_main/mbed/TARGET_LPC1768/TOOLCHAIN_GCC_CR/libmbed.a(CAN.o)
                0x000000000000b6f8                mbed::CAN::~CAN()
                0x000000000000b6f8                mbed::CAN::~CAN()
 .text._ZN4mbed3CAND0Ev
                0x000000000000b718       0x28 /Users/mori/LPCXpresso/workspace/Wheelchair_main/mbed/TARGET_LPC1768/TOOLCHAIN_GCC_CR/libmbed.a(CAN.o)
                0x000000000000b718                mbed::CAN::~CAN()
 .text._ZN4mbed3CANC2E7PinNameS1_
                0x000000000000b740       0x44 /Users/mori/LPCXpresso/workspace/Wheelchair_main/mbed/TARGET_LPC1768/TOOLCHAIN_GCC_CR/libmbed.a(CAN.o)
                0x000000000000b740                mbed::CAN::CAN(PinName, PinName)
                0x000000000000b740                mbed::CAN::CAN(PinName, PinName)
 .text._ZN4mbed8FilePathC2EPKc
                0x000000000000b784       0x58 /Users/mori/LPCXpresso/workspace/Wheelchair_main/mbed/TARGET_LPC1768/TOOLCHAIN_GCC_CR/libmbed.a(FilePath.o)
                0x000000000000b784                mbed::FilePath::FilePath(char const*)
                0x000000000000b784                mbed::FilePath::FilePath(char const*)
 .text._ZN4mbed8FilePath8fileNameEv
                0x000000000000b7dc        0x4 /Users/mori/LPCXpresso/workspace/Wheelchair_main/mbed/TARGET_LPC1768/TOOLCHAIN_GCC_CR/libmbed.a(FilePath.o)
                0x000000000000b7dc                mbed::FilePath::fileName()
 .text._ZN4mbed8FilePath10fileSystemEv
                0x000000000000b7e0       0x18 /Users/mori/LPCXpresso/workspace/Wheelchair_main/mbed/TARGET_LPC1768/TOOLCHAIN_GCC_CR/libmbed.a(FilePath.o)
                0x000000000000b7e0                mbed::FilePath::fileSystem()
 .text._ZN4mbed8FilePath6isFileEv
                0x000000000000b7f8       0x14 /Users/mori/LPCXpresso/workspace/Wheelchair_main/mbed/TARGET_LPC1768/TOOLCHAIN_GCC_CR/libmbed.a(FilePath.o)
                0x000000000000b7f8                mbed::FilePath::isFile()
 .text._ZN4mbed8FilePath4fileEv
                0x000000000000b80c       0x1c /Users/mori/LPCXpresso/workspace/Wheelchair_main/mbed/TARGET_LPC1768/TOOLCHAIN_GCC_CR/libmbed.a(FilePath.o)
                0x000000000000b80c                mbed::FilePath::file()
 .text._ZN4mbed8FilePath6existsEv
                0x000000000000b828        0xc /Users/mori/LPCXpresso/workspace/Wheelchair_main/mbed/TARGET_LPC1768/TOOLCHAIN_GCC_CR/libmbed.a(FilePath.o)
                0x000000000000b828                mbed::FilePath::exists()
 .text._ZN4mbed14FileSystemLike6removeEPKc
                0x000000000000b834        0x8 /Users/mori/LPCXpresso/workspace/Wheelchair_main/mbed/TARGET_LPC1768/TOOLCHAIN_GCC_CR/libmbed.a(FileSystemLike.o)
                0x000000000000b834                mbed::FileSystemLike::remove(char const*)
 .text._ZN4mbed14FileSystemLike7opendirEPKc
                0x000000000000b83c        0x4 /Users/mori/LPCXpresso/workspace/Wheelchair_main/mbed/TARGET_LPC1768/TOOLCHAIN_GCC_CR/libmbed.a(FileSystemLike.o)
                0x000000000000b83c                mbed::FileSystemLike::opendir(char const*)
 .text._ZN4mbed14FileSystemLike5mkdirEPKcj
                0x000000000000b840        0x8 /Users/mori/LPCXpresso/workspace/Wheelchair_main/mbed/TARGET_LPC1768/TOOLCHAIN_GCC_CR/libmbed.a(FileSystemLike.o)
                0x000000000000b840                mbed::FileSystemLike::mkdir(char const*, unsigned int)
 .text._ZN4mbed14FileSystemLikeD2Ev
                0x000000000000b848       0x14 /Users/mori/LPCXpresso/workspace/Wheelchair_main/mbed/TARGET_LPC1768/TOOLCHAIN_GCC_CR/libmbed.a(FileSystemLike.o)
                0x000000000000b848                mbed::FileSystemLike::~FileSystemLike()
                0x000000000000b848                mbed::FileSystemLike::~FileSystemLike()
 .text._ZN4mbed14FileSystemLikeD0Ev
                0x000000000000b85c       0x1c /Users/mori/LPCXpresso/workspace/Wheelchair_main/mbed/TARGET_LPC1768/TOOLCHAIN_GCC_CR/libmbed.a(FileSystemLike.o)
                0x000000000000b85c                mbed::FileSystemLike::~FileSystemLike()
 .text._ZN4mbed14FileSystemLikeC2EPKc
                0x000000000000b878       0x18 /Users/mori/LPCXpresso/workspace/Wheelchair_main/mbed/TARGET_LPC1768/TOOLCHAIN_GCC_CR/libmbed.a(FileSystemLike.o)
                0x000000000000b878                mbed::FileSystemLike::FileSystemLike(char const*)
                0x000000000000b878                mbed::FileSystemLike::FileSystemLike(char const*)
 .text._ZN4mbed3I2CC2E7PinNameS1_
                0x000000000000b890       0x20 /Users/mori/LPCXpresso/workspace/Wheelchair_main/mbed/TARGET_LPC1768/TOOLCHAIN_GCC_CR/libmbed.a(I2C.o)
                0x000000000000b890                mbed::I2C::I2C(PinName, PinName)
                0x000000000000b890                mbed::I2C::I2C(PinName, PinName)
 .text._ZN4mbed3I2C9frequencyEi
                0x000000000000b8b0       0x14 /Users/mori/LPCXpresso/workspace/Wheelchair_main/mbed/TARGET_LPC1768/TOOLCHAIN_GCC_CR/libmbed.a(I2C.o)
                0x000000000000b8b0                mbed::I2C::frequency(int)
 .text._ZN4mbed3I2C6aquireEv
                0x000000000000b8c4       0x1c /Users/mori/LPCXpresso/workspace/Wheelchair_main/mbed/TARGET_LPC1768/TOOLCHAIN_GCC_CR/libmbed.a(I2C.o)
                0x000000000000b8c4                mbed::I2C::aquire()
 .text._ZN4mbed3I2C5writeEiPKcib
                0x000000000000b8e0       0x34 /Users/mori/LPCXpresso/workspace/Wheelchair_main/mbed/TARGET_LPC1768/TOOLCHAIN_GCC_CR/libmbed.a(I2C.o)
                0x000000000000b8e0                mbed::I2C::write(int, char const*, int, bool)
 .text._ZN4mbed3I2C5writeEi
                0x000000000000b914        0x4 /Users/mori/LPCXpresso/workspace/Wheelchair_main/mbed/TARGET_LPC1768/TOOLCHAIN_GCC_CR/libmbed.a(I2C.o)
                0x000000000000b914                mbed::I2C::write(int)
 .text._ZN4mbed3I2C4readEiPcib
                0x000000000000b918       0x34 /Users/mori/LPCXpresso/workspace/Wheelchair_main/mbed/TARGET_LPC1768/TOOLCHAIN_GCC_CR/libmbed.a(I2C.o)
                0x000000000000b918                mbed::I2C::read(int, char*, int, bool)
 .text._ZN4mbed3I2C5startEv
                0x000000000000b94c        0x4 /Users/mori/LPCXpresso/workspace/Wheelchair_main/mbed/TARGET_LPC1768/TOOLCHAIN_GCC_CR/libmbed.a(I2C.o)
                0x000000000000b94c                mbed::I2C::start()
 .text._ZN4mbed3I2C4stopEv
                0x000000000000b950        0x4 /Users/mori/LPCXpresso/workspace/Wheelchair_main/mbed/TARGET_LPC1768/TOOLCHAIN_GCC_CR/libmbed.a(I2C.o)
                0x000000000000b950                mbed::I2C::stop()
 .text._ZN4mbed3SPIC2E7PinNameS1_S1_S1_
                0x000000000000b954       0x4c /Users/mori/LPCXpresso/workspace/Wheelchair_main/mbed/TARGET_LPC1768/TOOLCHAIN_GCC_CR/libmbed.a(SPI.o)
                0x000000000000b954                mbed::SPI::SPI(PinName, PinName, PinName, PinName)
                0x000000000000b954                mbed::SPI::SPI(PinName, PinName, PinName, PinName)
 .text._ZN4mbed3SPI6aquireEv
                0x000000000000b9a0       0x2c /Users/mori/LPCXpresso/workspace/Wheelchair_main/mbed/TARGET_LPC1768/TOOLCHAIN_GCC_CR/libmbed.a(SPI.o)
                0x000000000000b9a0                mbed::SPI::aquire()
 .text._ZN4mbed3SPI6formatEii
                0x000000000000b9cc       0x18 /Users/mori/LPCXpresso/workspace/Wheelchair_main/mbed/TARGET_LPC1768/TOOLCHAIN_GCC_CR/libmbed.a(SPI.o)
                0x000000000000b9cc                mbed::SPI::format(int, int)
 .text._ZN4mbed3SPI9frequencyEi
                0x000000000000b9e4       0x10 /Users/mori/LPCXpresso/workspace/Wheelchair_main/mbed/TARGET_LPC1768/TOOLCHAIN_GCC_CR/libmbed.a(SPI.o)
                0x000000000000b9e4                mbed::SPI::frequency(int)
 .text._ZN4mbed3SPI5writeEi
                0x000000000000b9f4       0x18 /Users/mori/LPCXpresso/workspace/Wheelchair_main/mbed/TARGET_LPC1768/TOOLCHAIN_GCC_CR/libmbed.a(SPI.o)
                0x000000000000b9f4                mbed::SPI::write(int)
 .text._ZN4mbed6Serial5_getcEv
                0x000000000000ba0c        0x4 /Users/mori/LPCXpresso/workspace/Wheelchair_main/mbed/TARGET_LPC1768/TOOLCHAIN_GCC_CR/libmbed.a(Serial.o)
                0x000000000000ba0c                mbed::Serial::_getc()
 .text._ZThn64_N4mbed6Serial5_getcEv
                0x000000000000ba10        0x8 /Users/mori/LPCXpresso/workspace/Wheelchair_main/mbed/TARGET_LPC1768/TOOLCHAIN_GCC_CR/libmbed.a(Serial.o)
                0x000000000000ba10                non-virtual thunk to mbed::Serial::_getc()
 .text._ZN4mbed6Serial5_putcEi
                0x000000000000ba18        0x4 /Users/mori/LPCXpresso/workspace/Wheelchair_main/mbed/TARGET_LPC1768/TOOLCHAIN_GCC_CR/libmbed.a(Serial.o)
                0x000000000000ba18                mbed::Serial::_putc(int)
 .text._ZThn64_N4mbed6Serial5_putcEi
                0x000000000000ba1c        0x8 /Users/mori/LPCXpresso/workspace/Wheelchair_main/mbed/TARGET_LPC1768/TOOLCHAIN_GCC_CR/libmbed.a(Serial.o)
                0x000000000000ba1c                non-virtual thunk to mbed::Serial::_putc(int)
 .text._ZN4mbed6SerialC2E7PinNameS1_PKc
                0x000000000000ba24       0x30 /Users/mori/LPCXpresso/workspace/Wheelchair_main/mbed/TARGET_LPC1768/TOOLCHAIN_GCC_CR/libmbed.a(Serial.o)
                0x000000000000ba24                mbed::Serial::Serial(PinName, PinName, char const*)
                0x000000000000ba24                mbed::Serial::Serial(PinName, PinName, char const*)
 .text._ZN4mbed10SerialBase12_irq_handlerEm9SerialIrq
                0x000000000000ba54       0x28 /Users/mori/LPCXpresso/workspace/Wheelchair_main/mbed/TARGET_LPC1768/TOOLCHAIN_GCC_CR/libmbed.a(SerialBase.o)
                0x000000000000ba54                mbed::SerialBase::_irq_handler(unsigned long, SerialIrq)
 .text._ZN4mbed10SerialBaseC2E7PinNameS1_
                0x000000000000ba7c       0x3c /Users/mori/LPCXpresso/workspace/Wheelchair_main/mbed/TARGET_LPC1768/TOOLCHAIN_GCC_CR/libmbed.a(SerialBase.o)
                0x000000000000ba7c                mbed::SerialBase::SerialBase(PinName, PinName)
                0x000000000000ba7c                mbed::SerialBase::SerialBase(PinName, PinName)
 .text._ZN4mbed10SerialBase10_base_getcEv
                0x000000000000bab8        0x8 /Users/mori/LPCXpresso/workspace/Wheelchair_main/mbed/TARGET_LPC1768/TOOLCHAIN_GCC_CR/libmbed.a(SerialBase.o)
                0x000000000000bab8                mbed::SerialBase::_base_getc()
 .text._ZN4mbed10SerialBase10_base_putcEi
                0x000000000000bac0       0x10 /Users/mori/LPCXpresso/workspace/Wheelchair_main/mbed/TARGET_LPC1768/TOOLCHAIN_GCC_CR/libmbed.a(SerialBase.o)
                0x000000000000bac0                mbed::SerialBase::_base_putc(int)
 .text._ZN4mbed6Stream5closeEv
                0x000000000000bad0        0x4 /Users/mori/LPCXpresso/workspace/Wheelchair_main/mbed/TARGET_LPC1768/TOOLCHAIN_GCC_CR/libmbed.a(Stream.o)
                0x000000000000bad0                mbed::Stream::close()
 .text._ZN4mbed6Stream5writeEPKvj
                0x000000000000bad4       0x30 /Users/mori/LPCXpresso/workspace/Wheelchair_main/mbed/TARGET_LPC1768/TOOLCHAIN_GCC_CR/libmbed.a(Stream.o)
                0x000000000000bad4                mbed::Stream::write(void const*, unsigned int)
 .text._ZN4mbed6Stream4readEPvj
                0x000000000000bb04       0x30 /Users/mori/LPCXpresso/workspace/Wheelchair_main/mbed/TARGET_LPC1768/TOOLCHAIN_GCC_CR/libmbed.a(Stream.o)
                0x000000000000bb04                mbed::Stream::read(void*, unsigned int)
 .text._ZN4mbed6Stream5lseekEli
                0x000000000000bb34        0x4 /Users/mori/LPCXpresso/workspace/Wheelchair_main/mbed/TARGET_LPC1768/TOOLCHAIN_GCC_CR/libmbed.a(Stream.o)
                0x000000000000bb34                mbed::Stream::lseek(long, int)
 .text._ZN4mbed6Stream6isattyEv
                0x000000000000bb38        0x4 /Users/mori/LPCXpresso/workspace/Wheelchair_main/mbed/TARGET_LPC1768/TOOLCHAIN_GCC_CR/libmbed.a(Stream.o)
                0x000000000000bb38                mbed::Stream::isatty()
 .text._ZN4mbed6Stream5fsyncEv
                0x000000000000bb3c        0x4 /Users/mori/LPCXpresso/workspace/Wheelchair_main/mbed/TARGET_LPC1768/TOOLCHAIN_GCC_CR/libmbed.a(Stream.o)
                0x000000000000bb3c                mbed::Stream::fsync()
 .text._ZN4mbed6Stream4flenEv
                0x000000000000bb40        0x4 /Users/mori/LPCXpresso/workspace/Wheelchair_main/mbed/TARGET_LPC1768/TOOLCHAIN_GCC_CR/libmbed.a(Stream.o)
                0x000000000000bb40                mbed::Stream::flen()
 .text._ZN4mbed6StreamD2Ev
                0x000000000000bb44       0x24 /Users/mori/LPCXpresso/workspace/Wheelchair_main/mbed/TARGET_LPC1768/TOOLCHAIN_GCC_CR/libmbed.a(Stream.o)
                0x000000000000bb44                mbed::Stream::~Stream()
                0x000000000000bb44                mbed::Stream::~Stream()
 .text._ZThn4_N4mbed6StreamD1Ev
                0x000000000000bb68        0x8 /Users/mori/LPCXpresso/workspace/Wheelchair_main/mbed/TARGET_LPC1768/TOOLCHAIN_GCC_CR/libmbed.a(Stream.o)
                0x000000000000bb68                non-virtual thunk to mbed::Stream::~Stream()
 .text._ZN4mbed6StreamD0Ev
                0x000000000000bb70       0x14 /Users/mori/LPCXpresso/workspace/Wheelchair_main/mbed/TARGET_LPC1768/TOOLCHAIN_GCC_CR/libmbed.a(Stream.o)
                0x000000000000bb70                mbed::Stream::~Stream()
 .text._ZThn4_N4mbed6StreamD0Ev
                0x000000000000bb84        0x8 /Users/mori/LPCXpresso/workspace/Wheelchair_main/mbed/TARGET_LPC1768/TOOLCHAIN_GCC_CR/libmbed.a(Stream.o)
                0x000000000000bb84                non-virtual thunk to mbed::Stream::~Stream()
 .text._ZN4mbed6StreamC2EPKc
                0x000000000000bb8c       0x44 /Users/mori/LPCXpresso/workspace/Wheelchair_main/mbed/TARGET_LPC1768/TOOLCHAIN_GCC_CR/libmbed.a(Stream.o)
                0x000000000000bb8c                mbed::Stream::Stream(char const*)